12-28 13:54:13.893   993  1495 W WifiProJNI: poll before: g_monitor_fd =182
12-28 13:54:13.893   993  1497 I HuaweiWifiWatchdogStateMachine: spd good count:0, add sc:0.0, rate:1.0
12-28 13:54:13.893   993  1497 I HuaweiWifiWatchdogStateMachine: current mHighDataFlowRate = 1.0
12-28 13:54:13.893   993  1497 I HuaweiWifiWatchdogStateMachine: POta txb txg rxg:0, 20, 0. Lr =0% Totpkt=20
12-28 13:54:13.893   993   993 I QosMonitor: resetRtt: rtt_type = 3
12-28 13:54:13.893   993   993 I WifiProJNI: ######### RESET RTT:3 ########
12-28 13:54:13.893   993   993 I WifiProJNI: ######### CMD_QUERY_PKTS ########
12-28 13:54:13.894   993  1495 I QosMonitor: postEventFromNative: msg=100,arg1=0,arg2=9
12-28 13:54:13.894   993  1495 W WifiProJNI: poll before: g_monitor_fd =182
12-28 13:54:13.896   993  1497 I HuaweiWifiWatchdogStateMachine: PTcp RTT:0, rtt pkt=0, tcp_rx=10, tcp_tx=13, tcp_reTran=0, rtRate=0
12-28 13:54:13.896   993  1497 I HuaweiWifiWatchdogStateMachine: rs ota tcp lr rttvb bad: false, false, false, false, false; rsth:-75
12-28 13:54:13.896   993  1497 I HuaweiWifiWatchdogStateMachine:  pkt chk not bad, reset sc to 0.
12-28 13:54:13.965  1576  1576 I NetworkSpeedManagerEx: mIsStop = false
12-28 13:54:13.966  1576  1576 I NetworkSpeedManagerEx:  value = 1207.3334
12-28 13:54:13.967  1576  1576 I NetworkSpeedManagerEx: speed = 1.2K/s
12-28 13:54:13.967  1576  1576 I NetworkSpeedView: /update(), speed=1.2K/s
12-28 13:54:13.972   993  1583 E HsmCoreServiceImpl: onTransact in code is: 102
12-28 13:54:13.972   993  1583 I MediaProcessHandler: processOp opType: 1, uid: 10158, pid: 12815
12-28 13:54:13.972   993  1583 W MediaProcessHandler: remove target not exist, maybe the UI process: uid: 10158, pid: 12815
12-28 13:54:13.981  1576  1576 W View    : requestLayout() improperly called by com.android.systemui.statusbar.phone.IconMerger{de50a0a V.E...... ......I. 0,0-225,60 #7f1000e8 app:id/notificationIcons} during layout: running second layout pass
12-28 13:54:14.027   364   492 I gralloc : Alloc req: dev=0x7f8f8c2540, w=16, h=16, format=0x1, usage=0x100
12-28 13:54:14.027   364   492 I gralloc : Alloc handle(0x7f79604500): interfmt=0x1, stride=64, size=4096
12-28 13:54:14.028 17277 17290 E linker  : readlink('/proc/self/fd/23') failed: Permission denied [fd=23]
12-28 13:54:14.028 17277 17290 E linker  : warning: unable to get realpath for the library "/system/lib64/hw/gralloc.hi3650.so". Will use given name.
12-28 13:54:14.031   364   421 I gralloc : Free handle(0x7f79604500)
12-28 13:54:14.051 17277 17277 W System  : ClassLoader referenced unknown path: /system/app/DocumentsUI/lib/arm64
12-28 13:54:14.085  2241  4322 I PgedBinderListener: kstate callback type:8 value1=16320 value2=KILLED
12-28 13:54:14.094 16667 16821 E IntentOperationSvc: Failed to instantiate Chimera operation impl, dropping operation
12-28 13:54:14.106  2241  2256 I PgedBinderListener: kstate callback type:8 value1=16421 value2=KILLED
12-28 13:54:14.109  2241  2254 I PgedBinderListener: kstate callback type:8 value1=16320 value2=KILLED
12-28 13:54:14.110   364  2123 I gralloc : Alloc req: dev=0x7f8f8c2540, w=16, h=16, format=0x1, usage=0x100
12-28 13:54:14.110   364  2123 I gralloc : Alloc handle(0x7f7970d500): interfmt=0x1, stride=64, size=4096
12-28 13:54:14.114 17294 17307 E linker  : readlink('/proc/self/fd/23') failed: Permission denied [fd=23]
12-28 13:54:14.115 17294 17307 E linker  : warning: unable to get realpath for the library "/system/lib64/hw/gralloc.hi3650.so". Will use given name.
12-28 13:54:14.117   364  2092 I gralloc : Free handle(0x7f7970d500)
12-28 13:54:14.121 17294 17294 W System  : ClassLoader referenced unknown path: /system/priv-app/ExternalStorageProvider/lib/arm64
12-28 13:54:14.122 16667 16667 E ChimeraRcvrProxy: Chimera module config error, dropping broadcast
12-28 13:54:14.122 16667 16667 E ChimeraRcvrProxy: com.google.android.chimera.config.InvalidConfigException: No registered Chimera receiver impl for ComponentInfo{com.google.android.gms/com.google.android.gms.nearby.settings.NearbyAppUninstallReceiver}
12-28 13:54:14.122 16667 16667 E ChimeraRcvrProxy: 	at com.google.android.chimera.container.BroadcastReceiverProxy.onReceive(:com.google.android.gms:64)
12-28 13:54:14.122 16667 16667 E ChimeraRcvrProxy: 	at android.app.ActivityThread.handleReceiver(ActivityThread.java:2788)
12-28 13:54:14.122 16667 16667 E ChimeraRcvrProxy: 	at android.app.ActivityThread.access$1800(ActivityThread.java:168)
12-28 13:54:14.122 16667 16667 E ChimeraRcvrProxy: 	at android.app.ActivityThread$H.handleMessage(ActivityThread.java:1456)
12-28 13:54:14.122 16667 16667 E ChimeraRcvrProxy: 	at android.os.Handler.dispatchMessage(Handler.java:102)
12-28 13:54:14.122 16667 16667 E ChimeraRcvrProxy: 	at android.os.Looper.loop(Looper.java:150)
12-28 13:54:14.122 16667 16667 E ChimeraRcvrProxy: 	at android.app.ActivityThread.main(ActivityThread.java:5665)
12-28 13:54:14.122 16667 16667 E ChimeraRcvrProxy: 	at java.lang.reflect.Method.invoke(Native Method)
12-28 13:54:14.122 16667 16667 E ChimeraRcvrProxy: 	at com.android.internal.os.ZygoteInit$MethodAndArgsCaller.run(ZygoteInit.java:822)
12-28 13:54:14.122 16667 16667 E ChimeraRcvrProxy: 	at com.android.internal.os.ZygoteInit.main(ZygoteInit.java:712)
12-28 13:54:14.127  4290  4290 I DownloadManager: enter DownloadReceiver::onReceive(action:android.intent.action.UID_REMOVED intent:Intent { act=android.intent.action.UID_REMOVED flg=0x4000010 cmp=com.android.providers.downloads/.DownloadReceiver (has extras) })
12-28 13:54:14.182   993  2271 E HsmCoreServiceImpl: onTransact in code is: 102
12-28 13:54:14.182   993  2271 I MediaProcessHandler: processOp opType: 1, uid: 10056, pid: 16421
12-28 13:54:14.182   993  2271 W MediaProcessHandler: remove target not exist, maybe the UI process: uid: 10056, pid: 16421
12-28 13:54:14.202  2241  4322 I PgedBinderListener: kstate callback type:8 value1=16452 value2=KILLED
12-28 13:54:14.202   993  2274 E HsmCoreServiceImpl: onTransact in code is: 102
12-28 13:54:14.203   993  2274 W MediaProcessHandler: processOp uid 1000 is not concerned!
12-28 13:54:14.207   364   419 I gralloc : Alloc req: dev=0x7f8f8c2540, w=16, h=16, format=0x1, usage=0x100
12-28 13:54:14.207   364   419 I gralloc : Alloc handle(0x7f799c7000): interfmt=0x1, stride=64, size=4096
12-28 13:54:14.210 17310 17323 E linker  : readlink('/proc/self/fd/23') failed: Permission denied [fd=23]
12-28 13:54:14.210 17310 17323 E linker  : warning: unable to get realpath for the library "/system/lib64/hw/gralloc.hi3650.so". Will use given name.
12-28 13:54:14.215   364  2123 I gralloc : Free handle(0x7f799c7000)
12-28 13:54:14.229 17310 17310 W System  : ClassLoader referenced unknown path: /system/priv-app/Shell/lib/arm64
12-28 13:54:14.291   993  1078 E HsmCoreServiceImpl: onTransact in code is: 102
12-28 13:54:14.291   993  1078 W MediaProcessHandler: processOp uid 1000 is not concerned!
12-28 13:54:14.429 16667 16934 I Icing   : updateResources: need to parse pmu{com.google.android.gms}
12-28 13:54:14.580  1576  1576 W View    : requestLayout() improperly called by com.android.systemui.statusbar.phone.IconMerger{de50a0a V.E...... ........ 0,0-225,60 #7f1000e8 app:id/notificationIcons} during second layout pass: posting in next frame
12-28 13:54:14.606 16667 16934 I Icing   : Removing corpus key A40D59232EFF954068B1E5A2F7A30B8460B431D9 for package com.google.android.gms
12-28 13:54:14.617 16667 16934 I SendBroadcastPermission: action:com.google.android.gms.icing.IME_NOTIFICATION, mPermissionType:0
12-28 13:54:14.619 16667 16934 I SendBroadcastPermission: action:com.google.android.gms.icing.IME_NOTIFICATION, mPermissionType:0
12-28 13:54:14.625 16667 16934 I SendBroadcastPermission: action:com.google.android.gms.icing.IME_NOTIFICATION, mPermissionType:0
12-28 13:54:14.631 16667 16934 I SendBroadcastPermission: action:com.google.android.gms.icing.IME_NOTIFICATION, mPermissionType:0
12-28 13:54:14.633 16667 16934 I SendBroadcastPermission: action:com.google.android.gms.icing.IME_NOTIFICATION, mPermissionType:0
12-28 13:54:14.635 16667 16934 I SendBroadcastPermission: action:com.google.android.gms.icing.IME_NOTIFICATION, mPermissionType:0
12-28 13:54:14.637 16667 16934 I SendBroadcastPermission: action:com.google.android.gms.icing.IME_NOTIFICATION, mPermissionType:0
12-28 13:54:14.639 16667 16934 I SendBroadcastPermission: action:com.google.android.gms.icing.IME_NOTIFICATION, mPermissionType:0
12-28 13:54:14.641 16667 16934 I SendBroadcastPermission: action:com.google.android.gms.icing.IME_NOTIFICATION, mPermissionType:0
12-28 13:54:14.725  1723  1723 I wpa_supplicant: wlan0: HEART-BEAT-ACK: 439
12-28 13:54:14.725   993  1891 W WifiMonitor: couldn't identify event type - HEART-BEAT-ACK: 439
12-28 13:54:14.836   993  1003 I art     : GC statistics: 1 time(s), freed 40689(3MB) objects, paused 1.450ms total 26.181ms
12-28 13:54:14.836   993  1003 I art     : Background partial concurrent mark sweep GC freed 48739(3MB) AllocSpace objects, 3(64KB) LOS objects, 6% free, 55MB/59MB, paused 1.784ms total 217.293ms at HeapTaskDaemon thread CareAboutPauseTimes 1
12-28 13:54:14.873   993   993 I TrafficMonitor: expired arrive. level:-1
12-28 13:54:14.873   993   993 I TrafficMonitor: during_ms:2001,period_ms:2000
12-28 13:54:14.873   993   993 I TrafficMonitor: count:284,rx_sum:8,tx_sum:11,rxBytes:1051,during_ms:2001,rx_speed:525.2373813093453,tx_speed:931.5342328835583,rto:0.7272727272727273
12-28 13:54:15.009   364  2092 I gralloc : Alloc req: dev=0x7f8f8c2540, w=16, h=16, format=0x1, usage=0x100
12-28 13:54:15.009   364  2092 I gralloc : Alloc handle(0x7f7970d500): interfmt=0x1, stride=64, size=4096
12-28 13:54:15.010 17327 17340 E linker  : readlink('/proc/self/fd/22') failed: Permission denied [fd=22]
12-28 13:54:15.010 17327 17340 E linker  : warning: unable to get realpath for the library "/system/lib/hw/gralloc.hi3650.so". Will use given name.
12-28 13:54:15.011   364   419 I gralloc : Free handle(0x7f7970d500)
12-28 13:54:15.065 17360 17360 E dex2oat : Failed to create oat file: /data/dalvik-cache/arm/data@app@com.alibaba.android.rimet-2@base.apk@classes.dex: Permission denied
12-28 13:54:15.065 17360 17360 I dex2oat : dex2oat took 381.771us (threads: 4) 
12-28 13:54:15.065 17327 17327 W art     : Failed execv(/system/bin/dex2oat --runtime-arg -classpath --runtime-arg  --instruction-set=arm --instruction-set-features=smp,div,atomic_ldrd_strd --runtime-arg -Xrelocate --boot-image=/system/framework/boot.art --runtime-arg -Xms64m --runtime-arg -Xmx512m --instruction-set-variant=cortex-a15 --instruction-set-features=default --dex-file=/data/app/com.alibaba.android.rimet-2/base.apk --oat-file=/data/dalvik-cache/arm/data@app@com.alibaba.android.rimet-2@base.apk@classes.dex) because non-0 exit status
12-28 13:54:15.875   993   993 I TrafficMonitor: update:rxPkts:3,txPkts:3,rxBytes:667,txBytes:120
12-28 13:54:15.875   993   993 I TrafficMonitor: start expired. level:-1
12-28 13:54:15.876   993   993 I TrafficMonitor: gettimer:interval=2000
12-28 13:54:15.912 17327 17337 I art     : humin current process: com.alibaba.android.rimet:channel
12-28 13:54:15.915 17327 17327 E performance: smartdex install take time = 7
12-28 13:54:15.919 17327 17327 E performance: skipCreate
12-28 13:54:15.919 17327 17327 E performance: application oncreate take time isMainProcess false 2
12-28 13:54:15.945 16667 16934 I Icing   : Internal init done: storage state 0
12-28 13:54:15.955 16667 16936 E WorkSourceUtil: Could not find package: com.koudle.andyogaexample
12-28 13:54:15.959 16667 16934 I Icing   : Post-init done
12-28 13:54:15.960 16667 16934 I Icing   : Indexing A40D59232EFF954068B1E5A2F7A30B8460B431D9 from com.google.android.gms
12-28 13:54:16.089  2241  3244 I ash     : start clean protect apps
12-28 13:54:16.095  2241  3244 I ash     : clean protect apps :[com.sina.weibo, com.sankuai.meituan.takeoutnew, com.eg.android.AlipayGphone, com.huawei.gamebox, com.alibaba.mobileim, com.huawei.remoteassistant, com.tencent.mm, com.android.chrome, com.google.android.apps.maps, com.baidu.BaiduMap, com.huawei.phonediagnose, com.sankuai.meituan, im.yixin, com.netease.cloudmusic, com.dianping.v1]
12-28 13:54:16.101  2241  3244 I ash     : clean unprotect apps :[com.huawei.android.ds, com.ximalaya.ting.android, com.huawei.appmarket, com.baidu.patient, com.hundsun.stockwinner.zxzq, com.autonavi.minimap, cn.wps.moffice_eng, com.huawei.android.airsharing, com.lenka, com.android.calculator2, com.MobileTicket, air.jp.ne.hap.nyadle, cmb.pb, com.huawei.KoBackup, com.ub.main, com.example.koudleren.canvasview, com.tencent.android.qqdownloader, com.rytong.app.bankhx, com.gelonghui.glhapp, com.tencent.mobileqq, com.nuance.swype.emui, com.unionpay, org.mopria.printplugin, com.csair.mbp, cn.amazon.mShop.android, air.jp.ne.hap.kurukuru, com.wuba.jiazheng, com.akazam.android.wlandialer, com.besttone.hall, air.jp.ne.hap.ushiro, air.jp.ne.hap.fk, com.brandbigdata.ustock, com.netease.newsreader.activity, com.umetrip.android.msky.app, com.android.vending, air.jp.ne.hap.toast, com.huawei.phoneservice, com.baidu.lbs.waimai, com.zhihu.android, ctrip.android.view, com.kaola, com.tencent.minigame8, com.spdbccc.app, air.jp.ne.hap.chase, com.google.android.youtube, com.microsoft.office.onenote, com.koudai.weishop, com.jingdong.app.mall, com.huawei.hidisk, com.google.android.inputmethod.japanese, com.ct.client, com.htinns, com.huawei.wallet, com.huajiao, com.shanbay.words, com.tc.cm, tv.danmaku.bili, com.xueqiu.android, com.telecom.video.ikan4g, com.taobao.taobao, chinatelecom.mwallet, com.alibaba.wireless, com.huawei.fans, com.taobao.etao, com.cmbchina.ccd.pluto.cmbActivity, com.youku.phone, me.ele, air.jp.ne.hap.captain, com.alibaba.android.rimet, com.koudai.weidian.buyer, com.mobike.mobikeapp, com.taptap, com.huawei.android.thememanager, com.unioncast.oleducation, com.tencent.now, com.taobao.trip, com.sdu.didi.psnger, com.smzdm.client.android, com.webank.wemoney, com.huawei.lives, com.tmall.wireless, com.huawei.compass, com.meelive.ingkee, air.jp.ne.hap.tdb, com.baidu.travel, com.vmall.client, com.tencent.rdm, com.tencent.rtxlite, com.sohu.inputmethod.sogou, com.togo.apps, air.jp.ne.hap.mom, com.szzc, com.ikm, cn.egame.terminal.client4g, com.longzhu.tga, com.pdager, com.rytong.ceair, com.hexin.plat.android, com.eastmoney.android.berlin, air.jp.ne.hap.sbc]
12-28 13:54:16.321 16823 16998 W beacon  : startQuery: query times or query success times arrive max, return!
12-28 13:54:16.345   993  2274 I SendBroadcastPermission: action:android.intent.action.SIG_STR, mPermissionType:0
12-28 13:54:16.349  1576  1633 I HwMobileSignalController: subId:1 phoneType:1 networktype:2 targetClass:1 masterLevel:3 slaveLevel:-1
12-28 13:54:16.700  4001  4047 I PhoneStepDataManager: 10128302|REPORT_TIMES_PRIVATE=41,REPORT_TIMES_STANDARD=41
12-28 13:54:16.833   993  1451 E WifiConfigStore: updateConfiguration freq=5765 BSSID=64:f6:9d:39:c9:ce RSSI=-53 "Tencent-StaffWiFi"NONE
12-28 13:54:16.968  1576  1576 I NetworkSpeedManagerEx: mIsStop = false
12-28 13:54:16.970  1576  1576 I NetworkSpeedManagerEx:  value = 26.666666
12-28 13:54:16.972  1576  1576 I NetworkSpeedManagerEx: speed = 27B/s
12-28 13:54:16.972  1576  1576 I NetworkSpeedView: /update(), speed=27B/s
12-28 13:54:16.980  1576  1576 W View    : requestLayout() improperly called by com.android.systemui.statusbar.phone.IconMerger{de50a0a V.E...... ......I. 0,0-225,60 #7f1000e8 app:id/notificationIcons} during layout: running second layout pass
12-28 13:54:17.298   530   530 E Thermal-daemon: [charger_ic] temp_new :35  temp_old :34
12-28 13:54:17.298   530   530 E Thermal-daemon: Report temperature: [charger_ic] temp :35  report_threshold:1
12-28 13:54:17.299   530   530 E Thermal-daemon: [flash_led] temp_new :36  temp_old :35
12-28 13:54:17.299   530   530 E Thermal-daemon: Report temperature: [flash_led] temp :36  report_threshold:1
12-28 13:54:17.301   530   530 E Thermal-daemon: [ap] temp_new :36  temp_old :35
12-28 13:54:17.301   530   530 E Thermal-daemon: Report temperature: [ap] temp :36  report_threshold:1
12-28 13:54:17.301  2241  3242 W ThermalStateManager: warning: no config thermal type:3 temperature:36
12-28 13:54:17.345  4001  4001 I PhoneStepDataManager: 10128302|onSensorChanged mSensorTotalSteps: 1522 1
12-28 13:54:17.483   993  1003 I art     : Background partial concurrent mark sweep GC freed 20867(1651KB) AllocSpace objects, 0(0B) LOS objects, 6% free, 55MB/59MB, paused 1.665ms total 190.852ms at HeapTaskDaemon thread CareAboutPauseTimes 1
12-28 13:54:17.594  1576  1576 W View    : requestLayout() improperly called by com.android.systemui.statusbar.phone.IconMerger{de50a0a V.E...... ........ 0,0-225,60 #7f1000e8 app:id/notificationIcons} during second layout pass: posting in next frame
12-28 13:54:17.846  8380  8380 I SendBroadcastPermission: action:com.huawei.action_MOTIONRECOGNITION, mPermissionType:0
12-28 13:54:17.850  8380  8380 I SendBroadcastPermission: action:com.huawei.action_MOTIONRECOGNITION_EX, mPermissionType:0
12-28 13:54:17.851  4001  4047 I MotionProxyOperator: 10128302|notifyMotionRecoResult() recoMsg: motionType: 1101   recoResult: 1  pMRes.mMotionExtras :Bundle[mParcelledData.dataSize=156]
12-28 13:54:17.851  4001  4047 I SensorHubStepCounter: 10128302|notifyMotionRecoResult() motionType = 1101 recoResult = 1 motionDirection = 0
12-28 13:54:17.852  4001  4047 I SensorHubStepCounter: 10128302|notifyMotionRecoResult() data1 = :[0] data2 = [0] data3 = [5]
12-28 13:54:17.853  4001  4047 I PhoneStepDataManager: 10128302|onStepData() System.currentTimeMillis() = 1482904457853 data0 = 1482904458000, data = [0] data1 = [0] data2 = [5]
12-28 13:54:17.877   993   993 I TrafficMonitor: update:rxPkts:1,txPkts:2,rxBytes:44,txBytes:84
12-28 13:54:17.878   993   993 I TrafficMonitor: start expired. level:-1
12-28 13:54:17.878   993   993 I TrafficMonitor: gettimer:interval=2000
12-28 13:54:18.839  2258  2270 I art     : discard a ConcurrentGC, because GetBytesAllocated(16171792) is smaller than concurrent_start_bytes_(18630064)
12-28 13:54:18.977   993  1003 I art     : discard a ConcurrentGC, because GetBytesAllocated(59364144) is smaller than concurrent_start_bytes_(62354896)
12-28 13:54:19.023 16667 16675 W SQLiteConnectionPool: A SQLiteConnection object for database '/data/user/0/com.google.android.gms/databases/metrics.db' was leaked!  Please fix your application to end transactions in progress properly and to close the database when it is no longer needed.
12-28 13:54:19.023 16667 16675 W SQLiteConnectionPool: A SQLiteConnection object for database '/data/user/0/com.google.android.gms/databases/help_responses.db' was leaked!  Please fix your application to end transactions in progress properly and to close the database when it is no longer needed.
12-28 13:54:19.026 16667 16675 W SQLiteConnectionPool: A SQLiteConnection object for database '/data/user/0/com.google.android.gms/databases/auto_complete_suggestions.db' was leaked!  Please fix your application to end transactions in progress properly and to close the database when it is no longer needed.
12-28 13:54:19.267 16667 16934 W Icing   : CLD2 bad utf8
12-28 13:54:19.273 16667 16934 W Icing   : CLD2 bad utf8
12-28 13:54:19.306   993  2079 I SendBroadcastPermission: action:android.intent.action.SIG_STR, mPermissionType:0
12-28 13:54:19.311  1576  1633 I HwMobileSignalController: subId:0 phoneType:2 networktype:13 targetClass:3 masterLevel:3 slaveLevel:4
12-28 13:54:19.843   993  1451 E WifiConfigStore: updateConfiguration freq=5765 BSSID=64:f6:9d:39:c9:ce RSSI=-55 "Tencent-StaffWiFi"NONE
12-28 13:54:19.879   993   993 I TrafficMonitor: update:rxPkts:0,txPkts:0,rxBytes:0,txBytes:0
12-28 13:54:19.879   993   993 I TrafficMonitor: start expired. level:-1
12-28 13:54:19.879   993   993 I TrafficMonitor: gettimer:interval=2000
12-28 13:54:19.946  2258  2270 I art     : discard a ConcurrentGC, because GetBytesAllocated(17747792) is smaller than concurrent_start_bytes_(18630064)
12-28 13:54:19.974  1576  1576 I NetworkSpeedManagerEx: mIsStop = false
12-28 13:54:19.977  1576  1576 I NetworkSpeedManagerEx:  value = 42.666668
12-28 13:54:19.979  1576  1576 I NetworkSpeedManagerEx: speed = 43B/s
12-28 13:54:19.979  1576  1576 I NetworkSpeedView: /update(), speed=43B/s
12-28 13:54:20.425  2587  2904 I Bluetooth_app: HeadsetStateMachine:Disconnected process message: 10, size: 0
12-28 13:54:20.427  2278  6264 I HwPowerMonitor.PowerExceptionObservable: unhandled onEvent actionID: 3002
12-28 13:54:20.427  2278  6264 W HwPowerMonitor.DayActObserver: mModemLogStatsTimes = 0, ModemLogState = 0
12-28 13:54:20.427  2278  6264 W HwPowerMonitor.DayActObserver: BAT_CHANGED, mIsScrnOffBatStatsEnabled = true, mIsCharging = true, mIsScrnOfBatDropMonitorStart = false
12-28 13:54:20.705   993  1003 I art     : discard a ConcurrentGC, because GetBytesAllocated(60815248) is smaller than concurrent_start_bytes_(62354896)
12-28 13:54:20.876   993   993 I TrafficMonitor: expired arrive. level:-1
12-28 13:54:20.876   993   993 I TrafficMonitor: during_ms:2001,period_ms:2000
12-28 13:54:20.876   993   993 I TrafficMonitor: count:287,rx_sum:0,tx_sum:0,rxBytes:0,during_ms:2001,rx_speed:0.0,tx_speed:0.0,rto:0.0
12-28 13:54:21.301 16667 16934 W Icing   : CLD2 bad utf8
12-28 13:54:21.314 16667 16934 W Icing   : CLD2 bad utf8
12-28 13:54:21.326 16667 16934 I Icing   : doRemovePackageData com.koudle.andyogaexample
12-28 13:54:21.373 16667 16934 I Icing   : Usage reports 0 indexed 0 rejected 0 imm upload false
12-28 13:54:21.382 16667 16934 I Icing   : Usage reports 0 indexed 0 rejected 0 imm upload false
12-28 13:54:21.422 16667 16934 W Icing   : CLD2 bad utf8
12-28 13:54:21.442 16667 16934 W Icing   : CLD2 bad utf8
12-28 13:54:21.881   993   993 I TrafficMonitor: update:rxPkts:0,txPkts:0,rxBytes:0,txBytes:0
12-28 13:54:21.882   993   993 I TrafficMonitor: start expired. level:-1
12-28 13:54:21.882   993   993 I TrafficMonitor: gettimer:interval=2000
12-28 13:54:21.907   993  1451 E WifiConfigStore: updateConfiguration freq=5765 BSSID=64:f6:9d:39:c9:ce RSSI=-57 "Tencent-StaffWiFi"NONE
12-28 13:54:21.913   993   993 I QosMonitor: queryRtt: rtt_type = 3
12-28 13:54:21.913   993   993 I WifiProJNI: ######### GET RTT:3 ########
12-28 13:54:21.914   993  1495 I QosMonitor: postEventFromNative: msg=100,arg1=4,arg2=9
12-28 13:54:21.914   993  1495 W WifiProJNI: poll before: g_monitor_fd =182
12-28 13:54:21.914   993  1497 I HuaweiWifiWatchdogStateMachine: spd good count:0, add sc:0.0, rate:1.0
12-28 13:54:21.914   993  1497 I HuaweiWifiWatchdogStateMachine: current mHighDataFlowRate = 1.0
12-28 13:54:21.914   993  1497 I HuaweiWifiWatchdogStateMachine: POta txb txg rxg:0, 6, 0. Lr =0% Totpkt=6
12-28 13:54:21.914   993   993 I QosMonitor: resetRtt: rtt_type = 3
12-28 13:54:21.914   993   993 I WifiProJNI: ######### RESET RTT:3 ########
12-28 13:54:21.914   993   993 I WifiProJNI: ######### CMD_QUERY_PKTS ########
12-28 13:54:21.915   993  1495 I QosMonitor: postEventFromNative: msg=100,arg1=0,arg2=9
12-28 13:54:21.915   993  1495 W WifiProJNI: poll before: g_monitor_fd =182
12-28 13:54:21.919   993  1497 I HuaweiWifiWatchdogStateMachine: PTcp RTT:240, rtt pkt=3, tcp_rx=1, tcp_tx=2, tcp_reTran=0, rtRate=0
12-28 13:54:21.919   993  1497 I HuaweiWifiWatchdogStateMachine: rs ota tcp lr rttvb bad: false, false, false, false, false; rsth:-75
12-28 13:54:21.920   993  1497 I HuaweiWifiWatchdogStateMachine: judge good link######, goodLinkLevel=3
12-28 13:54:21.920   993  1497 I HuaweiWifiWatchdogStateMachine: sendResultMsgToQM bssid:64:f6:**:**:c9:ce, qoslevel=3
12-28 13:54:21.920   993  1497 I HuaweiWifiWatchdogStateMachine: link good reported, good base rssi:-52
12-28 13:54:21.920   993  1497 I HuaweiWifiWatchdogStateMachine:  pkt chk not bad, reset sc to 0.
12-28 13:54:22.249 16667 16934 W Icing   : CLD2 bad utf8
12-28 13:54:22.449  2258  2270 I art     : discard a ConcurrentGC, because GetBytesAllocated(16372480) is smaller than concurrent_start_bytes_(18630064)
12-28 13:54:22.858   993  1451 E WifiConfigStore: updateConfiguration freq=5765 BSSID=64:f6:9d:39:c9:ce RSSI=-58 "Tencent-StaffWiFi"NONE
12-28 13:54:22.891   993  1003 I art     : discard a ConcurrentGC, because GetBytesAllocated(61736032) is smaller than concurrent_start_bytes_(62354896)
12-28 13:54:22.982  1576  1576 I NetworkSpeedManagerEx: mIsStop = false
12-28 13:54:22.987  1576  1576 I NetworkSpeedManagerEx:  value = 0.0
12-28 13:54:22.991  1576  1576 I NetworkSpeedManagerEx: speed = 0K/s
12-28 13:54:22.992  1576  1576 I NetworkSpeedView: /update(), speed=0K/s
12-28 13:54:23.013  1576  1576 W View    : requestLayout() improperly called by com.android.systemui.statusbar.phone.IconMerger{de50a0a V.E...... ......I. 0,0-225,60 #7f1000e8 app:id/notificationIcons} during layout: running second layout pass
12-28 13:54:23.143 16667 16934 W Icing   : CLD2 bad utf8
12-28 13:54:23.156 16667 16934 W Icing   : CLD2 bad utf8
12-28 13:54:23.168 16667 16934 W Icing   : CLD2 bad utf8
12-28 13:54:23.883   993   993 I TrafficMonitor: update:rxPkts:0,txPkts:0,rxBytes:0,txBytes:0
12-28 13:54:23.883   993   993 I TrafficMonitor: start expired. level:-1
12-28 13:54:23.883   993   993 I TrafficMonitor: gettimer:interval=2000
12-28 13:54:24.064  2258  2270 I art     : discard a ConcurrentGC, because GetBytesAllocated(17952048) is smaller than concurrent_start_bytes_(18630064)
12-28 13:54:25.087 16667 16934 W Icing   : CLD2 bad utf8
12-28 13:54:25.310   993  2209 I SendBroadcastPermission: action:android.intent.action.SIG_STR, mPermissionType:0
12-28 13:54:25.314  1576  1633 I HwMobileSignalController: subId:0 phoneType:2 networktype:13 targetClass:3 masterLevel:3 slaveLevel:4
12-28 13:54:25.484 16667 16934 W Icing   : CLD2 bad utf8
12-28 13:54:25.880   993  1451 E WifiConfigStore: updateConfiguration freq=5765 BSSID=64:f6:9d:39:c9:ce RSSI=-58 "Tencent-StaffWiFi"NONE
12-28 13:54:25.886   993   993 I TrafficMonitor: update:rxPkts:0,txPkts:0,rxBytes:0,txBytes:0
12-28 13:54:25.886   993   993 I TrafficMonitor: start expired. level:-1
12-28 13:54:25.886   993   993 I TrafficMonitor: gettimer:interval=2000
12-28 13:54:25.994  1576  1576 I NetworkSpeedManagerEx: mIsStop = false
12-28 13:54:25.996  1576  1576 I NetworkSpeedManagerEx:  value = 0.0
12-28 13:54:25.998  1576  1576 I NetworkSpeedManagerEx: speed = 0K/s
12-28 13:54:25.998  1576  1576 I NetworkSpeedView: /update(), speed=0K/s
12-28 13:54:26.010  1576  1576 W View    : requestLayout() improperly called by com.android.systemui.statusbar.phone.IconMerger{de50a0a V.E...... ........ 0,0-225,60 #7f1000e8 app:id/notificationIcons} during second layout pass: posting in next frame
12-28 13:54:26.116   993  1003 I art     : discard a ConcurrentGC, because GetBytesAllocated(59185904) is smaller than concurrent_start_bytes_(62354896)
12-28 13:54:26.339  2258  2270 I art     : discard a ConcurrentGC, because GetBytesAllocated(16572688) is smaller than concurrent_start_bytes_(18630064)
12-28 13:54:26.609 16667 16934 W Icing   : CLD2 bad utf8
12-28 13:54:26.882   993   993 I TrafficMonitor: expired arrive. level:-1
12-28 13:54:26.882   993   993 I TrafficMonitor: during_ms:2003,period_ms:2000
12-28 13:54:26.882   993   993 I TrafficMonitor: count:290,rx_sum:0,tx_sum:0,rxBytes:0,during_ms:2003,rx_speed:0.0,tx_speed:0.0,rto:0.0
12-28 13:54:27.308   530   530 E Thermal-daemon: [flash_led] temp_new :35  temp_old :36
12-28 13:54:27.310   530   530 E Thermal-daemon: Report temperature: [flash_led] temp :35  report_threshold:1
12-28 13:54:27.311   530   530 E Thermal-daemon: [ap] temp_new :35  temp_old :36
12-28 13:54:27.311   530   530 E Thermal-daemon: Report temperature: [ap] temp :35  report_threshold:1
12-28 13:54:27.312  2241  3242 W ThermalStateManager: warning: no config thermal type:3 temperature:35
12-28 13:54:27.789 16667 16934 W Icing   : CLD2 bad utf8
12-28 13:54:27.801 16667 16934 W Icing   : CLD2 bad utf8
12-28 13:54:27.887   993   993 I TrafficMonitor: update:rxPkts:0,txPkts:0,rxBytes:0,txBytes:0
12-28 13:54:27.887   993   993 I TrafficMonitor: start expired. level:-1
12-28 13:54:27.887   993   993 I TrafficMonitor: gettimer:interval=2000
12-28 13:54:28.227   993  1003 I art     : GC statistics: 1 time(s), freed 59043(3MB) objects, paused 4.451ms total 58.606ms
12-28 13:54:28.227   993  1003 I art     : Background partial concurrent mark sweep GC freed 29022(1569KB) AllocSpace objects, 0(0B) LOS objects, 6% free, 55MB/59MB, paused 2.083ms total 214.543ms at HeapTaskDaemon thread CareAboutPauseTimes 1
12-28 13:54:28.890   993  1451 E WifiConfigStore: updateConfiguration freq=5765 BSSID=64:f6:9d:39:c9:ce RSSI=-58 "Tencent-StaffWiFi"NONE
12-28 13:54:29.002  1576  1576 I NetworkSpeedManagerEx: mIsStop = false
12-28 13:54:29.004  1576  1576 I NetworkSpeedManagerEx:  value = 0.0
12-28 13:54:29.004  1576  1576 I NetworkSpeedManagerEx: speed = 0K/s
12-28 13:54:29.004  1576  1576 I NetworkSpeedView: /update(), speed=0K/s
12-28 13:54:29.100  2258  2270 I art     : discard a ConcurrentGC, because GetBytesAllocated(16234960) is smaller than concurrent_start_bytes_(18707408)
12-28 13:54:29.735  1723  1723 I wpa_supplicant: wlan0: HEART-BEAT-ACK: 440
12-28 13:54:29.737   993  1891 W WifiMonitor: couldn't identify event type - HEART-BEAT-ACK: 440
12-28 13:54:29.891   993   993 I TrafficMonitor: update:rxPkts:0,txPkts:0,rxBytes:0,txBytes:0
12-28 13:54:29.891   993   993 I TrafficMonitor: start expired. level:-1
12-28 13:54:29.891   993   993 I TrafficMonitor: gettimer:interval=2000
12-28 13:54:29.914   993  1451 E WifiConfigStore: updateConfiguration freq=5765 BSSID=64:f6:9d:39:c9:ce RSSI=-58 "Tencent-StaffWiFi"NONE
12-28 13:54:29.918   993   993 I QosMonitor: queryRtt: rtt_type = 3
12-28 13:54:29.918   993   993 I WifiProJNI: ######### GET RTT:3 ########
12-28 13:54:29.919   993  1497 I HuaweiWifiWatchdogStateMachine: spd good count:0, add sc:0.0, rate:1.0
12-28 13:54:29.919   993  1497 I HuaweiWifiWatchdogStateMachine: current mHighDataFlowRate = 1.0
12-28 13:54:29.919   993  1497 I HuaweiWifiWatchdogStateMachine: not any pkt, ignore this period chk result.
12-28 13:54:29.919   993  1495 I QosMonitor: postEventFromNative: msg=100,arg1=4,arg2=9
12-28 13:54:29.919   993  1495 W WifiProJNI: poll before: g_monitor_fd =182
12-28 13:54:30.339   993  1003 I art     : discard a ConcurrentGC, because GetBytesAllocated(59517200) is smaller than concurrent_start_bytes_(62397360)
12-28 13:54:30.601  2258  2270 I art     : discard a ConcurrentGC, because GetBytesAllocated(17768032) is smaller than concurrent_start_bytes_(18707408)
12-28 13:54:30.768 17369 17369 I appproc : CLASSPATH=/system/framework/pm.jar
12-28 13:54:30.768 17369 17369 I appproc : Command=app_process /system/bin com.android.commands.pm.Pm list users 
12-28 13:54:30.784 17369 17369 I AndroidRuntime: readDownloadBoosterConfig: 'false'
12-28 13:54:30.836 17369 17369 I HWSERVICES: hwnative_get_component_register:libdrmbitmap,JNI
12-28 13:54:30.844 17369 17369 I         : power log dlsym ok
12-28 13:54:30.845 17369 17369 I Radio-JNI: register_android_hardware_Radio DONE
12-28 13:54:30.853 17369 17369 I android_hardware_fm.cpp: register_android_hardware_fm_fmradio
12-28 13:54:30.853 17369 17369 I android_hardware_fm.cpp: ========64bit long size = 8
12-28 13:54:30.853 17369 17369 I android_hardware_fm.cpp: FM: get chip type = bcm43xx
12-28 13:54:30.855 17369 17369 E fm_if.c : find the id:fm and begins to open the devices
12-28 13:54:30.855 17369 17369 I android_hardware_fm.cpp: register_android_hardware_fm_fmradio, ret is 0
12-28 13:54:30.880 17369 17369 I art     : System.exit called, status: 0
12-28 13:54:30.880 17369 17369 I AndroidRuntime: VM exiting with result code 0.
12-28 13:54:30.894 16667 16934 W Icing   : CLD2 bad utf8
12-28 13:54:30.927   993  2244 I PackageManager: Start dump, calling from : pid=17380, uid=2000
12-28 13:54:31.178 17382 17382 I appproc : CLASSPATH=/system/framework/pm.jar
12-28 13:54:31.178 17382 17382 I appproc : Command=app_process /system/bin com.android.commands.pm.Pm list users 
12-28 13:54:31.181 17382 17382 I AndroidRuntime: readDownloadBoosterConfig: 'false'
12-28 13:54:31.212 17382 17382 I HWSERVICES: hwnative_get_component_register:libdrmbitmap,JNI
12-28 13:54:31.216 17382 17382 I         : power log dlsym ok
12-28 13:54:31.217 17382 17382 I Radio-JNI: register_android_hardware_Radio DONE
12-28 13:54:31.223 17382 17382 I android_hardware_fm.cpp: register_android_hardware_fm_fmradio
12-28 13:54:31.223 17382 17382 I android_hardware_fm.cpp: ========64bit long size = 8
12-28 13:54:31.223 17382 17382 I android_hardware_fm.cpp: FM: get chip type = bcm43xx
12-28 13:54:31.224 17382 17382 E fm_if.c : find the id:fm and begins to open the devices
12-28 13:54:31.224 17382 17382 I android_hardware_fm.cpp: register_android_hardware_fm_fmradio, ret is 0
12-28 13:54:31.238 17382 17382 I art     : System.exit called, status: 0
12-28 13:54:31.238 17382 17382 I AndroidRuntime: VM exiting with result code 0.
12-28 13:54:31.310   993  1583 I SendBroadcastPermission: action:android.intent.action.SIG_STR, mPermissionType:0
12-28 13:54:31.314  1576  1633 I HwMobileSignalController: subId:0 phoneType:2 networktype:13 targetClass:3 masterLevel:3 slaveLevel:4
12-28 13:54:31.694   993  1003 I art     : discard a ConcurrentGC, because GetBytesAllocated(60314784) is smaller than concurrent_start_bytes_(62397360)
12-28 13:54:31.895   993   993 I TrafficMonitor: update:rxPkts:0,txPkts:0,rxBytes:0,txBytes:0
12-28 13:54:31.895   993   993 I TrafficMonitor: start expired. level:-1
12-28 13:54:31.895   993   993 I TrafficMonitor: gettimer:interval=2000
12-28 13:54:31.905   993  1451 E WifiConfigStore: updateConfiguration freq=5765 BSSID=64:f6:9d:39:c9:ce RSSI=-59 "Tencent-StaffWiFi"NONE
12-28 13:54:31.956 16667 16934 I Icing   : Indexing A0FB0B5A509B0B5C9CE44D80D82034D2AEEF28DA from com.google.android.gms
12-28 13:54:32.006  1576  1576 I NetworkSpeedManagerEx: mIsStop = false
12-28 13:54:32.011  1576  1576 I NetworkSpeedManagerEx:  value = 0.0
12-28 13:54:32.014  1576  1576 I NetworkSpeedManagerEx: speed = 0K/s
12-28 13:54:32.014  1576  1576 I NetworkSpeedView: /update(), speed=0K/s
12-28 13:54:32.252   993  1104 I SendBroadcastPermission: action:android.net.conn.DATA_ACTIVITY_CHANGE, mPermissionType:0
12-28 13:54:32.348  4001  4001 I PhoneStepDataManager: 10128302|onSensorChanged mSensorTotalSteps: 1522 2
12-28 13:54:32.351  2241  4322 I PgedBinderListener: kstate callback type:16 value1=8380 value2=CALLED
12-28 13:54:32.694  2258  2270 I art     : discard a ConcurrentGC, because GetBytesAllocated(16464560) is smaller than concurrent_start_bytes_(18707408)
12-28 13:54:32.699  2278  2278 W PowerMonitor.PeriodCheckItem: powergenie_mode, put to hashmap: key = 1482904472698, value = 2, length = 1
12-28 13:54:32.701  2278  2278 W PowerMonitor.PeriodCheckItem: backlight, put to hashmap: key = 1482904472698, value = 1094, length = 4
12-28 13:54:32.702  2278  2278 W PowerMonitor.PeriodCheckItem: discharging, put to hashmap: key = 1482904472698, value = 342, length = 3
12-28 13:54:32.852  8380  8380 I SendBroadcastPermission: action:com.huawei.action_MOTIONRECOGNITION, mPermissionType:0
12-28 13:54:32.854  8380  8380 I SendBroadcastPermission: action:com.huawei.action_MOTIONRECOGNITION_EX, mPermissionType:0
12-28 13:54:32.856  4001  4047 I MotionProxyOperator: 10128302|notifyMotionRecoResult() recoMsg: motionType: 1101   recoResult: 1  pMRes.mMotionExtras :Bundle[mParcelledData.dataSize=156]
12-28 13:54:32.856  4001  4047 I SensorHubStepCounter: 10128302|notifyMotionRecoResult() motionType = 1101 recoResult = 1 motionDirection = 0
12-28 13:54:32.856  4001  4047 I SensorHubStepCounter: 10128302|notifyMotionRecoResult() data1 = :[0] data2 = [0] data3 = [0]
12-28 13:54:32.858  4001  4047 I PhoneStepDataManager: 10128302|onStepData() System.currentTimeMillis() = 1482904472857 data0 = 1482904473000, data = [0] data1 = [0] data2 = [0]
12-28 13:54:32.888   993   993 I TrafficMonitor: expired arrive. level:-1
12-28 13:54:32.888   993   993 I TrafficMonitor: during_ms:2004,period_ms:2000
12-28 13:54:32.888   993   993 I TrafficMonitor: count:293,rx_sum:0,tx_sum:0,rxBytes:0,during_ms:2004,rx_speed:0.0,tx_speed:0.0,rto:0.0
12-28 13:54:33.843 16667 16934 W Icing   : CLD2 bad utf8
12-28 13:54:33.897   993   993 I TrafficMonitor: update:rxPkts:0,txPkts:0,rxBytes:0,txBytes:0
12-28 13:54:33.897   993   993 I TrafficMonitor: start expired. level:-1
12-28 13:54:33.897   993   993 I TrafficMonitor: gettimer:interval=2000
12-28 13:54:33.936   993  1003 I art     : discard a ConcurrentGC, because GetBytesAllocated(61269312) is smaller than concurrent_start_bytes_(62397360)
12-28 13:54:34.003   993  1429 W AlarmManager: WAKEUP alarm trigger action = android.content.syncmanager.SYNC_ALARM elapsed = 7136850
12-28 13:54:34.242  2258  2270 I art     : discard a ConcurrentGC, because GetBytesAllocated(18003824) is smaller than concurrent_start_bytes_(18707408)
12-28 13:54:34.681 16667 16934 W Icing   : CLD2 bad utf8
12-28 13:54:34.700   993  1487 E HwCHRWifiRSSIGroupSummery: updatArpSummery mRSSI:-60  HwCHRWifiRSSIGroup [rssi_index=4, rtt_tcp_packets=0, rtt_tcp_duration=0, rtt_lan_duration=285, rtt_lan_failures=0, rtt_lan_succ=23, rtt_lan_max=24, rtt_lan_min=6]
12-28 13:54:34.919   993  1451 E WifiConfigStore: updateConfiguration freq=5765 BSSID=64:f6:9d:39:c9:ce RSSI=-58 "Tencent-StaffWiFi"NONE
12-28 13:54:35.018  1576  1576 I NetworkSpeedManagerEx: mIsStop = false
12-28 13:54:35.023  1576  1576 I NetworkSpeedManagerEx:  value = 0.0
12-28 13:54:35.027  1576  1576 I NetworkSpeedManagerEx: speed = 0K/s
12-28 13:54:35.027  1576  1576 I NetworkSpeedView: /update(), speed=0K/s
12-28 13:54:35.204 16667 16934 W Icing   : CLD2 bad utf8
12-28 13:54:35.900   993   993 I TrafficMonitor: update:rxPkts:0,txPkts:0,rxBytes:0,txBytes:0
12-28 13:54:35.900   993   993 I TrafficMonitor: start expired. level:-1
12-28 13:54:35.900   993   993 I TrafficMonitor: gettimer:interval=2000
12-28 13:54:36.016   993  1003 I art     : discard a ConcurrentGC, because GetBytesAllocated(62365328) is smaller than concurrent_start_bytes_(62397360)
12-28 13:54:36.486  2258  2270 I art     : discard a ConcurrentGC, because GetBytesAllocated(16659344) is smaller than concurrent_start_bytes_(18707408)
12-28 13:54:37.059   993  2274 I LocationManagerService: getProviders()=[passive, gps, network, local_database]
12-28 13:54:37.107   993  2209 I LocationManagerService: getProviders()=[passive, gps, network, local_database]
12-28 13:54:37.147 16667 16934 I Icing   : Indexing done A0FB0B5A509B0B5C9CE44D80D82034D2AEEF28DA
12-28 13:54:37.312   993  2153 I SendBroadcastPermission: action:android.intent.action.SIG_STR, mPermissionType:0
12-28 13:54:37.316  1576  1633 I HwMobileSignalController: subId:0 phoneType:2 networktype:13 targetClass:3 masterLevel:3 slaveLevel:4
12-28 13:54:37.318   530   530 E Thermal-daemon: [flash_led] temp_new :36  temp_old :35
12-28 13:54:37.318   530   530 E Thermal-daemon: Report temperature: [flash_led] temp :36  report_threshold:1
12-28 13:54:37.321  2241  3242 W ThermalStateManager: warning: no config thermal type:3 temperature:36
12-28 13:54:37.345  4001  4001 I PhoneStepDataManager: 10128302|onSensorChanged mSensorTotalSteps: 1522 3
12-28 13:54:37.848  8380  8380 I SendBroadcastPermission: action:com.huawei.action_MOTIONRECOGNITION, mPermissionType:0
12-28 13:54:37.850  8380  8380 I SendBroadcastPermission: action:com.huawei.action_MOTIONRECOGNITION_EX, mPermissionType:0
12-28 13:54:37.852  4001  4047 I MotionProxyOperator: 10128302|notifyMotionRecoResult() recoMsg: motionType: 1101   recoResult: 1  pMRes.mMotionExtras :Bundle[mParcelledData.dataSize=156]
12-28 13:54:37.852  4001  4047 I SensorHubStepCounter: 10128302|notifyMotionRecoResult() motionType = 1101 recoResult = 1 motionDirection = 0
12-28 13:54:37.853  4001  4047 I SensorHubStepCounter: 10128302|notifyMotionRecoResult() data1 = :[0] data2 = [0] data3 = [5]
12-28 13:54:37.854  4001  4047 I PhoneStepDataManager: 10128302|onStepData() System.currentTimeMillis() = 1482904477854 data0 = 1482904478000, data = [0] data1 = [0] data2 = [5]
12-28 13:54:37.903   993   993 I TrafficMonitor: update:rxPkts:0,txPkts:0,rxBytes:0,txBytes:0
12-28 13:54:37.903   993   993 I TrafficMonitor: start expired. level:-1
12-28 13:54:37.904   993   993 I TrafficMonitor: gettimer:interval=5000
12-28 13:54:37.922   993  1451 E WifiConfigStore: updateConfiguration freq=5765 BSSID=64:f6:9d:39:c9:ce RSSI=-58 "Tencent-StaffWiFi"NONE
12-28 13:54:37.929   993   993 I QosMonitor: queryRtt: rtt_type = 3
12-28 13:54:37.929   993   993 I WifiProJNI: ######### GET RTT:3 ########
12-28 13:54:37.929   993  1495 I QosMonitor: postEventFromNative: msg=100,arg1=4,arg2=9
12-28 13:54:37.929   993  1495 W WifiProJNI: poll before: g_monitor_fd =182
12-28 13:54:37.930   993  1497 I HuaweiWifiWatchdogStateMachine: spd good count:0, add sc:0.0, rate:1.0
12-28 13:54:37.932   993  1497 I HuaweiWifiWatchdogStateMachine: current mHighDataFlowRate = 1.0
12-28 13:54:37.932   993  1497 I HuaweiWifiWatchdogStateMachine: POta txb txg rxg:0, 4, 0. Lr =0% Totpkt=4
12-28 13:54:37.933   993   993 I WifiProJNI: ######### CMD_QUERY_PKTS ########
12-28 13:54:37.933   993  1495 I QosMonitor: postEventFromNative: msg=100,arg1=0,arg2=9
12-28 13:54:37.933   993  1495 W WifiProJNI: poll before: g_monitor_fd =182
12-28 13:54:37.936   993  1497 I HuaweiWifiWatchdogStateMachine: PTcp RTT:0, rtt pkt=0, tcp_rx=0, tcp_tx=0, tcp_reTran=0, rtRate=0
12-28 13:54:37.937   993  1497 I HuaweiWifiWatchdogStateMachine: rs ota tcp lr rttvb bad: false, false, false, false, false; rsth:-75
12-28 13:54:37.937   993  1497 I HuaweiWifiWatchdogStateMachine:  pkt chk not bad, reset sc to 0.
12-28 13:54:37.948   993  1451 E WifiConfigStore: updateConfiguration freq=5765 BSSID=64:f6:9d:39:c9:ce RSSI=-58 "Tencent-StaffWiFi"NONE
12-28 13:54:38.030  1576  1576 I NetworkSpeedManagerEx: mIsStop = false
12-28 13:54:38.032  1576  1576 I NetworkSpeedManagerEx:  value = 0.0
12-28 13:54:38.033  1576  1576 I NetworkSpeedManagerEx: speed = 0K/s
12-28 13:54:38.033  1576  1576 I NetworkSpeedView: /update(), speed=0K/s
12-28 13:54:38.202 16667 16934 W Icing   : CLD2 bad utf8
12-28 13:54:38.451   993  1003 I art     : GC statistics: 1 time(s), freed 60814(3MB) objects, paused 4.379ms total 82.834ms
12-28 13:54:38.451   993  1003 I art     : Background partial concurrent mark sweep GC freed 18428(989KB) AllocSpace objects, 0(0B) LOS objects, 6% free, 55MB/59MB, paused 1.813ms total 193.575ms at HeapTaskDaemon thread CareAboutPauseTimes 1
12-28 13:54:38.897   993   993 I TrafficMonitor: expired arrive. level:-1
12-28 13:54:38.897   993   993 I TrafficMonitor: during_ms:2003,period_ms:2000
12-28 13:54:38.897   993   993 I TrafficMonitor: count:296,rx_sum:0,tx_sum:0,rxBytes:0,during_ms:2003,rx_speed:0.0,tx_speed:0.0,rto:0.0
12-28 13:54:38.907   993  1104 I SendBroadcastPermission: action:android.net.conn.DATA_ACTIVITY_CHANGE, mPermissionType:0
12-28 13:54:39.239  2258  2270 I art     : discard a ConcurrentGC, because GetBytesAllocated(16297840) is smaller than concurrent_start_bytes_(18762960)
12-28 13:54:39.322   993  1583 I PackageManager: Start dump, calling from : pid=17395, uid=2000
12-28 13:54:39.465 16667 16934 W Icing   : CLD2 bad utf8
12-28 13:54:39.590 17397 17397 I appproc : CLASSPATH=/system/framework/wm.jar
12-28 13:54:39.590 17397 17397 I appproc : Command=app_process /system/bin com.android.commands.wm.Wm dismiss-keyguard 
12-28 13:54:39.592 17397 17397 I AndroidRuntime: readDownloadBoosterConfig: 'false'
12-28 13:54:39.629 17397 17397 I HWSERVICES: hwnative_get_component_register:libdrmbitmap,JNI
12-28 13:54:39.634 17397 17397 I         : power log dlsym ok
12-28 13:54:39.636 17397 17397 I Radio-JNI: register_android_hardware_Radio DONE
12-28 13:54:39.641 17397 17397 I android_hardware_fm.cpp: register_android_hardware_fm_fmradio
12-28 13:54:39.641 17397 17397 I android_hardware_fm.cpp: ========64bit long size = 8
12-28 13:54:39.641 17397 17397 I android_hardware_fm.cpp: FM: get chip type = bcm43xx
12-28 13:54:39.642 17397 17397 E fm_if.c : find the id:fm and begins to open the devices
12-28 13:54:39.642 17397 17397 I android_hardware_fm.cpp: register_android_hardware_fm_fmradio, ret is 0
12-28 13:54:39.743 17402 17402 I appproc : CLASSPATH=/system/framework/pm.jar
12-28 13:54:39.743 17402 17402 I appproc : Command=app_process /system/bin com.android.commands.pm.Pm install -r /data/local/tmp/com.koudle.andyogaexample 
12-28 13:54:39.746 17402 17402 I AndroidRuntime: readDownloadBoosterConfig: 'false'
12-28 13:54:39.776 17402 17402 I HWSERVICES: hwnative_get_component_register:libdrmbitmap,JNI
12-28 13:54:39.781 17402 17402 I         : power log dlsym ok
12-28 13:54:39.782 17402 17402 I Radio-JNI: register_android_hardware_Radio DONE
12-28 13:54:39.788 17402 17402 I android_hardware_fm.cpp: register_android_hardware_fm_fmradio
12-28 13:54:39.788 17402 17402 I android_hardware_fm.cpp: ========64bit long size = 8
12-28 13:54:39.788 17402 17402 I android_hardware_fm.cpp: FM: get chip type = bcm43xx
12-28 13:54:39.788 17402 17402 E fm_if.c : find the id:fm and begins to open the devices
12-28 13:54:39.789 17402 17402 I android_hardware_fm.cpp: register_android_hardware_fm_fmradio, ret is 0
12-28 13:54:39.819  2241  2254 I PgedBinderListener: kstate callback type:16 value1=1576 value2=CALLED
12-28 13:54:39.819  2306  2306 I HwLauncher: Launcher onPause()
12-28 13:54:39.820  2306 17419 I HwLauncher: Launcher.MotionManager stopMotionAppsReco begin,flg = 402
12-28 13:54:39.820  2306 17419 W HwLauncher: Launcher.MotionManager stopMotionAppsReco service flg 402 is unavailable
12-28 13:54:39.822  2306 17420 I HwLauncher: Launcher.MotionManager stopMotionAppsReco begin,flg = 403
12-28 13:54:39.822  2306 17420 W HwLauncher: Launcher.MotionManager stopMotionAppsReco service flg 403 is unavailable
12-28 13:54:39.842  2306  2306 I SendBroadcastPermission: action:com.huawei.android.action.WIDGET_FOCUS_CHANGE, mPermissionType:0
12-28 13:54:39.849   364   492 I gralloc : Alloc req: dev=0x7f8f8c2540, w=16, h=16, format=0x1, usage=0x100
12-28 13:54:39.849   364   492 I gralloc : Alloc handle(0x7f7970d700): interfmt=0x1, stride=64, size=4096
12-28 13:54:39.849  1724  2386 I HwSystemManager: NotificationGuideService:handle MSG_ACTIVIY_FOREGROUND, uid:10026
12-28 13:54:39.850 17421 17434 E linker  : readlink('/proc/self/fd/23') failed: Permission denied [fd=23]
12-28 13:54:39.850 17421 17434 E linker  : warning: unable to get realpath for the library "/system/lib64/hw/gralloc.hi3650.so". Will use given name.
12-28 13:54:39.852   364   419 I gralloc : Free handle(0x7f7970d700)
12-28 13:54:39.853 16667 16934 W Icing   : CLD2 bad utf8
12-28 13:54:39.858 16667 16934 W Icing   : CLD2 bad utf8
12-28 13:54:39.859   364   419 I gralloc : Alloc req: dev=0x7f8f8c2540, w=1080, h=1830, format=0x1, usage=0x933
12-28 13:54:39.860   364   419 I gralloc : Alloc handle(0x7f7970d000): interfmt=0x1, stride=1088, size=8486912
12-28 13:54:39.868  2306  2306 E HideAppsPagedView: removeHideApps  begin 
12-28 13:54:39.869  2306  2306 E HideAppsPagedView: removeHideApps  end 
12-28 13:54:39.869  2306  2306 E HideAppsPagedView:  syncPages mCurrentPage = 0
12-28 13:54:39.870  2306  2306 E HideAppsPagedView:  syncAppsPageItems page = 0 mNumAppsPages = 1 mCurrentPage = 0
12-28 13:54:39.870  2306  2306 E HideAppsPagedView:  createAddIcon count = 0
12-28 13:54:39.881 17421 17421 W System  : ClassLoader referenced unknown path: /system/priv-app/PackageInstaller/lib/arm64
12-28 13:54:39.884  2306  2306 I HwLauncher: Launcher.Utilities   controlColor == 0
12-28 13:54:39.885  2306  2306 I HwLauncher:  FPSMonitor snapToPage whichPage = 0 delta = 0 duration = 550
12-28 13:54:39.892 17421 17421 I HwCust  : Constructor found for class android.app.HwCustHwWallpaperManagerImpl
12-28 13:54:39.892   364  2123 I gralloc : Free handle(0x7f79604600)
12-28 13:54:39.898 17421 17421 I PI.HandleAdbInstallFlow: confirmAdbInstall  installflags:66
12-28 13:54:39.899   993  1003 I art     : discard a ConcurrentGC, because GetBytesAllocated(59782544) is smaller than concurrent_start_bytes_(62404528)
12-28 13:54:39.921 17421 17431 I art     : humin current process: com.android.packageinstaller
12-28 13:54:39.932 17421 17421 I PI.HwPermissionUtils: not have HwSystemManager
12-28 13:54:39.934  1724  2471 I HwSystemManager: PackageInstallService:requestPermissionRecommendInfo for com.koudle.andyogaexample
12-28 13:54:39.935  1724  2471 W HwSystemManager: AbsRecommendQuery:queryRecommendData get a invalid cursor, maybe no matched result exist!
12-28 13:54:39.936  1724  2471 E HwSystemManager: PIDataCvt:cvtFromRecommendProvider catch RecommendParamException: fromBundle: invalid input 'bundle', forBusiness: 6
12-28 13:54:39.936  1724  2471 W HwSystemManager: AbsRecommendQuery:queryRecommendData get a invalid cursor, maybe no matched result exist!
12-28 13:54:39.936  1724  2471 E HwSystemManager: PIDataCvt:cvtFromRecommendProvider catch RecommendParamException: fromBundle: invalid input 'bundle', forBusiness: 4
12-28 13:54:39.937 17421 17440 I PI.PermissionManager: recommendstatus:true,recom size:0
12-28 13:54:39.937 17421 17440 E PI.PhoneManagerHelper: getRecommendInfoMap get invalid recommendInfo!
12-28 13:54:39.937 17421 17440 I PI.PermissionManager: can not get recommendMap!
12-28 13:54:39.968 17421 17421 I PI.PackageInstaller: callerPackageName = null
12-28 13:54:39.968 17421 17421 I PI.PackageInstaller: installerPackageName = null
12-28 13:54:40.013 17421 17442 I OpenGLRenderer: Initialized EGL, version 1.4
12-28 13:54:40.015 17421 17442 E linker  : readlink('/proc/self/fd/35') failed: Permission denied [fd=35]
12-28 13:54:40.015 17421 17442 E linker  : warning: unable to get realpath for the library "libhwaps.so". Will use given name.
12-28 13:54:40.023 17421 17442 E linker  : readlink('/proc/self/fd/36') failed: Permission denied [fd=36]
