12-28 13:54:40.023 17421 17442 E linker  : warning: unable to get realpath for the library "/system/lib64/libhwuibp.so". Will use given name.
12-28 13:54:40.026   364   421 I gralloc : Alloc req: dev=0x7f8f8c2540, w=1080, h=1830, format=0x1, usage=0xb00
12-28 13:54:40.027   364   421 I gralloc : Alloc handle(0x7f79604b00): interfmt=0x200000001, stride=1088, size=8486912
12-28 13:54:40.027   364   421 I gralloc : Alloc req: dev=0x7f8f8c2540, w=1080, h=1830, format=0x1, usage=0xb00
12-28 13:54:40.029 17421 17431 I art     : Object allocation is busy now, so prior to grow the heap. New heap size is 22 MB
12-28 13:54:40.034   364   421 I gralloc : Alloc handle(0x7f799c7f00): interfmt=0x200000001, stride=1088, size=8134656
12-28 13:54:40.034   364   421 I gralloc : Alloc req: dev=0x7f8f8c2540, w=1080, h=1830, format=0x1, usage=0xb00
12-28 13:54:40.034   364   421 I gralloc : Alloc handle(0x7f7970d900): interfmt=0x200000001, stride=1088, size=8486912
12-28 13:54:40.045 17421 17456 E PI.JsonBean: valueToJson error, field:private transient java.lang.Class java.lang.Object.shadow$_klass_
12-28 13:54:40.061   993  1107 I ActivityManager: Displayed com.android.packageinstaller/.PackageInstallerActivity: +239ms
12-28 13:54:40.085 17421 17456 I System  : core_booster, getBoosterConfig = false
12-28 13:54:40.094  2258  2270 I art     : discard a ConcurrentGC, because GetBytesAllocated(17835904) is smaller than concurrent_start_bytes_(18762960)
12-28 13:54:40.101 16667 16934 W Icing   : CLD2 bad utf8
12-28 13:54:40.115 16667 16934 W Icing   : CLD2 bad utf8
12-28 13:54:40.129 17421 17456 I System  : core_booster, getBoosterConfig = false
12-28 13:54:40.145  2306  2306 I HwLauncher: Launcher mUnlockScreenRunnbale  getOrientationEnabled false 
12-28 13:54:40.145  2306  2306 I HwLauncher: Launcher onStop()
12-28 13:54:40.271   364   364 I gralloc : Free handle(0x7f7970d000)
12-28 13:54:40.321   364   364 I gralloc : Free handle(0x7f79604c00)
12-28 13:54:40.323   364   364 I gralloc : Free handle(0x7f79604900)
12-28 13:54:40.388 16667 16934 W Icing   : CLD2 bad utf8
12-28 13:54:40.775   993  1003 I art     : discard a ConcurrentGC, because GetBytesAllocated(60637968) is smaller than concurrent_start_bytes_(62404528)
12-28 13:54:40.923 16667 16934 W Icing   : CLD2 bad utf8
12-28 13:54:40.960   993  1451 E WifiConfigStore: updateConfiguration freq=5765 BSSID=64:f6:9d:39:c9:ce RSSI=-58 "Tencent-StaffWiFi"NONE
12-28 13:54:41.034  1576  1576 I NetworkSpeedManagerEx: mIsStop = false
12-28 13:54:41.035  1576  1576 I NetworkSpeedManagerEx:  value = 821.3333
12-28 13:54:41.036  1576  1576 I NetworkSpeedManagerEx: speed = 821B/s
12-28 13:54:41.036  1576  1576 I NetworkSpeedView: /update(), speed=821B/s
12-28 13:54:41.051  1576  1576 W View    : requestLayout() improperly called by com.android.systemui.statusbar.phone.IconMerger{de50a0a V.E...... ......I. 0,0-225,60 #7f1000e8 app:id/notificationIcons} during layout: running second layout pass
12-28 13:54:41.253  2258  2270 I art     : discard a ConcurrentGC, because GetBytesAllocated(16453888) is smaller than concurrent_start_bytes_(18762960)
12-28 13:54:41.943   993  1003 I art     : discard a ConcurrentGC, because GetBytesAllocated(61393216) is smaller than concurrent_start_bytes_(62404528)
12-28 13:54:42.093  2258  2270 I art     : discard a ConcurrentGC, because GetBytesAllocated(17964496) is smaller than concurrent_start_bytes_(18762960)
12-28 13:54:42.323   530   530 E Thermal-daemon: [ap] temp_new :36  temp_old :35
12-28 13:54:42.323   530   530 E Thermal-daemon: Report temperature: [ap] temp :36  report_threshold:1
12-28 13:54:42.747   993  1583 I SendBroadcastPermission: action:android.intent.action.SIG_STR, mPermissionType:0
12-28 13:54:42.752  1576  1633 I HwMobileSignalController: subId:0 phoneType:2 networktype:13 targetClass:3 masterLevel:3 slaveLevel:4
12-28 13:54:42.905   993   993 I TrafficMonitor: update:rxPkts:17,txPkts:18,rxBytes:6127,txBytes:2768
12-28 13:54:42.905   993   993 I TrafficMonitor: start expired. level:-1
12-28 13:54:42.905   993   993 I TrafficMonitor: gettimer:interval=2000
12-28 13:54:42.937 16667 16934 W Icing   : CLD2 bad utf8
12-28 13:54:43.128   993  1003 I art     : discard a ConcurrentGC, because GetBytesAllocated(62125968) is smaller than concurrent_start_bytes_(62404528)
12-28 13:54:43.389 16823 17049 I System.out: [/system/bin/sh, -c, getprop ro.board.platform]
12-28 13:54:43.389 16823 17049 I System.out: null
12-28 13:54:43.389 16823 17049 I System.out: null
12-28 13:54:43.389 16823 17049 I System.out: Calling by::className:com.tencent.bugly.proguard.a  MethodName:a
12-28 13:54:43.427 16823 17049 I System.out: [/system/bin/sh, -c, type su]
12-28 13:54:43.427 16823 17049 I System.out: null
12-28 13:54:43.427 16823 17049 I System.out: null
12-28 13:54:43.427 16823 17049 I System.out: Calling by::className:com.tencent.bugly.proguard.a  MethodName:a
12-28 13:54:43.440  2258  2270 I art     : discard a ConcurrentGC, because GetBytesAllocated(16704240) is smaller than concurrent_start_bytes_(18762960)
12-28 13:54:43.453 16823 17049 I System.out: [/system/bin/sh, -c, getprop ro.miui.ui.version.name]
12-28 13:54:43.454 16823 17049 I System.out: null
12-28 13:54:43.454 16823 17049 I System.out: null
12-28 13:54:43.454 16823 17049 I System.out: Calling by::className:com.tencent.bugly.proguard.a  MethodName:a
12-28 13:54:43.481 16823 17049 I System.out: [/system/bin/sh, -c, getprop ro.build.version.emui]
12-28 13:54:43.481 16823 17049 I System.out: null
12-28 13:54:43.481 16823 17049 I System.out: null
12-28 13:54:43.481 16823 17049 I System.out: Calling by::className:com.tencent.bugly.proguard.a  MethodName:a
12-28 13:54:43.515 16823 17049 I System.out: [/system/bin/sh, -c, getprop ro.genymotion.version]
12-28 13:54:43.515 16823 17049 I System.out: null
12-28 13:54:43.515 16823 17049 I System.out: null
12-28 13:54:43.516 16823 17049 I System.out: Calling by::className:com.tencent.bugly.proguard.a  MethodName:a
12-28 13:54:43.543 16823 17049 I System.out: [/system/bin/sh, -c, getprop androVM.vbox_dpi]
12-28 13:54:43.543 16823 17049 I System.out: null
12-28 13:54:43.544 16823 17049 I System.out: null
12-28 13:54:43.544 16823 17049 I System.out: Calling by::className:com.tencent.bugly.proguard.a  MethodName:a
12-28 13:54:43.573 16823 17049 I System.out: [/system/bin/sh, -c, getprop qemu.sf.fake_camera]
12-28 13:54:43.573 16823 17049 I System.out: null
12-28 13:54:43.573 16823 17049 I System.out: null
12-28 13:54:43.574 16823 17049 I System.out: Calling by::className:com.tencent.bugly.proguard.a  MethodName:a
12-28 13:54:43.604 16823 17049 I System.out: [/system/bin/sh, -c, getprop ro.secure]
12-28 13:54:43.604 16823 17049 I System.out: null
12-28 13:54:43.604 16823 17049 I System.out: null
12-28 13:54:43.605 16823 17049 I System.out: Calling by::className:com.tencent.bugly.proguard.a  MethodName:a
12-28 13:54:43.633 16823 17049 I System.out: [/system/bin/sh, -c, getprop ro.debuggable]
12-28 13:54:43.633 16823 17049 I System.out: null
12-28 13:54:43.633 16823 17049 I System.out: null
12-28 13:54:43.633 16823 17049 I System.out: Calling by::className:com.tencent.bugly.proguard.a  MethodName:a
12-28 13:54:43.637 17421 17457 I PI.SerializedObject: write type class com.android.packageinstaller.hwcust.localCacheData.installcheck.InstallCheckList to disk sucessfully.
12-28 13:54:43.642 16667 16934 W Icing   : CLD2 bad utf8
12-28 13:54:43.662 16823 17049 I System.out: [/system/bin/sh, -c, getprop gsm.sim.state]
12-28 13:54:43.662 16823 17049 I System.out: null
12-28 13:54:43.663 16823 17049 I System.out: null
12-28 13:54:43.663 16823 17049 I System.out: Calling by::className:com.tencent.bugly.proguard.a  MethodName:a
12-28 13:54:43.690 16823 17049 I System.out: [/system/bin/sh, -c, getprop gsm.sim.state2]
12-28 13:54:43.690 16823 17049 I System.out: null
12-28 13:54:43.690 16823 17049 I System.out: null
12-28 13:54:43.690 16823 17049 I System.out: Calling by::className:com.tencent.bugly.proguard.a  MethodName:a
12-28 13:54:43.740 16823 17486 I System  : core_booster, getBoosterConfig = false
12-28 13:54:43.972   993  1451 E WifiConfigStore: updateConfiguration freq=5765 BSSID=64:f6:9d:39:c9:ce RSSI=-56 "Tencent-StaffWiFi"NONE
12-28 13:54:44.037  1576  1576 I NetworkSpeedManagerEx: mIsStop = false
12-28 13:54:44.039  1576  1576 I NetworkSpeedManagerEx:  value = 3188.0
12-28 13:54:44.040  1576  1576 I NetworkSpeedManagerEx: speed = 3.1K/s
12-28 13:54:44.040  1576  1576 I NetworkSpeedView: /update(), speed=3.1K/s
12-28 13:54:44.049  1576  1576 W View    : requestLayout() improperly called by com.android.systemui.statusbar.phone.IconMerger{de50a0a V.E...... ......I. 0,0-225,60 #7f1000e8 app:id/notificationIcons} during layout: running second layout pass
12-28 13:54:44.059  1576  1576 W View    : requestLayout() improperly called by com.android.systemui.statusbar.phone.IconMerger{de50a0a V.E...... .......D 0,0-225,60 #7f1000e8 app:id/notificationIcons} during second layout pass: posting in next frame
12-28 13:54:44.075  1576  1576 W View    : requestLayout() improperly called by com.android.systemui.statusbar.phone.IconMerger{de50a0a V.E...... ........ 0,0-225,60 #7f1000e8 app:id/notificationIcons} during second layout pass: posting in next frame
12-28 13:54:44.087   364   492 I gralloc : Alloc req: dev=0x7f8f8c2540, w=1026, h=576, format=0x1, usage=0xb00
12-28 13:54:44.090   364   492 I gralloc : Alloc handle(0x7f7970dc00): interfmt=0x1, stride=1088, size=2506752
12-28 13:54:44.090   364   492 I gralloc : Alloc req: dev=0x7f8f8c2540, w=1026, h=576, format=0x1, usage=0xb00
12-28 13:54:44.092   364   492 I gralloc : Alloc handle(0x7f7970de00): interfmt=0x1, stride=1088, size=2506752
12-28 13:54:44.092   364   492 I gralloc : Alloc req: dev=0x7f8f8c2540, w=1026, h=576, format=0x1, usage=0xb00
12-28 13:54:44.094   364   492 I gralloc : Alloc handle(0x7f89354200): interfmt=0x1, stride=1088, size=2506752
12-28 13:54:44.140  1596  1596 I PowerChecker: PowerStateChange true
12-28 13:54:44.146  2587  2904 I Bluetooth_app: HeadsetStateMachine:Disconnected process message: 10, size: 0
12-28 13:54:44.149  2278  6264 I HwPowerMonitor.PowerExceptionObservable: unhandled onEvent actionID: 3002
12-28 13:54:44.149  2278  6264 W HwPowerMonitor.DayActObserver: mModemLogStatsTimes = 0, ModemLogState = 0
12-28 13:54:44.150  2278  6264 W HwPowerMonitor.DayActObserver: BAT_CHANGED, mIsScrnOffBatStatsEnabled = true, mIsCharging = true, mIsScrnOfBatDropMonitorStart = false
12-28 13:54:44.717 17421 17421 I BD.Reporter: com.huawei.bd.IBDService$Stub$Proxy@e4742eb
12-28 13:54:44.732   364   419 I gralloc : Alloc req: dev=0x7f8f8c2540, w=300, h=535, format=0x1, usage=0x333
12-28 13:54:44.734   364   419 I gralloc : Alloc handle(0x7f799c7400): interfmt=0x1, stride=320, size=688128
12-28 13:54:44.736   364  2092 I gralloc : Free handle(0x7f799c7400)
12-28 13:54:44.757  1723  1723 I wpa_supplicant: wlan0: HEART-BEAT-ACK: 441
12-28 13:54:44.758   993  1891 W WifiMonitor: couldn't identify event type - HEART-BEAT-ACK: 441
12-28 13:54:44.758   364   419 I gralloc : Free handle(0x7f7970dc00)
12-28 13:54:44.759   364   419 I gralloc : Free handle(0x7f89354200)
12-28 13:54:44.768 17421 17421 E PI.HandleAdbInstallFlow: can't find valid activity
12-28 13:54:44.776   993  9081 W System.err: java.lang.NullPointerException: Attempt to invoke virtual method 'int com.huawei.lcagent.client.LogCollectManager.getUserType()' on a null object reference
12-28 13:54:44.776   993  9081 W System.err: 	at com.android.server.util.ReportTools.getUserType(ReportTools.java:86)
12-28 13:54:44.776   993  9081 W System.err: 	at com.android.server.util.ReportTools.isBetaUser(ReportTools.java:73)
12-28 13:54:44.776   993  9081 W System.err: 	at com.android.server.util.ReportTools.report(ReportTools.java:58)
12-28 13:54:44.776   993  9081 W System.err: 	at com.android.server.util.HwUserBehaviourRecord.appExitRecordInnerImpl(HwUserBehaviourRecord.java:125)
12-28 13:54:44.776   993  9081 W System.err: 	at com.android.server.util.HwUserBehaviourRecord.access$200(HwUserBehaviourRecord.java:32)
12-28 13:54:44.776   993  9081 W System.err: 	at com.android.server.util.HwUserBehaviourRecord$AsyUploadLooperThread$1.handleMessage(HwUserBehaviourRecord.java:255)
12-28 13:54:44.776   993  9081 W System.err: 	at android.os.Handler.dispatchMessage(Handler.java:102)
12-28 13:54:44.776   993  9081 W System.err: 	at android.os.Looper.loop(Looper.java:150)
12-28 13:54:44.776   993  9081 W System.err: 	at com.android.server.util.HwUserBehaviourRecord$AsyUploadLooperThread.run(HwUserBehaviourRecord.java:267)
12-28 13:54:44.776   993  9081 E ReportTools: This is not beta user build
12-28 13:54:44.800  1724  2386 I HwSystemManager: NotificationGuideService:handle MSG_ACTIVIY_FOREGROUND, uid:10049
12-28 13:54:44.802   993  1753 I SendBroadcastPermission: action:com.huawei.android.action.GET_INSTALLER_PACKAGE_INFO, mPermissionType:0
12-28 13:54:44.812  1724  2495 I HwResources: load icon id : 7f020075, pkgName : com.huawei.android.launcher
12-28 13:54:44.816  2306  2306 I HwLauncher: Launcher onStart()
12-28 13:54:44.816  2306  2306 I HwLauncher: Launcher dynamicIconsRegister
12-28 13:54:44.816  2306  2306 I HwLauncher: DynamicUpdater registerReceiver
12-28 13:54:44.817  1724  1724 I HwSystemManager: HandleInstalledPackageInfoService:onReceive  action is com.huawei.android.action.GET_INSTALLER_PACKAGE_INFO
12-28 13:54:44.817  1724  1724 I HwSystemManager: HandleInstalledPackageInfoService:get count = 0
12-28 13:54:44.818  2306  2306 I HwLauncher: DynamicUpdater call updateFolder
12-28 13:54:44.818  2306  2306 I HwLauncher: DynamicIcon onResume  isvisible = false   mAttachedToWindow:true    mWindowVisible:falsecom.android.deskclock
12-28 13:54:44.818  2306  2306 I HwLauncher: DynamicUpdater registerReceiver
12-28 13:54:44.818  2306  2473 E HwLauncher: SettingsEx , no such field.
12-28 13:54:44.818  2306  2473 W HwLauncher: Clock getDataFormat the getSystemString failed.
12-28 13:54:44.819  2306  2306 I HwLauncher: DynamicUpdater call updateFolder
12-28 13:54:44.819  2306  2306 I HwLauncher: DynamicIcon onResume  isvisible = true   mAttachedToWindow:false    mWindowVisible:falsecom.huawei.android.totemweather
12-28 13:54:44.819  2306  2306 I HwLauncher: DynamicUpdater registerReceiver
12-28 13:54:44.819  2306  2473 I HwLauncher: WeatherDynamicUpdater positiveUpdate at WeatherDynamicUpdater
12-28 13:54:44.820  1724  2495 I HwResources: icon : com.huawei.android.launcher found in app
12-28 13:54:44.822  2306  2306 I HwLauncher: DynamicUpdater call updateFolder
12-28 13:54:44.822  2306  2306 I HwLauncher: DynamicIcon onResume  isvisible = false   mAttachedToWindow:true    mWindowVisible:falsecom.android.calendar
12-28 13:54:44.822  2306  2306 I HwLauncher: Launcher  Launcher.onStart() cost 5 ms
12-28 13:54:44.822  2306  2306 I HwLauncher: Launcher onResume()
12-28 13:54:44.822  2306  2306 I HwLauncher: Launcher doResumeWork()
12-28 13:54:44.824  2306  2306 I HwLauncher: Launcher  onResume mIsToUninstallApp = false
12-28 13:54:44.824  2306  2306 I HwLauncher: Launcher  Launcher hot start cost 7 ms
12-28 13:54:44.826  2306 17504 I HwLauncher: Launcher.MotionManager startMotionAppsReco begin,flg = 402
12-28 13:54:44.839   364  2123 I gralloc : Alloc req: dev=0x7f8f8c2540, w=1080, h=1920, format=0x1, usage=0xb00
12-28 13:54:44.840   364  2123 I gralloc : Alloc handle(0x7f7970da00): interfmt=0x200000001, stride=1088, size=8486912
12-28 13:54:44.840   364  2123 I gralloc : Alloc req: dev=0x7f8f8c2540, w=1080, h=1920, format=0x1, usage=0xb00
12-28 13:54:44.845   364  2123 I gralloc : Alloc handle(0x7f799c7900): interfmt=0x200000001, stride=1088, size=8486912
12-28 13:54:44.845   364  2123 I gralloc : Alloc req: dev=0x7f8f8c2540, w=1080, h=1920, format=0x1, usage=0xb00
12-28 13:54:44.847  2306  2306 I SendBroadcastPermission: action:com.huawei.android.action.WIDGET_FOCUS_CHANGE, mPermissionType:0
12-28 13:54:44.850   364   421 I gralloc : Alloc req: dev=0x7f8f8c2540, w=16, h=16, format=0x1, usage=0x100
12-28 13:54:44.850   364   421 I gralloc : Alloc handle(0x7f799c7a00): interfmt=0x1, stride=64, size=4096
12-28 13:54:44.853   364  2123 I gralloc : Alloc handle(0x7f7970db00): interfmt=0x200000001, stride=1088, size=8486912
12-28 13:54:44.861 17491 17518 E linker  : readlink('/proc/self/fd/24') failed: Permission denied [fd=24]
12-28 13:54:44.861 17491 17518 E linker  : warning: unable to get realpath for the library "/system/lib64/hw/gralloc.hi3650.so". Will use given name.
12-28 13:54:44.862  2306 17504 W MotionDetectionManager: startMotionAppsReco motionApps: 402 disabled
12-28 13:54:44.862  2306 17504 W HwLauncher: Launcher.MotionManager startMotionAppsReco service flg 402 is unavailable
12-28 13:54:44.862  2306 17504 I HwLauncher: Launcher.MotionManager , start MotionApps Reco end.
12-28 13:54:44.868 16667 16934 W Icing   : CLD2 bad utf8
12-28 13:54:44.871   364   421 I gralloc : Free handle(0x7f799c7a00)
12-28 13:54:44.873   364   492 I gralloc : Alloc req: dev=0x7f8f8c2540, w=16, h=16, format=0x1, usage=0x100
12-28 13:54:44.873   364   492 I gralloc : Alloc handle(0x7f89354400): interfmt=0x1, stride=64, size=4096
12-28 13:54:44.877 17505 17520 E linker  : readlink('/proc/self/fd/25') failed: Permission denied [fd=25]
12-28 13:54:44.877 17505 17520 E linker  : warning: unable to get realpath for the library "/system/lib64/hw/gralloc.hi3650.so". Will use given name.
12-28 13:54:44.879  2241  2256 I PgedBinderListener: kstate callback type:16 value1=17491 value2=CALLED
12-28 13:54:44.881 17491 17502 I HwCust  : Constructor found for class com.android.internal.content.HwCustPackageHelperImpl
12-28 13:54:44.894   364  2092 I gralloc : Free handle(0x7f89354400)
12-28 13:54:44.902 17505 17505 I HwCust  : Constructor found for class com.huawei.android.totemweather.utils.HwCustSettingsImpl
12-28 13:54:44.904 17505 17505 I SendBroadcastPermission: action:com.huawei.android.action.TEMPERATURE_FORMAT_CHANGE, mPermissionType:0
12-28 13:54:44.906   993   993 I TrafficMonitor: update:rxPkts:5,txPkts:7,rxBytes:1244,txBytes:1889
12-28 13:54:44.906   993   993 I TrafficMonitor: start expired. level:-1
12-28 13:54:44.906   993   993 I TrafficMonitor: gettimer:interval=2000
12-28 13:54:44.913 17505 17516 I art     : humin current process: com.huawei.android.totemweather
12-28 13:54:44.920 17505 17505 E TotemWeather: Utils error:getWidgetShowCityInfo return myLocation
12-28 13:54:44.924 17505 17517 E TotemWeather: Utils error:getWidgetShowCityInfo return myLocation
12-28 13:54:44.943   364   492 I gralloc : Free handle(0x7f79604b00)
12-28 13:54:44.943   364   492 I gralloc : Free handle(0x7f799c7f00)
12-28 13:54:44.946   364   419 I gralloc : Alloc req: dev=0x7f8f8c2540, w=16, h=16, format=0x1, usage=0x100
12-28 13:54:44.946   364   419 I gralloc : Alloc handle(0x7f89354200): interfmt=0x1, stride=64, size=4096
12-28 13:54:44.947 17505 17505 I SendBroadcastPermission: action:com.huawei.android.action.launcher_weather_icon_change, mPermissionType:0
12-28 13:54:44.948 17505 17505 E TotemWeather: Utils error:getWidgetShowCityInfo return myLocation
12-28 13:54:44.950 17531 17547 E linker  : readlink('/proc/self/fd/24') failed: Permission denied [fd=24]
12-28 13:54:44.950 17531 17547 E linker  : warning: unable to get realpath for the library "/system/lib64/hw/gralloc.hi3650.so". Will use given name.
12-28 13:54:44.952   364   419 I gralloc : Free handle(0x7f89354200)
12-28 13:54:44.954 17505 17505 I SendBroadcastPermission: action:com.huawei.android.action.action_home_city_weather, mPermissionType:0
12-28 13:54:44.954 17505 17517 I SendBroadcastPermission: action:com.huawei.android.action.launcher_weather_icon_change, mPermissionType:0
12-28 13:54:44.961   993  1003 I art     : GC statistics: 1 time(s), freed 61144(3MB) objects, paused 3.764ms total 49.588ms
12-28 13:54:44.961   993  1003 I art     : Background partial concurrent mark sweep GC freed 41116(2MB) AllocSpace objects, 16(660KB) LOS objects, 6% free, 56MB/60MB, paused 2.103ms total 217.475ms at HeapTaskDaemon thread CareAboutPauseTimes 1
12-28 13:54:44.966 17505 17505 I HwCust  : Constructor found for class android.app.HwCustAlarmManagerImpl
12-28 13:54:44.968 17531 17531 I HwIntelligent3_ActivityUtil: HwIntelligent versionName: 4.0.0.100, versionCode: 25
12-28 13:54:44.975  2306  2306 I HwLauncher: WeatherDynamicUpdater receive action = com.huawei.android.action.launcher_weather_icon_change
12-28 13:54:44.975  2306  2306 I HwLauncher: WeatherDynamicUpdater receive action = com.huawei.android.action.launcher_weather_icon_change
12-28 13:54:44.975  2306  2473 I HwLauncher: WeatherDynamicUpdater receiver data is int[] = [0, 0, 71, 0, 96, 0, 121, 0] ; stringArray[] = [sunny, num1, num5, tempc] ; dynamic_gravity = center
12-28 13:54:44.975  2306  2473 I HwLauncher: WeatherDynamicUpdater update before : mDrawingData[0] = sunny:0, 0, 0
12-28 13:54:44.975  2306  2473 I HwLauncher: DynamicIconData , getDrawableForDynamic begin, pkg = com.huawei.android.totemweather, picName = sunny
12-28 13:54:44.977 17505 17505 I HwCust  : Constructor found for class com.huawei.android.totemweather.utils.HwCustTotemLocationImpl
12-28 13:54:44.980 17531 17531 I HwCust  : Constructor found for class android.app.HwCustAlarmManagerImpl
12-28 13:54:44.985  2241  2254 I PgedBinderListener: kstate callback type:8 value1=16475 value2=KILLED
12-28 13:54:44.990  2258 17475 W PhoneInterfaceManager: shouldBlockLocation running ...
12-28 13:54:44.993  2258 17475 I PhoneInterfaceManager: shouldBlockLocation  ret:false
12-28 13:54:44.997  2306  2473 I HwLauncher: DynamicIconData , getDrawableForDynamic end, pkg = com.huawei.android.totemweather, picName = sunny
12-28 13:54:44.997  2306  2473 I HwLauncher: WeatherDynamicUpdater update before : mDrawingData[1] = num1:71, 0, 0
12-28 13:54:44.997  2306  2473 I HwLauncher: DynamicIconData , getDrawableForDynamic begin, pkg = com.huawei.android.totemweather, picName = num1
12-28 13:54:44.998  2306  2473 I HwLauncher: DynamicIconData , getDrawableForDynamic end, pkg = com.huawei.android.totemweather, picName = num1
12-28 13:54:44.999  2306  2473 I HwLauncher: WeatherDynamicUpdater update before : mDrawingData[2] = num5:96, 0, 0
12-28 13:54:44.999  2306  2473 I HwLauncher: DynamicIconData , getDrawableForDynamic begin, pkg = com.huawei.android.totemweather, picName = num5
12-28 13:54:45.001 17505 17564 W TotemWeather: ScheduleTaskController warn: checkCellIdChange cellId is equals mCellId return
12-28 13:54:45.001  2306  2473 I HwLauncher: DynamicIconData , getDrawableForDynamic end, pkg = com.huawei.android.totemweather, picName = num5
12-28 13:54:45.001  2306  2473 I HwLauncher: WeatherDynamicUpdater update before : mDrawingData[3] = tempc:121, 0, 0
12-28 13:54:45.001  2306  2473 I HwLauncher: DynamicIconData , getDrawableForDynamic begin, pkg = com.huawei.android.totemweather, picName = tempc
12-28 13:54:45.001   993  1116 W CfgFilePolicy: No config file found for:dexopt/never_dexopt_apklist.cfg
12-28 13:54:45.003  2306  2473 I HwLauncher: DynamicIconData , getDrawableForDynamic end, pkg = com.huawei.android.totemweather, picName = tempc
12-28 13:54:45.003  2306  2473 I HwLauncher: WeatherDynamicUpdater tmpMapList = {tempc=25, sunny=192, num1=25, num5=25} , leftMargin = 58 , totalWidth = 75
12-28 13:54:45.003  2306  2473 I HwLauncher: WeatherDynamicUpdater update after : mDrawingData[1] = num1:58, 0, 0
12-28 13:54:45.003  2306  2473 I HwLauncher: WeatherDynamicUpdater update after : mDrawingData[2] = num5:83, 0, 0
12-28 13:54:45.003  2306  2473 I HwLauncher: WeatherDynamicUpdater update after : mDrawingData[3] = tempc:108, 0, 0
12-28 13:54:45.004  2306  2473 I HwLauncher: WeatherDynamicUpdater receiver data is int[] = [0, 0, 71, 0, 96, 0, 121, 0] ; stringArray[] = [sunny, num1, num5, tempc] ; dynamic_gravity = center
12-28 13:54:45.004  2306  2473 I HwLauncher: WeatherDynamicUpdater update before : mDrawingData[0] = sunny:0, 0, 0
12-28 13:54:45.004  2306  2473 I HwLauncher: DynamicIconData , getDrawableForDynamic begin, pkg = com.huawei.android.totemweather, picName = sunny
12-28 13:54:45.004   993  1116 I PackageManager.DexOptimizer: Running dexopt (dex2oat) on: /data/app/vmdl1994402648.tmp/base.apk pkg=com.koudle.andyogaexample isa=arm vmSafeMode=false debuggable=true oatDir = /data/app/vmdl1994402648.tmp/oat
12-28 13:54:45.007  2306  2473 I HwLauncher: DynamicIconData , getDrawableForDynamic end, pkg = com.huawei.android.totemweather, picName = sunny
12-28 13:54:45.007  2306  2473 I HwLauncher: WeatherDynamicUpdater update before : mDrawingData[1] = num1:71, 0, 0
12-28 13:54:45.007  2306  2473 I HwLauncher: DynamicIconData , getDrawableForDynamic begin, pkg = com.huawei.android.totemweather, picName = num1
12-28 13:54:45.008  2306  2473 I HwLauncher: DynamicIconData , getDrawableForDynamic end, pkg = com.huawei.android.totemweather, picName = num1
12-28 13:54:45.008  2306  2473 I HwLauncher: WeatherDynamicUpdater update before : mDrawingData[2] = num5:96, 0, 0
12-28 13:54:45.008  2306  2473 I HwLauncher: DynamicIconData , getDrawableForDynamic begin, pkg = com.huawei.android.totemweather, picName = num5
12-28 13:54:45.009  2306  2473 I HwLauncher: DynamicIconData , getDrawableForDynamic end, pkg = com.huawei.android.totemweather, picName = num5
12-28 13:54:45.009  2306  2473 I HwLauncher: WeatherDynamicUpdater update before : mDrawingData[3] = tempc:121, 0, 0
12-28 13:54:45.010  2306  2473 I HwLauncher: DynamicIconData , getDrawableForDynamic begin, pkg = com.huawei.android.totemweather, picName = tempc
12-28 13:54:45.010  2306  2473 I HwLauncher: DynamicIconData , getDrawableForDynamic end, pkg = com.huawei.android.totemweather, picName = tempc
12-28 13:54:45.010  2306  2473 I HwLauncher: WeatherDynamicUpdater tmpMapList = {tempc=25, sunny=192, num1=25, num5=25} , leftMargin = 58 , totalWidth = 75
12-28 13:54:45.010  2306  2473 I HwLauncher: WeatherDynamicUpdater update after : mDrawingData[1] = num1:58, 0, 0
12-28 13:54:45.010  2306  2473 I HwLauncher: WeatherDynamicUpdater update after : mDrawingData[2] = num5:83, 0, 0
12-28 13:54:45.010  2306  2473 I HwLauncher: WeatherDynamicUpdater update after : mDrawingData[3] = tempc:108, 0, 0
12-28 13:54:45.027 17567 17567 I dex2oat : /system/bin/dex2oat --debuggable
12-28 13:54:45.039 17531 17531 E HwIntelligent3_WorkCommuteManager: checkInvalid got card should hide
12-28 13:54:45.040 17531 17572 I HwIntelligent3_WorkCommuteManager: resetCommute
12-28 13:54:45.040 17531 17572 E HwIntelligent3_WorkCommuteManager: no need to reset return
12-28 13:54:45.050 17531 17531 I HwIntelligent3_OverseasStateManager: checkRoamingStateChanged : cur country is CN home country is CN
12-28 13:54:45.050 17531 17531 I HwIntelligent3_OverseasStateManager: checkRoamingStateChanged : last coutry is CN
12-28 13:54:45.051 17531 17531 E HwIntelligent3_PropertiesUtil: file not exitjava.io.FileNotFoundException: /system/etc/xml/hw_intelligent_config.xml: open failed: ENOENT (No such file or directory)
12-28 13:54:45.051 17531 17531 E HwIntelligent3_PropertiesUtil: initProperties : parser is null
12-28 13:54:45.051 17531 17531 E HwIntelligent3_PropertiesUtil: get default is_support_ctrip
12-28 13:54:45.055 17531 17531 I PlaceRecognitionService: onCreate
12-28 13:54:45.056 17531 17574 I CalendarSync: init mIsReceiverRegistered : false
12-28 13:54:45.060 17531 17531 I HwIntelligent3_OverseasStateManager: checkRoamingStateChanged : cur country is CN home country is CN
12-28 13:54:45.060 17531 17531 I HwIntelligent3_OverseasStateManager: checkRoamingStateChanged : last coutry is CN
12-28 13:54:45.060 17531 17531 I HwIntelligent3_OverseasStateManager: notifyRamotingStateChanged check roaming state is not true
12-28 13:54:45.067 17567 17567 I dex2oat : dex2oat took 40.435ms (threads: 4) 
12-28 13:54:45.260   993  1116 W Settings: Setting install_non_market_apps has moved from android.provider.Settings.Global to android.provider.Settings.Secure, returning read-only value.
12-28 13:54:45.261   993  1116 I SendBroadcastPermission: action:com.huawei.android.action.GET_PACKAGE_INSTALLATION_INFO, mPermissionType:0
12-28 13:54:45.261   364  2092 I gralloc : Alloc req: dev=0x7f8f8c2540, w=16, h=16, format=0x1, usage=0x100
12-28 13:54:45.262   364  2092 I gralloc : Alloc handle(0x7f89354400): interfmt=0x1, stride=64, size=4096
12-28 13:54:45.262 17576 17591 E linker  : readlink('/proc/self/fd/23') failed: Permission denied [fd=23]
12-28 13:54:45.262 17576 17591 E linker  : warning: unable to get realpath for the library "/system/lib64/hw/gralloc.hi3650.so". Will use given name.
12-28 13:54:45.265   364   492 I gralloc : Free handle(0x7f89354400)
12-28 13:54:45.269   993  1116 I art     : Starting a blocking GC Explicit
12-28 13:54:45.273  1724  1724 I HwSystemManager: HandleInstalledPackageInfoService:onReceive  action is com.huawei.android.action.GET_PACKAGE_INSTALLATION_INFO
12-28 13:54:45.276   993  2079 E HsmCoreServiceImpl: onTransact in code is: 102
12-28 13:54:45.276   993  2079 I MediaProcessHandler: processOp opType: 1, uid: 10014, pid: 16475
12-28 13:54:45.276   993  2079 W MediaProcessHandler: remove target not exist, maybe the UI process: uid: 10014, pid: 16475
12-28 13:54:45.278  1724  1724 I HwSystemManager: HsmStat_event:"p_ipd","n=com.koudle.andyogaexample,vc=1,vn=1.0,s=adb install,u=0,r=1,rsn=0,si=true,im=2"
12-28 13:54:45.286 17505 17519 E TotemWeather: Utils error:getWidgetShowCityInfo return myLocation
12-28 13:54:45.291   364   364 I gralloc : Free handle(0x7f7970d900)
12-28 13:54:45.291   364   364 I gralloc : Free handle(0x7f7970de00)
12-28 13:54:45.295 17576 17576 W System  : ClassLoader referenced unknown path: /system/priv-app/Calendar/lib/arm64
12-28 13:54:45.302 17576 17576 I HwCust  : Constructor found for class com.android.calendar.HwCustUtilImpl
12-28 13:54:45.305 17531 17600 I HwIntelligent3_WeatherManager: handleWeatherResult value is {"temp_flag":0,"temp_unit":"","cityinfo":{"city_id":1,"city_en_name":"Nanshan District","city_native_name":"","state_name":"Shenzhen","time_zone":"Asia\/Shanghai","city_type":10},"alarm_weather":[{"alarm_id":"8202","alarm_type":5,"alarm_type_name":"","level":1,"level_name":"","observationtime":1482838800000,"alarm_text":""}],"weather":[{"day_index":1,"observation_time":1482879600000,"sunrise_time":1482879780000,"sunset_time":1482918540000,"weather_native_des":"","weather_icon":1,"current_temperature":15,"curr_hightemp":15,"curr_lowtemp":12,"night_weather_native_des":"","night_weather_icon":33,"night_current_temperature":15,"night_curr_hightemp":15,"night_curr_lowtemp":12,"air_quality":"","air_pnum":50,"air_pm25":31,"air_pm10":49,"air_status_desc":"","wind_direction":"1","wind_speed":1},{"day_index":2,"observation_time":1482966000000,"sunrise_time":1482966180000,"sunset_time":1483005000000,"weather_native_des":"","weather_icon":8,"current_temperature":15,"curr_hightemp":16,"curr_lowtemp":12,"night_weather_native_des":"","night_weather_icon":75,"night_current_temperature":15,"night_curr_hightemp":16,"night_curr_lowtemp":12},{"day_index":3,"observation_time":1483052400000,"sunrise_time":1483052640000,"sunset_time":1483091400000,"weather_native_des":"","weather_icon":8,"current_temperature":15,"curr_hightemp":19,"curr_lowtemp":14,"night_weather_native_des":"","night_weather_icon":75,"night_current_temperature":15,"night_curr_hightemp":19,"night_curr_lowtemp":14},{"day_index":4,"observation_time":1483138800000,"sunrise_time":1483139040000,"sunset_time":1483177860000,"weather_native_des":"","weather_icon":7,"current_temperature":15,"curr_hightemp":23,"curr_lowtemp":17,"night_weather_native_des":"","night_weather_icon":75,"night_current_temperature":15,"night_curr_hightemp":23,"night_curr_lowtemp":17},{"day_index":5,"observation_time":1483225200000,"sunrise_time":1483225440000,"sunset_time":1483264260000,"weather_native_des":"","weather_icon":7,"current_temperature":15,"curr_hightemp":24,"curr_lowtemp":19,"night_weather_native_des":"","night_weather_icon":38,"night_current_temperature":15,"night_curr_hightemp":24,"night_curr_lowtemp":19},{"Pressure":1023}]}
12-28 13:54:45.306 17531 17600 E HwIntelligent3_WeatherManager: parseTempeData is null : current_temperature
12-28 13:54:45.306 17531 17600 E HwIntelligent3_WeatherManager: parseTempeData is null : curr_hightemp
12-28 13:54:45.306 17531 17600 E HwIntelligent3_WeatherManager: parseTempeData is null : curr_lowtemp
12-28 13:54:45.306 17531 17600 E HwIntelligent3_WeatherManager: parseTempeData is null : night_current_temperature
12-28 13:54:45.306 17531 17600 E HwIntelligent3_WeatherManager: parseTempeData is null : night_curr_hightemp
12-28 13:54:45.306 17531 17600 E HwIntelligent3_WeatherManager: parseTempeData is null : night_curr_lowtemp
12-28 13:54:45.306 17531 17600 E HwIntelligent3_WeatherManager: parseTempeData is null : current_temperature
12-28 13:54:45.306 17531 17600 E HwIntelligent3_WeatherManager: parseTempeData is null : curr_hightemp
12-28 13:54:45.306 17531 17600 E HwIntelligent3_WeatherManager: parseTempeData is null : curr_lowtemp
12-28 13:54:45.306 17531 17600 E HwIntelligent3_WeatherManager: parseTempeData is null : night_current_temperature
12-28 13:54:45.306 17531 17600 E HwIntelligent3_WeatherManager: parseTempeData is null : night_curr_hightemp
12-28 13:54:45.306 17531 17600 E HwIntelligent3_WeatherManager: parseTempeData is null : night_curr_lowtemp
12-28 13:54:45.307 17531 17600 I HwIntelligent3_WeatherAlarmStratgy: same pollution ignore
12-28 13:54:45.307 17531 17600 I SendBroadcastPermission: action:com.huawei.intelligent.data.changed, mPermissionType:0
12-28 13:54:45.308  1576  1576 I IntelligentScene: onReceive, action= com.huawei.intelligent.data.changed
12-28 13:54:45.308  1576  1576 I IntelligentScene: sendMsgToLoadIcons
12-28 13:54:45.308  1576  1888 I IntelligentScene: checkAppExist
12-28 13:54:45.309  1576  1888 I IntelligentScene: getTopEventTypes()
12-28 13:54:45.311 17531 17545 I HwIntelligent3_IntelligentProvider: Provider.call: getTopEventTypes
12-28 13:54:45.326 17531 17545 E HwIntelligent3_PropertiesUtil: get default is_support_quantified_self
12-28 13:54:45.329 17531 17545 E HwIntelligent3_CardDataFactory: card_type is null or card type isnot supported
12-28 13:54:45.329 17531 17545 E HwIntelligent3_PropertiesUtil: get default is_support_quantified_self
12-28 13:54:45.330 17531 17600 E HwIntelligent3_WeatherManager: parseWeatherAlarmCity: info is not sufficient! jawsString is ["{\"alarm_id\":\"8202\",\"alarm_type\":5,\"alarm_type_name\":\"\",\"level\":1,\"level_name\":\"\",\"observationtime\":1482838800000,\"alarm_text\":\"\"}"]
12-28 13:54:45.331 17531 17600 E HwIntelligent3_WeatherManager: parseTempeData is null : current_temperature
12-28 13:54:45.331 17531 17600 E HwIntelligent3_WeatherManager: parseTempeData is null : curr_hightemp
12-28 13:54:45.331 17531 17600 E HwIntelligent3_WeatherManager: parseTempeData is null : curr_lowtemp
12-28 13:54:45.331 17531 17600 E HwIntelligent3_WeatherManager: parseTempeData is null : night_current_temperature
12-28 13:54:45.331 17531 17600 E HwIntelligent3_WeatherManager: parseTempeData is null : night_curr_hightemp
12-28 13:54:45.331 17531 17600 E HwIntelligent3_WeatherManager: parseTempeData is null : night_curr_lowtemp
12-28 13:54:45.331 17531 17600 E HwIntelligent3_WeatherAlarmStratgy: cw is not null
12-28 13:54:45.331 17531 17545 E HwIntelligent3_PropertiesUtil: get default is_support_quantified_self
12-28 13:54:45.331 17531 17574 I CalendarSync: recessInfoKey : null
12-28 13:54:45.332 17531 17574 I PlaceRecognitionService: work start startId : 1
12-28 13:54:45.333 17531 17574 I PRController: startModules
12-28 13:54:45.334 17531 17545 E HwIntelligent3_WeatherManager: parseTempeData is null : current_temperature
12-28 13:54:45.334 17531 17574 I BaseAlarmModule: LEAVE_OFFICE_REMINDER schedule
12-28 13:54:45.334 17531 17545 E HwIntelligent3_WeatherManager: parseTempeData is null : curr_hightemp
12-28 13:54:45.334 17531 17545 E HwIntelligent3_WeatherManager: parseTempeData is null : curr_lowtemp
12-28 13:54:45.334 17531 17545 E HwIntelligent3_WeatherManager: parseTempeData is null : night_current_temperature
12-28 13:54:45.334 17531 17545 E HwIntelligent3_WeatherManager: parseTempeData is null : night_curr_hightemp
12-28 13:54:45.334 17531 17545 E HwIntelligent3_WeatherManager: parseTempeData is null : night_curr_lowtemp
12-28 13:54:45.334 17531 17545 E HwIntelligent3_WeatherAlarmStratgy: cw is not null
12-28 13:54:45.337 17531 17600 E HwIntelligent3_WeatherCardData: notifyDataChanged error !! mChangedListener is null
12-28 13:54:45.338 17531 17545 E HwIntelligent3_PropertiesUtil: get default is_support_quantified_self
12-28 13:54:45.344  2241  4322 I PgedBinderListener: kstate callback type:8 value1=16520 value2=KILLED
12-28 13:54:45.349 17531 17574 E BaseAlarmModule: module LEAVE_OFFICE_REMINDER alarm info not valid!
12-28 13:54:45.350 17531 17574 I BaseAlarmModule: OVERTIME_REMINDER schedule
12-28 13:54:45.355  1576  1888 I IntelligentScene:  icon.size =0
12-28 13:54:45.356 17531 17574 E OverTimeReminder: workingTime or place is not clustered!
12-28 13:54:45.356 17531 17574 E BaseAlarmModule: module OVERTIME_REMINDER alarm info not valid!
12-28 13:54:45.357 17531 17574 I BaseAlarmModule: ENTER_OFFICE_REMINDER schedule
12-28 13:54:45.359  1576  1576 I SceneView: update()
12-28 13:54:45.360  1576  1576 I SceneView: IntelligentScene display : true, size = 0
12-28 13:54:45.364 17531 17574 E BaseAlarmModule: module ENTER_OFFICE_REMINDER alarm info not valid!
12-28 13:54:45.365 17531 17574 I BaseAlarmModule: POSITION_COLLECTOR schedule
12-28 13:54:45.367  2241  2256 I PgedBinderListener: kstate callback type:8 value1=16556 value2=KILLED
12-28 13:54:45.368  2241  2254 I PgedBinderListener: kstate callback type:8 value1=16520 value2=KILLED
12-28 13:54:45.369 17531 17574 I BaseAlarmModule: module POSITION_COLLECTOR alarm type : 1 repeating : false interval : -1 trigger : 2016-12-28 14:05:17 isMissed : false
12-28 13:54:45.372 17531 17574 I BaseAlarmModule: POSITION_CLUSTER schedule
12-28 13:54:45.372   364  2092 I gralloc : Alloc req: dev=0x7f8f8c2540, w=16, h=16, format=0x1, usage=0x100
12-28 13:54:45.373   364  2092 I gralloc : Alloc handle(0x7f799c7400): interfmt=0x1, stride=64, size=4096
12-28 13:54:45.373 17603 17616 E linker  : readlink('/proc/self/fd/24') failed: Permission denied [fd=24]
12-28 13:54:45.373 17603 17616 E linker  : warning: unable to get realpath for the library "/system/lib64/hw/gralloc.hi3650.so". Will use given name.
12-28 13:54:45.375   364  2123 I gralloc : Free handle(0x7f799c7400)
12-28 13:54:45.376   993  2209 E HsmCoreServiceImpl: onTransact in code is: 102
12-28 13:54:45.376   993  2209 I MediaProcessHandler: processOp opType: 1, uid: 10083, pid: 16556
12-28 13:54:45.376   993  2209 W MediaProcessHandler: remove target not exist, maybe the UI process: uid: 10083, pid: 16556
12-28 13:54:45.387   993  1116 I art     : GC statistics: 1 time(s), freed 48818(3MB) objects, paused 1.342ms total 26.092ms
12-28 13:54:45.387   993  1116 I art     : Explicit concurrent mark sweep GC freed 43815(2MB) AllocSpace objects, 5(104KB) LOS objects, 6% free, 55MB/59MB, paused 1.599ms total 117.717ms at PackageManager thread CareAboutPauseTimes 1
12-28 13:54:45.389 17402 17402 I art     : System.exit called, status: 0
12-28 13:54:45.389 17402 17402 I AndroidRuntime: VM exiting with result code 0.
12-28 13:54:45.390 17531 17574 I BaseAlarmModule: module POSITION_CLUSTER alarm type : 0 repeating : false interval : -1 trigger : 2016-12-29 00:00:00 isMissed : false
12-28 13:54:45.391   993  1116 I HwPFWLogger: AppAutoStartupPolicy:prevent start receiver of package com.akazam.android.wlandialer for action android.intent.action.PACKAGE_ADDED
12-28 13:54:45.391   993  1116 I HwPFWLogger: AppAutoStartupPolicy:prevent start receiver of package com.akazam.android.wlandialer for action android.intent.action.PACKAGE_ADDED
12-28 13:54:45.391   993  1116 I HwPFWLogger: AppAutoStartupPolicy:prevent start receiver of package com.autonavi.minimap for action android.intent.action.PACKAGE_ADDED
12-28 13:54:45.393 17603 17603 W System  : ClassLoader referenced unknown path: /system/app/CalendarProvider/lib/arm64
12-28 13:54:45.396  2587  2587 I Bluetooth_app: BluetoothMapAppObserver:onReceive
12-28 13:54:45.396  2587  2587 I Bluetooth_app: BluetoothMapAppObserver:The installed package is: com.koudle.andyogaexample
12-28 13:54:45.398  1724  1724 I HwSystemManager: HsmPackageManager:Receive intent:Intent { act=android.intent.action.PACKAGE_ADDED dat=package:com.koudle.andyogaexample flg=0x4000010 (has extras) }
12-28 13:54:45.398  1724  1724 I HwSystemManager: HsmPackageManager:replacing:false
12-28 13:54:45.398  1724  1724 I HwSystemManager: HsmPackageManager:pkgName:com.koudle.andyogaexample
12-28 13:54:45.401  1576  1576 I IntelligentScene: mPackageReceiver, action= android.intent.action.PACKAGE_ADDED
12-28 13:54:45.401  1576  1576 I IntelligentScene: packageName = com.koudle.andyogaexample
12-28 13:54:45.404  9651  9651 I PushLog2714: [main-1]action is android.intent.action.PACKAGE_ADDED(android/null:-1)
12-28 13:54:45.405  2306  2306 I HwLauncher: SimpleLauncherModeaction= android.intent.action.PACKAGE_ADDEDpackageName = com.koudle.andyogaexample
12-28 13:54:45.405  2306  2306 W HwLauncher: SimpleLauncherMode onReceive : It's normal Launcher now, do not handle add packages
12-28 13:54:45.405  2306  2306 I HwLauncher: LauncherDownloadModel onReceive intent=Intent { act=android.intent.action.PACKAGE_ADDED dat=package:com.koudle.andyogaexample flg=0x4000010 (has extras) }
12-28 13:54:45.406 17531 17574 I PlaceRecognitionService: work start startId : 2
12-28 13:54:45.409 17531 17574 I PRController: setCommuteType type : 2
12-28 13:54:45.410 17531 17574 I PlaceRecognitionService: work start startId : 3
12-28 13:54:45.410 17531 17574 I PRController: setModuleOn ENTER_OFFICE_REMINDER on : true
12-28 13:54:45.410 17531 17574 W PRController: ENTER_OFFICE_REMINDER already started!
12-28 13:54:45.411 17531 17574 W PRController: core module already started!
12-28 13:54:45.411 17531 17574 I PlaceRecognitionService: work start startId : 4
12-28 13:54:45.411 17531 17574 I PRController: setModuleOn LEAVE_OFFICE_REMINDER on : true
12-28 13:54:45.411 17531 17574 W PRController: LEAVE_OFFICE_REMINDER already started!
12-28 13:54:45.411 17531 17574 W PRController: core module already started!
12-28 13:54:45.411 17531 17574 I PlaceRecognitionService: work start startId : 5
12-28 13:54:45.411 17531 17574 I PRController: setModuleOn OVERTIME_REMINDER on : true
12-28 13:54:45.411 17531 17574 W PRController: OVERTIME_REMINDER already started!
12-28 13:54:45.411 17531 17574 W PRController: core module already started!
12-28 13:54:45.411 17531 17574 I PlaceRecognitionService: work done startId : 2
12-28 13:54:45.411 17531 17574 I PlaceRecognitionService: work done startId : 3
12-28 13:54:45.411 17531 17574 I PlaceRecognitionService: work done startId : 4
12-28 13:54:45.412  1724  1724 I HwSystemManager: HsmPackageManager:doAppInstalled, installed: com.koudle.andyogaexample, prePkgExist:false, replacing:false
12-28 13:54:45.414 17531 17574 I PlaceRecognitionService: work done startId : 5
12-28 13:54:45.415  2587  2587 I Bluetooth_app: BluetoothMapAppObserver:Found 0 application(s) with intent android.bluetooth.action.BLUETOOTH_MAP_PROVIDER
12-28 13:54:45.416  2241  2256 I PgedBinderListener: kstate callback type:8 value1=16556 value2=KILLED
12-28 13:54:45.416   993  1437 I InputReader: Reconfiguring input devices.  changes=0x00000010
12-28 13:54:45.422  2587  2587 I Bluetooth_app: BluetoothMapAppObserver:Found 0 application(s) with intent android.bluetooth.action.BLUETOOTH_MAP_IM_PROVIDER
12-28 13:54:45.442   993  2271 E HsmCoreServiceImpl: onTransact in code is: 102
12-28 13:54:45.442   993  2271 I MediaProcessHandler: processOp opType: 1, uid: 10048, pid: 16520
12-28 13:54:45.442   993  2271 W MediaProcessHandler: remove target not exist, maybe the UI process: uid: 10048, pid: 16520
12-28 13:54:45.452  1724  2510 W HwSystemManager: StartupConfData:getStartupAllowCfgCloud for com.koudle.andyogaexample, isRec true return default
12-28 13:54:45.456   993  2271 I PackageManager: Start dump, calling from : pid=17636, uid=2000
12-28 13:54:45.471  2306  2655 W OpenGLRenderer: Incorrectly called buildLayer on View: ShortcutAndWidgetContainer, destroying layer...
12-28 13:54:45.472  2306  2655 W OpenGLRenderer: Incorrectly called buildLayer on View: ShortcutAndWidgetContainer, destroying layer...
12-28 13:54:45.486  1724  2510 W HwSystemManager: StartupConsistencyChecker:loadNewPackageDefaultData not valid startupInfo of com.koudle.andyogaexample
12-28 13:54:45.491 17603 17603 I HwCust  : Constructor found for class android.app.HwCustAlarmManagerImpl
12-28 13:54:45.495   364   419 I gralloc : Alloc req: dev=0x7f8f8c2540, w=16, h=16, format=0x1, usage=0x100
12-28 13:54:45.495   364   419 I gralloc : Alloc handle(0x7f89354200): interfmt=0x1, stride=64, size=4096
12-28 13:54:45.496 17623 17639 E linker  : readlink('/proc/self/fd/23') failed: Permission denied [fd=23]
12-28 13:54:45.498   993  2274 I AccountManagerService: getTypesVisibleToCaller: isPermitted? true
12-28 13:54:45.498 17623 17639 E linker  : warning: unable to get realpath for the library "/system/lib64/hw/gralloc.hi3650.so". Will use given name.
12-28 13:54:45.499  2202  2202 W RegisteredServicesCache: Unable to load component info ResolveInfo{53dbf16 cmb.pb/com.cmb.pboc.hce.service.HCEService m=0x108000 euid=0}
12-28 13:54:45.499  2202  2202 W RegisteredServicesCache: org.xmlpull.v1.XmlPullParserException: Meta-data does not start with <host-apdu-service> tag
12-28 13:54:45.499  2202  2202 W RegisteredServicesCache: 	at android.nfc.cardemulation.ApduServiceInfo.<init>(ApduServiceInfo.java:277)
12-28 13:54:45.499  2202  2202 W RegisteredServicesCache: 	at com.android.nfc.cardemulation.RegisteredServicesCache.getInstalledServices(RegisteredServicesCache.java:300)
12-28 13:54:45.499  2202  2202 W RegisteredServicesCache: 	at com.android.nfc.cardemulation.RegisteredServicesCache.invalidateCache(RegisteredServicesCache.java:338)
12-28 13:54:45.499  2202  2202 W RegisteredServicesCache: 	at com.android.nfc.cardemulation.RegisteredServicesCache$1.onReceive(RegisteredServicesCache.java:171)
12-28 13:54:45.499  2202  2202 W RegisteredServicesCache: 	at android.app.LoadedApk$ReceiverDispatcher$Args.run(LoadedApk.java:969)
12-28 13:54:45.499  2202  2202 W RegisteredServicesCache: 	at android.os.Handler.handleCallback(Handler.java:743)
12-28 13:54:45.499  2202  2202 W RegisteredServicesCache: 	at android.os.Handler.dispatchMessage(Handler.java:95)
12-28 13:54:45.499  2202  2202 W RegisteredServicesCache: 	at android.os.Looper.loop(Looper.java:150)
12-28 13:54:45.499  2202  2202 W RegisteredServicesCache: 	at android.app.ActivityThread.main(ActivityThread.java:5665)
12-28 13:54:45.499  2202  2202 W RegisteredServicesCache: 	at java.lang.reflect.Method.invoke(Native Method)
12-28 13:54:45.499  2202  2202 W RegisteredServicesCache: 	at com.android.internal.os.ZygoteInit$MethodAndArgsCaller.run(ZygoteInit.java:822)
12-28 13:54:45.499  2202  2202 W RegisteredServicesCache: 	at com.android.internal.os.ZygoteInit.main(ZygoteInit.java:712)
12-28 13:54:45.501   364   492 I gralloc : Free handle(0x7f89354200)
12-28 13:54:45.502  2202  2202 E CardEmulation: AID 2PAY.SYS.DDF01 is not a valid AID.
12-28 13:54:45.502  2202  2202 E ApduServiceInfo: Ignoring invalid or duplicate aid: 2PAY.SYS.DDF01
12-28 13:54:45.519  2202  2202 E RegisteredServicesCache: invalidateCache set mNeedToastTableFull
12-28 13:54:45.520  2202  2202 E RegisteredServicesCache: ServiceStateFileVersion=1.0
12-28 13:54:45.520  2202  2202 E RegisteredServicesCache: Next Tag=services
12-28 13:54:45.520  2202  2202 E RegisteredServicesCache:  Writing service state Data Always
12-28 13:54:45.530  2202  2202 E RegisteredServicesCache:  Writing service state Data Always
12-28 13:54:45.557 17648 17648 E dex2oat : Failed to create oat file: /data/dalvik-cache/arm64/data@app@com.huawei.appmarket-2@base.apk@classes.dex: Permission denied
12-28 13:54:45.557 17648 17648 I dex2oat : dex2oat took 584.375us (threads: 4) 
12-28 13:54:45.559 17623 17623 W art     : Failed execv(/system/bin/dex2oat --runtime-arg -classpath --runtime-arg  --instruction-set=arm64 --instruction-set-features=smp,a53 --runtime-arg -Xrelocate --boot-image=/system/framework/boot.art --runtime-arg -Xms64m --runtime-arg -Xmx512m --instruction-set-variant=generic --instruction-set-features=default --dex-file=/data/app/com.huawei.appmarket-2/base.apk --oat-file=/data/dalvik-cache/arm64/data@app@com.huawei.appmarket-2@base.apk@classes.dex) because non-0 exit status
12-28 13:54:45.606  2202  2228 I art     : Object allocation is busy now, so prior to grow the heap. New heap size is 23 MB
12-28 13:54:45.687 16667 16934 W Icing   : CLD2 bad utf8
12-28 13:54:45.726   993  1099 W Searchables: No global search activity found
12-28 13:54:45.726   993  1099 I SendBroadcastPermission: action:android.search.action.SEARCHABLES_CHANGED, mPermissionType:0
12-28 13:54:45.727   993  1099 I LocationProviderProxy-fused: bindBestPackage for com.android.location.service.FusedLocationProvider :  found 3, new best package: com.amap.android.ams
12-28 13:54:45.727   993  1099 I LocationProviderProxy-fused: bind the same package:com.amap.android.ams return!
12-28 13:54:45.727   993  1099 I FusedProxy: bindBestPackage for com.android.location.service.FusedProvider :  found 2, new best package: com.amap.android.ams
12-28 13:54:45.727   993  1099 I FusedProxy: bind the same package:com.amap.android.ams return!
12-28 13:54:45.728   993  1099 I ActivityRecognitionProxy: bindBestPackage for com.android.location.service.ActivityRecognitionProvider :  found 3, no new best package
