12-28 13:55:49.976   993  1451 E WifiConfigStore: updateConfiguration freq=5765 BSSID=64:f6:9d:39:c9:ce RSSI=-58 "Tencent-StaffWiFi"NONE
12-28 13:55:49.979   993   993 I QosMonitor: queryRtt: rtt_type = 3
12-28 13:55:49.979   993   993 I WifiProJNI: ######### GET RTT:3 ########
12-28 13:55:49.979   993  1495 I QosMonitor: postEventFromNative: msg=100,arg1=4,arg2=9
12-28 13:55:49.979   993  1495 W WifiProJNI: poll before: g_monitor_fd =182
12-28 13:55:49.979   993  1497 I HuaweiWifiWatchdogStateMachine: spd good count:0, add sc:0.0, rate:1.0
12-28 13:55:49.979   993  1497 I HuaweiWifiWatchdogStateMachine: current mHighDataFlowRate = 1.0
12-28 13:55:49.980   993  1497 I HuaweiWifiWatchdogStateMachine: POta txb txg rxg:0, 4, 0. Lr =0% Totpkt=4
12-28 13:55:49.980   993   993 I WifiProJNI: ######### CMD_QUERY_PKTS ########
12-28 13:55:49.980   993   993 I QosMonitor: resetRtt: rtt_type = 3
12-28 13:55:49.980   993   993 I WifiProJNI: ######### RESET RTT:3 ########
12-28 13:55:49.980   993  1495 I QosMonitor: postEventFromNative: msg=100,arg1=0,arg2=9
12-28 13:55:49.980   993  1495 W WifiProJNI: poll before: g_monitor_fd =182
12-28 13:55:49.982   993  1497 I HuaweiWifiWatchdogStateMachine: PTcp RTT:0, rtt pkt=0, tcp_rx=2, tcp_tx=2, tcp_reTran=0, rtRate=0
12-28 13:55:49.982   993  1497 I HuaweiWifiWatchdogStateMachine: rs ota tcp lr rttvb bad: false, false, false, false, false; rsth:-75
12-28 13:55:49.983   993  1497 I HuaweiWifiWatchdogStateMachine:  pkt chk not bad, reset sc to 0.
12-28 13:55:50.175  1576  1576 I NetworkSpeedManagerEx: mIsStop = false
12-28 13:55:50.179  1576  1576 I NetworkSpeedManagerEx:  value = 0.0
12-28 13:55:50.181  1576  1576 I NetworkSpeedManagerEx: speed = 0K/s
12-28 13:55:50.181  1576  1576 I NetworkSpeedView: /update(), speed=0K/s
12-28 13:55:50.194  1576  1576 W View    : requestLayout() improperly called by com.android.systemui.statusbar.phone.IconMerger{de50a0a V.E...... ......I. 0,0-225,60 #7f1000e8 app:id/notificationIcons} during layout: running second layout pass
12-28 13:55:50.197   993  1451 E WifiConfigStore: updateConfiguration freq=5765 BSSID=64:f6:9d:39:c9:ce RSSI=-58 "Tencent-StaffWiFi"NONE
12-28 13:55:50.894  2278  6264 I HwPowerMonitor.PowerExceptionObservable: unhandled onEvent actionID: 3002
12-28 13:55:50.894  2587  2904 I Bluetooth_app: HeadsetStateMachine:Disconnected process message: 10, size: 0
12-28 13:55:50.894  2278  6264 W HwPowerMonitor.DayActObserver: mModemLogStatsTimes = 0, ModemLogState = 0
12-28 13:55:50.894  2278  6264 W HwPowerMonitor.DayActObserver: BAT_CHANGED, mIsScrnOffBatStatsEnabled = true, mIsCharging = true, mIsScrnOfBatDropMonitorStart = false
12-28 13:55:50.907  1576  1576 W View    : requestLayout() improperly called by com.android.systemui.statusbar.phone.IconMerger{de50a0a V.E...... ........ 0,0-225,60 #7f1000e8 app:id/notificationIcons} during second layout pass: posting in next frame
12-28 13:55:50.958   993   993 I TrafficMonitor: expired arrive. level:-1
12-28 13:55:50.958   993   993 I TrafficMonitor: during_ms:2002,period_ms:2000
12-28 13:55:50.958   993   993 I TrafficMonitor: count:329,rx_sum:0,tx_sum:0,rxBytes:0,during_ms:2002,rx_speed:0.0,tx_speed:0.0,rto:0.0
12-28 13:55:51.966   993   993 I TrafficMonitor: update:rxPkts:0,txPkts:0,rxBytes:0,txBytes:0
12-28 13:55:51.966   993   993 I TrafficMonitor: start expired. level:-1
12-28 13:55:51.966   993   993 I TrafficMonitor: gettimer:interval=2000
12-28 13:55:53.183  1576  1576 I NetworkSpeedManagerEx: mIsStop = false
12-28 13:55:53.184  1576  1576 I NetworkSpeedManagerEx:  value = 0.0
12-28 13:55:53.186  1576  1576 I NetworkSpeedManagerEx: speed = 0K/s
12-28 13:55:53.186  1576  1576 I NetworkSpeedView: /update(), speed=0K/s
12-28 13:55:53.208   993  1451 E WifiConfigStore: updateConfiguration freq=5765 BSSID=64:f6:9d:39:c9:ce RSSI=-58 "Tencent-StaffWiFi"NONE
12-28 13:55:53.968   993   993 I TrafficMonitor: update:rxPkts:0,txPkts:0,rxBytes:0,txBytes:0
12-28 13:55:53.968   993   993 I TrafficMonitor: start expired. level:-1
12-28 13:55:53.968   993   993 I TrafficMonitor: gettimer:interval=2000
12-28 13:55:55.971   993   993 I TrafficMonitor: update:rxPkts:0,txPkts:0,rxBytes:0,txBytes:0
12-28 13:55:55.971   993   993 I TrafficMonitor: start expired. level:-1
12-28 13:55:55.971   993   993 I TrafficMonitor: gettimer:interval=2000
12-28 13:55:56.190  1576  1576 I NetworkSpeedManagerEx: mIsStop = false
12-28 13:55:56.192  1576  1576 I NetworkSpeedManagerEx:  value = 0.0
12-28 13:55:56.193  1576  1576 I NetworkSpeedManagerEx: speed = 0K/s
12-28 13:55:56.193  1576  1576 I NetworkSpeedView: /update(), speed=0K/s
12-28 13:55:56.219   993  1451 E WifiConfigStore: updateConfiguration freq=5765 BSSID=64:f6:9d:39:c9:ce RSSI=-57 "Tencent-StaffWiFi"NONE
12-28 13:55:56.967   993   993 I TrafficMonitor: expired arrive. level:-1
12-28 13:55:56.967   993   993 I TrafficMonitor: during_ms:2002,period_ms:2000
12-28 13:55:56.967   993   993 I TrafficMonitor: count:332,rx_sum:0,tx_sum:0,rxBytes:0,during_ms:2002,rx_speed:0.0,tx_speed:0.0,rto:0.0
12-28 13:55:57.972   993   993 I TrafficMonitor: update:rxPkts:0,txPkts:0,rxBytes:0,txBytes:0
12-28 13:55:57.972   993   993 I TrafficMonitor: start expired. level:-1
12-28 13:55:57.972   993   993 I TrafficMonitor: gettimer:interval=2000
12-28 13:55:57.979   993  1451 E WifiConfigStore: updateConfiguration freq=5765 BSSID=64:f6:9d:39:c9:ce RSSI=-57 "Tencent-StaffWiFi"NONE
12-28 13:55:57.982   993   993 I QosMonitor: queryRtt: rtt_type = 3
12-28 13:55:57.982   993   993 I WifiProJNI: ######### GET RTT:3 ########
12-28 13:55:57.982   993  1495 I QosMonitor: postEventFromNative: msg=100,arg1=4,arg2=9
12-28 13:55:57.982   993  1495 W WifiProJNI: poll before: g_monitor_fd =182
12-28 13:55:57.982   993  1497 I HuaweiWifiWatchdogStateMachine: spd good count:0, add sc:0.0, rate:1.0
12-28 13:55:57.982   993  1497 I HuaweiWifiWatchdogStateMachine: current mHighDataFlowRate = 1.0
12-28 13:55:57.982   993  1497 I HuaweiWifiWatchdogStateMachine: POta txb txg rxg:0, 1, 0. Lr =0% Totpkt=1
12-28 13:55:57.982   993   993 I WifiProJNI: ######### CMD_QUERY_PKTS ########
12-28 13:55:57.982   993  1495 I QosMonitor: postEventFromNative: msg=100,arg1=0,arg2=9
12-28 13:55:57.982   993  1495 W WifiProJNI: poll before: g_monitor_fd =182
12-28 13:55:57.985   993  1497 I HuaweiWifiWatchdogStateMachine: PTcp RTT:0, rtt pkt=0, tcp_rx=0, tcp_tx=0, tcp_reTran=0, rtRate=0
12-28 13:55:57.985   993  1497 I HuaweiWifiWatchdogStateMachine: rs ota tcp lr rttvb bad: false, false, false, false, false; rsth:-75
12-28 13:55:57.985   993  1497 I HuaweiWifiWatchdogStateMachine:  pkt chk not bad, reset sc to 0.
12-28 13:55:59.194  1576  1576 I NetworkSpeedManagerEx: mIsStop = false
12-28 13:55:59.196  1576  1576 I NetworkSpeedManagerEx:  value = 34.666668
12-28 13:55:59.198  1576  1576 I NetworkSpeedManagerEx: speed = 35B/s
12-28 13:55:59.198  1576  1576 I NetworkSpeedView: /update(), speed=35B/s
12-28 13:55:59.203  1576  1576 W View    : requestLayout() improperly called by com.android.systemui.statusbar.phone.IconMerger{de50a0a V.E...... ......I. 0,0-225,60 #7f1000e8 app:id/notificationIcons} during layout: running second layout pass
12-28 13:55:59.229   993  1451 E WifiConfigStore: updateConfiguration freq=5765 BSSID=64:f6:9d:39:c9:ce RSSI=-56 "Tencent-StaffWiFi"NONE
12-28 13:55:59.802  1576  1576 W View    : requestLayout() improperly called by com.android.systemui.statusbar.phone.IconMerger{de50a0a V.E...... ........ 0,0-225,60 #7f1000e8 app:id/notificationIcons} during second layout pass: posting in next frame
12-28 13:55:59.826  1723  1723 I wpa_supplicant: wlan0: HEART-BEAT-ACK: 446
12-28 13:55:59.826   993  1891 W WifiMonitor: couldn't identify event type - HEART-BEAT-ACK: 446
12-28 13:55:59.972   993   993 I TrafficMonitor: update:rxPkts:1,txPkts:1,rxBytes:52,txBytes:52
12-28 13:55:59.972   993   993 I TrafficMonitor: start expired. level:-1
12-28 13:55:59.972   993   993 I TrafficMonitor: gettimer:interval=2000
12-28 13:56:00.011  1576  1576 I TimeManager: receiver action = android.intent.action.TIME_TICK
12-28 13:56:00.019  2306  2306 I HwLauncher: Model  onReceive intent=Intent { act=android.intent.action.TIME_TICK flg=0x50000014 (has extras) }
12-28 13:56:00.019  2306  2306 I HwLauncher: Model  onReceive user=UserHandle{0}
12-28 13:56:00.072  2306  2316 I art     : GC statistics: 16 time(s), freed 100316(39MB) objects, paused 12.023ms total 396.979ms
12-28 13:56:01.974   993   993 I TrafficMonitor: update:rxPkts:0,txPkts:0,rxBytes:0,txBytes:0
12-28 13:56:01.974   993   993 I TrafficMonitor: start expired. level:-1
12-28 13:56:01.974   993   993 I TrafficMonitor: gettimer:interval=2000
12-28 13:56:02.202  1576  1576 I NetworkSpeedManagerEx: mIsStop = false
12-28 13:56:02.207  1576  1576 I NetworkSpeedManagerEx:  value = 0.0
12-28 13:56:02.211  1576  1576 I NetworkSpeedManagerEx: speed = 0K/s
12-28 13:56:02.211  1576  1576 I NetworkSpeedView: /update(), speed=0K/s
12-28 13:56:02.221  1576  1576 W View    : requestLayout() improperly called by com.android.systemui.statusbar.phone.IconMerger{de50a0a V.E...... ......I. 0,0-225,60 #7f1000e8 app:id/notificationIcons} during layout: running second layout pass
12-28 13:56:02.240   993  1451 E WifiConfigStore: updateConfiguration freq=5765 BSSID=64:f6:9d:39:c9:ce RSSI=-56 "Tencent-StaffWiFi"NONE
12-28 13:56:02.972   993   993 I TrafficMonitor: expired arrive. level:-1
12-28 13:56:02.972   993   993 I TrafficMonitor: during_ms:2001,period_ms:2000
12-28 13:56:02.973   993   993 I TrafficMonitor: count:335,rx_sum:0,tx_sum:0,rxBytes:0,during_ms:2001,rx_speed:0.0,tx_speed:0.0,rto:0.0
12-28 13:56:03.976   993   993 I TrafficMonitor: update:rxPkts:0,txPkts:0,rxBytes:0,txBytes:0
12-28 13:56:03.976   993   993 I TrafficMonitor: start expired. level:-1
12-28 13:56:03.976   993   993 I TrafficMonitor: gettimer:interval=2000
12-28 13:56:04.666   993  2244 I SendBroadcastPermission: action:android.intent.action.SIG_STR, mPermissionType:0
12-28 13:56:04.672  1576  1633 I HwMobileSignalController: subId:0 phoneType:2 networktype:13 targetClass:3 masterLevel:3 slaveLevel:4
12-28 13:56:05.214  1576  1576 I NetworkSpeedManagerEx: mIsStop = false
12-28 13:56:05.218  1576  1576 I NetworkSpeedManagerEx:  value = 0.0
12-28 13:56:05.220  1576  1576 I NetworkSpeedManagerEx: speed = 0K/s
12-28 13:56:05.220  1576  1576 I NetworkSpeedView: /update(), speed=0K/s
12-28 13:56:05.237  1576  1576 W View    : requestLayout() improperly called by com.android.systemui.statusbar.phone.IconMerger{de50a0a V.E...... ........ 0,0-225,60 #7f1000e8 app:id/notificationIcons} during second layout pass: posting in next frame
12-28 13:56:05.257   993  1451 E WifiConfigStore: updateConfiguration freq=5765 BSSID=64:f6:9d:39:c9:ce RSSI=-56 "Tencent-StaffWiFi"NONE
12-28 13:56:05.428   993  1429 W AlarmManager: WAKEUP alarm trigger action = com.android.bluetooth.btservice.action.ALARM_WAKEUP elapsed = 7228275
12-28 13:56:05.430  2587  2865 I bt_btm  : btm_ble_timeout
12-28 13:56:05.430  2587  2865 I bt_btm  : btm_gen_resolvable_private_addr
12-28 13:56:05.430  2587  2865 I bt_btm  : btm_ble_timeout
12-28 13:56:05.430  2587  2865 I bt_btm  : btm_gen_resolvable_private_addr
12-28 13:56:05.434  2587  2790 I Bluetooth_app: BluetoothAdapterService:setWakeAlarm  delayMillis=8000, shouldWake=true, wakeupTime=7236280
12-28 13:56:05.469  2587  2865 I bt_btm  : btm_gen_resolve_paddr_low
12-28 13:56:05.469  2587  2865 I bt_btm  : btm_gen_resolve_paddr_cmpl
12-28 13:56:05.481  2587  2865 I bt_btm  : btm_gen_resolve_paddr_low
12-28 13:56:05.481  2587  2865 I bt_btm  : btm_gen_resolve_paddr_cmpl
12-28 13:56:05.940   993  2251 I SendBroadcastPermission: action:android.intent.action.SIG_STR, mPermissionType:0
12-28 13:56:05.948  1576  1633 I HwMobileSignalController: subId:0 phoneType:2 networktype:13 targetClass:3 masterLevel:3 slaveLevel:4
12-28 13:56:05.977   993   993 I TrafficMonitor: update:rxPkts:0,txPkts:0,rxBytes:0,txBytes:0
12-28 13:56:05.977   993   993 I TrafficMonitor: start expired. level:-1
12-28 13:56:05.977   993   993 I TrafficMonitor: gettimer:interval=2000
12-28 13:56:05.985   993  1451 E WifiConfigStore: updateConfiguration freq=5765 BSSID=64:f6:9d:39:c9:ce RSSI=-57 "Tencent-StaffWiFi"NONE
12-28 13:56:05.988   993   993 I QosMonitor: queryRtt: rtt_type = 3
12-28 13:56:05.988   993   993 I WifiProJNI: ######### GET RTT:3 ########
12-28 13:56:05.988   993  1495 I QosMonitor: postEventFromNative: msg=100,arg1=4,arg2=9
12-28 13:56:05.988   993  1495 W WifiProJNI: poll before: g_monitor_fd =182
12-28 13:56:05.989   993  1497 I HuaweiWifiWatchdogStateMachine: spd good count:0, add sc:0.0, rate:1.0
12-28 13:56:05.989   993  1497 I HuaweiWifiWatchdogStateMachine: current mHighDataFlowRate = 1.0
12-28 13:56:05.989   993  1497 I HuaweiWifiWatchdogStateMachine: POta txb txg rxg:0, 3, 0. Lr =0% Totpkt=3
12-28 13:56:05.989   993   993 I WifiProJNI: ######### CMD_QUERY_PKTS ########
12-28 13:56:05.989   993  1495 I QosMonitor: postEventFromNative: msg=100,arg1=0,arg2=9
12-28 13:56:05.989   993  1495 W WifiProJNI: poll before: g_monitor_fd =182
12-28 13:56:05.991   993  1497 I HuaweiWifiWatchdogStateMachine: PTcp RTT:0, rtt pkt=0, tcp_rx=1, tcp_tx=1, tcp_reTran=0, rtRate=0
12-28 13:56:05.991   993  1497 I HuaweiWifiWatchdogStateMachine: rs ota tcp lr rttvb bad: false, false, false, false, false; rsth:-75
12-28 13:56:05.992   993  1497 I HuaweiWifiWatchdogStateMachine:  pkt chk not bad, reset sc to 0.
12-28 13:56:07.390   530   530 E Thermal-daemon: [pa_0] temp_new :33  temp_old :34
12-28 13:56:07.391   530   530 E Thermal-daemon: Report temperature: [pa_0] temp :33  report_threshold:1
12-28 13:56:07.980   993   993 I TrafficMonitor: update:rxPkts:0,txPkts:0,rxBytes:0,txBytes:0
12-28 13:56:07.980   993   993 I TrafficMonitor: start expired. level:-1
12-28 13:56:07.980   993   993 I TrafficMonitor: gettimer:interval=2000
12-28 13:56:08.165   993  1487 E HwCHRWifiRSSIGroupSummery: updatArpSummery mRSSI:-58  HwCHRWifiRSSIGroup [rssi_index=4, rtt_tcp_packets=0, rtt_tcp_duration=0, rtt_lan_duration=312, rtt_lan_failures=0, rtt_lan_succ=26, rtt_lan_max=24, rtt_lan_min=6]
12-28 13:56:08.224  1576  1576 I NetworkSpeedManagerEx: mIsStop = false
12-28 13:56:08.226  1576  1576 I NetworkSpeedManagerEx:  value = 0.0
12-28 13:56:08.227  1576  1576 I NetworkSpeedManagerEx: speed = 0K/s
12-28 13:56:08.227  1576  1576 I NetworkSpeedView: /update(), speed=0K/s
12-28 13:56:08.267   993  1451 E WifiConfigStore: updateConfiguration freq=5765 BSSID=64:f6:9d:39:c9:ce RSSI=-57 "Tencent-StaffWiFi"NONE
12-28 13:56:08.977   993   993 I TrafficMonitor: expired arrive. level:-1
12-28 13:56:08.977   993   993 I TrafficMonitor: during_ms:2002,period_ms:2000
12-28 13:56:08.977   993   993 I TrafficMonitor: count:338,rx_sum:0,tx_sum:0,rxBytes:0,during_ms:2002,rx_speed:0.0,tx_speed:0.0,rto:0.0
12-28 13:56:09.982   993   993 I TrafficMonitor: update:rxPkts:1,txPkts:1,rxBytes:40,txBytes:40
12-28 13:56:09.982   993   993 I TrafficMonitor: start expired. level:-1
12-28 13:56:09.982   993   993 I TrafficMonitor: gettimer:interval=2000
12-28 13:56:11.229  1576  1576 I NetworkSpeedManagerEx: mIsStop = false
12-28 13:56:11.231  1576  1576 I NetworkSpeedManagerEx:  value = 26.666666
12-28 13:56:11.233  1576  1576 I NetworkSpeedManagerEx: speed = 27B/s
12-28 13:56:11.233  1576  1576 I NetworkSpeedView: /update(), speed=27B/s
12-28 13:56:11.243  1576  1576 W View    : requestLayout() improperly called by com.android.systemui.statusbar.phone.IconMerger{de50a0a V.E...... ......I. 0,0-225,60 #7f1000e8 app:id/notificationIcons} during layout: running second layout pass
12-28 13:56:11.247  2587  2904 I Bluetooth_app: HeadsetStateMachine:Disconnected process message: 10, size: 0
12-28 13:56:11.251  2278  6264 I HwPowerMonitor.PowerExceptionObservable: unhandled onEvent actionID: 3002
12-28 13:56:11.251  2278  6264 W HwPowerMonitor.DayActObserver: mModemLogStatsTimes = 0, ModemLogState = 0
12-28 13:56:11.251  2278  6264 W HwPowerMonitor.DayActObserver: BAT_CHANGED, mIsScrnOffBatStatsEnabled = true, mIsCharging = true, mIsScrnOfBatDropMonitorStart = false
12-28 13:56:11.261  1576  1576 W View    : requestLayout() improperly called by com.android.systemui.statusbar.phone.IconMerger{de50a0a V.E...... ........ 0,0-225,60 #7f1000e8 app:id/notificationIcons} during second layout pass: posting in next frame
12-28 13:56:11.279   993  1451 E WifiConfigStore: updateConfiguration freq=5765 BSSID=64:f6:9d:39:c9:ce RSSI=-57 "Tencent-StaffWiFi"NONE
12-28 13:56:11.941   993  2153 I SendBroadcastPermission: action:android.intent.action.SIG_STR, mPermissionType:0
12-28 13:56:11.948  1576  1633 I HwMobileSignalController: subId:0 phoneType:2 networktype:13 targetClass:3 masterLevel:4 slaveLevel:4
12-28 13:56:11.982   993   993 I TrafficMonitor: update:rxPkts:0,txPkts:0,rxBytes:0,txBytes:0
12-28 13:56:11.982   993   993 I TrafficMonitor: start expired. level:-1
12-28 13:56:11.983   993   993 I TrafficMonitor: gettimer:interval=2000
12-28 13:56:12.525  2241  4322 I PgedBinderListener: kstate callback type:16 value1=1576 value2=CALLED
12-28 13:56:12.527   554   935 I logserver: handle_logfile_events, Object Path:/data/system/dropbox/, mask=0x00000080
12-28 13:56:12.527   364   421 I gralloc : Alloc req: dev=0x7f8f8c2540, w=300, h=535, format=0x1, usage=0x333
12-28 13:56:12.527   554   935 I logserver: process_one_event, event->len=48, name=data_app_crash@1482904572526.txt
12-28 13:56:12.527   554   935 I logserver: find_first_match: find match, plogs(type=1, pfile=/data/system/dropbox/, match=app_crash)
12-28 13:56:12.530   364   421 I gralloc : Alloc handle(0x7f799c7900): interfmt=0x1, stride=320, size=688128
12-28 13:56:12.530   364   419 I gralloc : Free handle(0x7f799c7900)
12-28 13:56:12.532   993   993 I SendBroadcastPermission: action:android.intent.action.DROPBOX_ENTRY_ADDED, mPermissionType:0
12-28 13:56:12.540   554   935 I logserver: is_all_ready, any file is ready in non-keyfile exception.
12-28 13:56:12.540   554   935 I logserver: extract_appname, forward search, appname=com.koudle.andyogaexample
12-28 13:56:12.540   554   935 I logserver: archive_and_send, pos=0, type=crash, output=20161228135612_crash
12-28 13:56:12.540   554   935 I logserver: ---copy_match_files enter!!--
12-28 13:56:12.540   554   935 I logserver: [copy_match_files,864]: copy [/data/system/dropbox/data_app_crash@1482904572526.txt] to [/data/log/logcache/-152041168/data_app_crash@1482904572526.txt]
12-28 13:56:12.540   554   935 I logserver: get_fault_appname, appname=com.koudle.andyogaexample
12-28 13:56:12.540   554   935 I logserver: handle_archive_exception, BASIC_MODE
12-28 13:56:12.540   554   935 I logserver: remove_last_modify_file, into 1 times, file_dir:
12-28 13:56:12.540   554   935 I logserver: remove_last_modify_file, into 1 times, file_dir:
12-28 13:56:12.541   554   935 I logserver: get_disk_available_size, Disk_available = 6371258368 B = 6076 MB
12-28 13:56:12.541   554   935 I logserver: pack_files, output_path is /data/log/unzip.
12-28 13:56:12.541   554   935 I logserver: move_input_files, create dir [/data/log/unzip/NXT-CL00_NXT-CL00C92B386_0000000000_20161228135612_crash]
12-28 13:56:12.542   554   935 I logserver: handle_archive_exception, into set notify_type
12-28 13:56:12.542   554   935 I logserver: get_notify_mode, 1
12-28 13:56:12.542   554   935 I logserver: Process 935 opened FIFO(11) for O_WRONLY
12-28 13:56:12.542   554   935 I logserver: notify_logcontrol, 935 sent /data/log/unzip/NXT-CL00_NXT-CL00C92B386_0000000000_20161228135612_crash 
12-28 13:56:12.542   554   554 I logserver: process_event
12-28 13:56:12.542   554   554 I logserver: handle_fifo_msg, read res = 460, client pid = 935, command = send log, data=/data/log/unzip/NXT-CL00_NXT-CL00C92B386_0000000000_20161228135612_crash
12-28 13:56:12.542   554   554 I logserver: handle_fifo_msg, 935 sent /data/log/unzip/NXT-CL00_NXT-CL00C92B386_0000000000_20161228135612_crash 
12-28 13:56:12.543   554   935 I logserver: check_dir_size, dir[/data/log/coredump/] doesn't exist
12-28 13:56:12.543   554   935 I logserver: clean_cur_cache:999, system(rm -r /data/log/logcache/-152041168/* > /dev/null 2>&1)
12-28 13:56:12.543   554   934 I logserver: thread_logcontrol: /data/log/logcontrol has changed.
12-28 13:56:12.543   554   934 I logserver: handle_notify_event, send msg [submit:trigger=0,bugtype=2,modulename=com.koudle.andyogaexample,level=1,testtype=NORMAL,path=/data/log/unzip/NXT-CL00_NXT-CL00C92B386_0000000000_20161228135612_crash,mode=1;]
12-28 13:56:12.543   554   934 I logserver: send_to_client, send to (9) res = 173
12-28 13:56:12.544   993  9081 W System.err: java.lang.NullPointerException: Attempt to invoke virtual method 'int com.huawei.lcagent.client.LogCollectManager.getUserType()' on a null object reference
12-28 13:56:12.544   993  9081 W System.err: 	at com.android.server.util.ReportTools.getUserType(ReportTools.java:86)
12-28 13:56:12.544   993  9081 W System.err: 	at com.android.server.util.ReportTools.isBetaUser(ReportTools.java:73)
12-28 13:56:12.544   993  9081 W System.err: 	at com.android.server.util.ReportTools.report(ReportTools.java:58)
12-28 13:56:12.544   993  9081 W System.err: 	at com.android.server.util.HwUserBehaviourRecord.appExitRecordInnerImpl(HwUserBehaviourRecord.java:125)
12-28 13:56:12.544   993  9081 W System.err: 	at com.android.server.util.HwUserBehaviourRecord.access$200(HwUserBehaviourRecord.java:32)
12-28 13:56:12.544   993  9081 W System.err: 	at com.android.server.util.HwUserBehaviourRecord$AsyUploadLooperThread$1.handleMessage(HwUserBehaviourRecord.java:255)
12-28 13:56:12.544   993  9081 W System.err: 	at android.os.Handler.dispatchMessage(Handler.java:102)
12-28 13:56:12.544 17713 17713 I Process : Sending signal. PID: 17713 SIG: 9
12-28 13:56:12.544   993  9081 W System.err: 	at android.os.Looper.loop(Looper.java:150)
12-28 13:56:12.544   993  9081 W System.err: 	at com.android.server.util.HwUserBehaviourRecord$AsyUploadLooperThread.run(HwUserBehaviourRecord.java:267)
12-28 13:56:12.544   993  9081 E ReportTools: This is not beta user build
12-28 13:56:12.546   361   361 E lowmemorykiller: Error writing /proc/17713/oom_score_adj; errno=22
12-28 13:56:12.552  2241  2256 I PgedBinderListener: kstate callback type:8 value1=17713 value2=KILLED
12-28 13:56:12.558  1724  2386 I HwSystemManager: NotificationGuideService:handle MSG_ACTIVIY_FOREGROUND, uid:10049
12-28 13:56:12.578  1724  2495 I HwResources: load icon id : 7f020075, pkgName : com.huawei.android.launcher
12-28 13:56:12.589  1724  2495 I HwResources: icon : com.huawei.android.launcher found in app
12-28 13:56:12.639  3199  3230 W DeviceInfoFile: !devFile.exists()
12-28 13:56:12.644  3199  3230 I System.out: [chown, system.log, /log/LogService/3/done/Stabilization_NXT-CL00_NXT-CL00C92B386_+s6mzQu+19Q9aOfJGQzb8kzUhhEE3WXuKGVPQvV8IVY=_20161228135612_crash_NORMAL.zip]
12-28 13:56:12.644  3199  3230 I System.out: null
12-28 13:56:12.644  3199  3230 I System.out: null
12-28 13:56:12.644  3199  3230 I System.out: Calling by::className:com.huawei.lcagent.util.FileUtils  MethodName:runCommand
12-28 13:56:12.658  3199  3230 I System.out: [chmod, 640, /log/LogService/3/done/Stabilization_NXT-CL00_NXT-CL00C92B386_+s6mzQu+19Q9aOfJGQzb8kzUhhEE3WXuKGVPQvV8IVY=_20161228135612_crash_NORMAL.zip]
12-28 13:56:12.658  3199  3230 I System.out: null
12-28 13:56:12.658  3199  3230 I System.out: null
12-28 13:56:12.658  3199  3230 I System.out: Calling by::className:com.huawei.lcagent.util.FileUtils  MethodName:runCommand
12-28 13:56:12.672  3199  3230 I System.out: [chown, system.log, /log/LogService/3/uploading/Stabilization_NXT-CL00_NXT-CL00C92B386_+s6mzQu+19Q9aOfJGQzb8kzUhhEE3WXuKGVPQvV8IVY=_20161228135612_crash_NORMAL.zip]
12-28 13:56:12.672  3199  3230 I System.out: null
12-28 13:56:12.673  3199  3230 I System.out: null
12-28 13:56:12.673  3199  3230 I System.out: Calling by::className:com.huawei.lcagent.util.FileUtils  MethodName:runCommand
12-28 13:56:12.690  3199  3230 I System.out: [chmod, 640, /log/LogService/3/uploading/Stabilization_NXT-CL00_NXT-CL00C92B386_+s6mzQu+19Q9aOfJGQzb8kzUhhEE3WXuKGVPQvV8IVY=_20161228135612_crash_NORMAL.zip]
12-28 13:56:12.690  3199  3230 I System.out: null
12-28 13:56:12.690  3199  3230 I System.out: null
12-28 13:56:12.690  3199  3230 I System.out: Calling by::className:com.huawei.lcagent.util.FileUtils  MethodName:runCommand
12-28 13:56:12.710  3199  3229 E PackageLogInfoManager: checkPackageLogState, cr: android.app.ContextImpl$ApplicationContentResolver@1e86821, packageNames: null
12-28 13:56:12.724   993  1003 I art     : GC statistics: 1 time(s), freed 45634(3MB) objects, paused 4.314ms total 46.221ms
12-28 13:56:12.724   993  1003 I art     : Background partial concurrent mark sweep GC freed 52996(3MB) AllocSpace objects, 22(832KB) LOS objects, 6% free, 55MB/59MB, paused 2.306ms total 208.760ms at HeapTaskDaemon thread CareAboutPauseTimes 1
12-28 13:56:12.732   364   492 I gralloc : Free handle(0x7f79604c00)
12-28 13:56:12.732   364   492 I gralloc : Free handle(0x7f79604e00)
12-28 13:56:12.734   993  2234 E HsmCoreServiceImpl: onTransact in code is: 102
12-28 13:56:12.734   993  2234 I MediaProcessHandler: processOp opType: 1, uid: 10583, pid: 17713
12-28 13:56:12.734   993  2234 W MediaProcessHandler: remove target not exist, maybe the UI process: uid: 10583, pid: 17713
12-28 13:56:12.757  2306  2306 I HwLauncher: Launcher onStart()
12-28 13:56:12.757  2306  2306 I HwLauncher: Launcher dynamicIconsRegister
12-28 13:56:12.757  2306  2306 I HwLauncher: DynamicUpdater registerReceiver
12-28 13:56:12.758  2306  2306 I HwLauncher: DynamicUpdater call updateFolder
12-28 13:56:12.758  2306  2306 I HwLauncher: DynamicIcon onResume  isvisible = false   mAttachedToWindow:true    mWindowVisible:falsecom.android.deskclock
12-28 13:56:12.758  2306  2306 I HwLauncher: DynamicUpdater registerReceiver
12-28 13:56:12.758  2306  2473 E HwLauncher: SettingsEx , no such field.
12-28 13:56:12.758  2306  2306 I HwLauncher: DynamicUpdater call updateFolder
12-28 13:56:12.758  2306  2473 W HwLauncher: Clock getDataFormat the getSystemString failed.
12-28 13:56:12.758  2306  2306 I HwLauncher: DynamicIcon onResume  isvisible = true   mAttachedToWindow:false    mWindowVisible:falsecom.huawei.android.totemweather
12-28 13:56:12.758  2306  2306 I HwLauncher: DynamicUpdater registerReceiver
12-28 13:56:12.759  2306  2306 I HwLauncher: DynamicUpdater call updateFolder
12-28 13:56:12.759  2306  2306 I HwLauncher: DynamicIcon onResume  isvisible = false   mAttachedToWindow:true    mWindowVisible:falsecom.android.calendar
12-28 13:56:12.759  2306  2306 I HwLauncher: Launcher  Launcher.onStart() cost 2 ms
12-28 13:56:12.759  2306  2306 I HwLauncher: Launcher onResume()
12-28 13:56:12.759  2306  2473 I HwLauncher: DynamicIconData , getDrawableForDynamic begin, pkg = com.android.deskclock, picName = deskclock_bg
12-28 13:56:12.759  2306  2473 I HwLauncher: DynamicIconData , getDrawableForDynamic end, pkg = com.android.deskclock, picName = deskclock_bg
12-28 13:56:12.759  2306  2306 I HwLauncher: Launcher doResumeWork()
12-28 13:56:12.763  2306 20105 I HwLauncher: Launcher.MotionManager startMotionAppsReco begin,flg = 402
12-28 13:56:12.763  2306  2306 I HwLauncher: Launcher  onResume mIsToUninstallApp = false
12-28 13:56:12.763  2306  2306 I HwLauncher: Launcher  Launcher hot start cost 6 ms
12-28 13:56:12.764  2306  2473 I HwResources: load icon id : 7f030000, pkgName : com.android.deskclock
12-28 13:56:12.767  2306  2473 I HwResources: icon : com.android.deskclock found in theme
12-28 13:56:12.769  2306  2473 I HwLauncher: Launcher.IconCache, cacheLocked  Utilities.createIconBitmap entry.title =  ComponentName:ComponentInfo{com.android.deskclock/com.android.deskclock.AlarmsMainActivity} user:UserHandle{0}
12-28 13:56:12.769  2306  2473 I HwLauncher: ClockDynamicUpdater clock update folder at ClockDynamicUpdater
12-28 13:56:12.769  2306  2473 I HwLauncher: DynamicUpdater updateBitmap end and send update message
12-28 13:56:12.769  2306  2473 I HwLauncher: WeatherDynamicUpdater positiveUpdate at WeatherDynamicUpdater
12-28 13:56:12.772  2306  2306 I HwLauncher: DynamicUpdater call updateFolder
12-28 13:56:12.772  2306  2306 I SendBroadcastPermission: action:com.huawei.android.action.WIDGET_FOCUS_CHANGE, mPermissionType:0
12-28 13:56:12.774   364   421 I gralloc : Alloc req: dev=0x7f8f8c2540, w=1080, h=1920, format=0x1, usage=0xb00
12-28 13:56:12.774   364   421 I gralloc : Alloc handle(0x7f79604f00): interfmt=0x200000001, stride=1088, size=8486912
12-28 13:56:12.774   364   421 I gralloc : Alloc req: dev=0x7f8f8c2540, w=1080, h=1920, format=0x1, usage=0xb00
12-28 13:56:12.778   364   421 I gralloc : Alloc handle(0x7f799c7f00): interfmt=0x200000001, stride=1088, size=8486912
12-28 13:56:12.778   364   421 I gralloc : Alloc req: dev=0x7f8f8c2540, w=1080, h=1920, format=0x1, usage=0xb00
12-28 13:56:12.778   364   421 I gralloc : Alloc handle(0x7f79604900): interfmt=0x200000001, stride=1088, size=8486912
12-28 13:56:12.784  2306 20105 W MotionDetectionManager: startMotionAppsReco motionApps: 402 disabled
12-28 13:56:12.784  2306 20105 W HwLauncher: Launcher.MotionManager startMotionAppsReco service flg 402 is unavailable
12-28 13:56:12.784  2306 20105 I HwLauncher: Launcher.MotionManager , start MotionApps Reco end.
12-28 13:56:12.794   364   421 I gralloc : Alloc req: dev=0x7f8f8c2540, w=16, h=16, format=0x1, usage=0x100
12-28 13:56:12.795   364   421 I gralloc : Alloc handle(0x7f8fa88700): interfmt=0x1, stride=64, size=4096
12-28 13:56:12.795 20108 20121 E linker  : readlink('/proc/self/fd/23') failed: Permission denied [fd=23]
12-28 13:56:12.795 20108 20121 E linker  : warning: unable to get realpath for the library "/system/lib64/hw/gralloc.hi3650.so". Will use given name.
12-28 13:56:12.797   364  2092 I gralloc : Free handle(0x7f8fa88700)
12-28 13:56:12.819 20108 20108 I HwCust  : Constructor found for class com.huawei.android.totemweather.utils.HwCustSettingsImpl
12-28 13:56:12.819 20108 20118 I art     : humin current process: com.huawei.android.totemweather
12-28 13:56:12.821 20108 20108 I SendBroadcastPermission: action:com.huawei.android.action.TEMPERATURE_FORMAT_CHANGE, mPermissionType:0
12-28 13:56:12.831 20108 20108 E TotemWeather: Utils error:getWidgetShowCityInfo return myLocation
12-28 13:56:12.833 20108 20120 E TotemWeather: Utils error:getWidgetShowCityInfo return myLocation
12-28 13:56:12.856 20108 20120 I SendBroadcastPermission: action:com.huawei.android.action.launcher_weather_icon_change, mPermissionType:0
12-28 13:56:12.859 20108 20108 I SendBroadcastPermission: action:com.huawei.android.action.launcher_weather_icon_change, mPermissionType:0
12-28 13:56:12.860 20108 20108 E TotemWeather: Utils error:getWidgetShowCityInfo return myLocation
12-28 13:56:12.861  2306  2306 I HwLauncher: WeatherDynamicUpdater receive action = com.huawei.android.action.launcher_weather_icon_change
12-28 13:56:12.862  2306  2473 I HwLauncher: WeatherDynamicUpdater receiver data is int[] = [0, 0, 71, 0, 96, 0, 121, 0] ; stringArray[] = [sunny, num1, num5, tempc] ; dynamic_gravity = center
12-28 13:56:12.862  2306  2473 I HwLauncher: WeatherDynamicUpdater update before : mDrawingData[0] = sunny:0, 0, 0
12-28 13:56:12.862  2306  2473 I HwLauncher: DynamicIconData , getDrawableForDynamic begin, pkg = com.huawei.android.totemweather, picName = sunny
12-28 13:56:12.863  2241  2254 I PgedBinderListener: kstate callback type:8 value1=18144 value2=KILLED
12-28 13:56:12.863  2306  2306 I HwLauncher: WeatherDynamicUpdater receive action = com.huawei.android.action.launcher_weather_icon_change
12-28 13:56:12.864  2306  2473 I HwLauncher: DynamicIconData , getDrawableForDynamic end, pkg = com.huawei.android.totemweather, picName = sunny
12-28 13:56:12.864  2306  2473 I HwLauncher: WeatherDynamicUpdater update before : mDrawingData[1] = num1:71, 0, 0
12-28 13:56:12.864  2306  2473 I HwLauncher: DynamicIconData , getDrawableForDynamic begin, pkg = com.huawei.android.totemweather, picName = num1
12-28 13:56:12.864  2306  2473 I HwLauncher: DynamicIconData , getDrawableForDynamic end, pkg = com.huawei.android.totemweather, picName = num1
12-28 13:56:12.864  2306  2473 I HwLauncher: WeatherDynamicUpdater update before : mDrawingData[2] = num5:96, 0, 0
12-28 13:56:12.864  2306  2473 I HwLauncher: DynamicIconData , getDrawableForDynamic begin, pkg = com.huawei.android.totemweather, picName = num5
12-28 13:56:12.865  2306  2473 I HwLauncher: DynamicIconData , getDrawableForDynamic end, pkg = com.huawei.android.totemweather, picName = num5
12-28 13:56:12.865  2306  2473 I HwLauncher: WeatherDynamicUpdater update before : mDrawingData[3] = tempc:121, 0, 0
12-28 13:56:12.865  2306  2473 I HwLauncher: DynamicIconData , getDrawableForDynamic begin, pkg = com.huawei.android.totemweather, picName = tempc
12-28 13:56:12.865  2306  2473 I HwLauncher: DynamicIconData , getDrawableForDynamic end, pkg = com.huawei.android.totemweather, picName = tempc
12-28 13:56:12.865  2306  2473 I HwLauncher: WeatherDynamicUpdater tmpMapList = {tempc=25, sunny=192, num1=25, num5=25} , leftMargin = 58 , totalWidth = 75
12-28 13:56:12.865  2306  2473 I HwLauncher: WeatherDynamicUpdater update after : mDrawingData[1] = num1:58, 0, 0
12-28 13:56:12.865  2306  2473 I HwLauncher: WeatherDynamicUpdater update after : mDrawingData[2] = num5:83, 0, 0
12-28 13:56:12.865  2306  2473 I HwLauncher: WeatherDynamicUpdater update after : mDrawingData[3] = tempc:108, 0, 0
12-28 13:56:12.865  2306  2473 I HwLauncher: WeatherDynamicUpdater receiver data is int[] = [0, 0, 71, 0, 96, 0, 121, 0] ; stringArray[] = [sunny, num1, num5, tempc] ; dynamic_gravity = center
12-28 13:56:12.865  2306  2473 I HwLauncher: WeatherDynamicUpdater update before : mDrawingData[0] = sunny:0, 0, 0
12-28 13:56:12.865  2306  2473 I HwLauncher: DynamicIconData , getDrawableForDynamic begin, pkg = com.huawei.android.totemweather, picName = sunny
12-28 13:56:12.866  2306  2473 I HwLauncher: DynamicIconData , getDrawableForDynamic end, pkg = com.huawei.android.totemweather, picName = sunny
12-28 13:56:12.866  2306  2473 I HwLauncher: WeatherDynamicUpdater update before : mDrawingData[1] = num1:71, 0, 0
12-28 13:56:12.866  2306  2473 I HwLauncher: DynamicIconData , getDrawableForDynamic begin, pkg = com.huawei.android.totemweather, picName = num1
12-28 13:56:12.866  2306  2473 I HwLauncher: DynamicIconData , getDrawableForDynamic end, pkg = com.huawei.android.totemweather, picName = num1
12-28 13:56:12.866  2306  2473 I HwLauncher: WeatherDynamicUpdater update before : mDrawingData[2] = num5:96, 0, 0
12-28 13:56:12.866  2306  2473 I HwLauncher: DynamicIconData , getDrawableForDynamic begin, pkg = com.huawei.android.totemweather, picName = num5
12-28 13:56:12.866  2306  2473 I HwLauncher: DynamicIconData , getDrawableForDynamic end, pkg = com.huawei.android.totemweather, picName = num5
12-28 13:56:12.866  2306  2473 I HwLauncher: WeatherDynamicUpdater update before : mDrawingData[3] = tempc:121, 0, 0
12-28 13:56:12.866  2306  2473 I HwLauncher: DynamicIconData , getDrawableForDynamic begin, pkg = com.huawei.android.totemweather, picName = tempc
12-28 13:56:12.867  2306  2473 I HwLauncher: DynamicIconData , getDrawableForDynamic end, pkg = com.huawei.android.totemweather, picName = tempc
12-28 13:56:12.867  2306  2473 I HwLauncher: WeatherDynamicUpdater tmpMapList = {tempc=25, sunny=192, num1=25, num5=25} , leftMargin = 58 , totalWidth = 75
12-28 13:56:12.867  2306  2473 I HwLauncher: WeatherDynamicUpdater update after : mDrawingData[1] = num1:58, 0, 0
12-28 13:56:12.867  2306  2473 I HwLauncher: WeatherDynamicUpdater update after : mDrawingData[2] = num5:83, 0, 0
12-28 13:56:12.867  2306  2473 I HwLauncher: WeatherDynamicUpdater update after : mDrawingData[3] = tempc:108, 0, 0
12-28 13:56:12.875 20108 20108 I SendBroadcastPermission: action:com.huawei.android.action.action_home_city_weather, mPermissionType:0
12-28 13:56:12.875   364  2092 I gralloc : Alloc req: dev=0x7f8f8c2540, w=16, h=16, format=0x1, usage=0x100
12-28 13:56:12.875   364  2092 I gralloc : Alloc handle(0x7f8fa88700): interfmt=0x1, stride=64, size=4096
12-28 13:56:12.876 20137 20154 E linker  : readlink('/proc/self/fd/24') failed: Permission denied [fd=24]
12-28 13:56:12.876 20137 20154 E linker  : warning: unable to get realpath for the library "/system/lib64/hw/gralloc.hi3650.so". Will use given name.
12-28 13:56:12.878 20108 20108 I HwCust  : Constructor found for class android.app.HwCustAlarmManagerImpl
12-28 13:56:12.880 20137 20137 I HwIntelligent3_ActivityUtil: HwIntelligent versionName: 4.0.0.100, versionCode: 25
12-28 13:56:12.883   364  2123 I gralloc : Free handle(0x7f8fa88700)
12-28 13:56:12.885 20108 20108 I HwCust  : Constructor found for class com.huawei.android.totemweather.utils.HwCustTotemLocationImpl
12-28 13:56:12.886 20137 20137 I HwCust  : Constructor found for class android.app.HwCustAlarmManagerImpl
12-28 13:56:12.890  2258 17478 W PhoneInterfaceManager: shouldBlockLocation running ...
12-28 13:56:12.892  2258 17478 I PhoneInterfaceManager: shouldBlockLocation  ret:false
12-28 13:56:12.896 20108 20161 W TotemWeather: ScheduleTaskController warn: checkCellIdChange cellId is equals mCellId return
12-28 13:56:12.930 20137 20137 E HwIntelligent3_WorkCommuteManager: checkInvalid got card should hide
12-28 13:56:12.931 20137 20167 I HwIntelligent3_WorkCommuteManager: resetCommute
12-28 13:56:12.931 20137 20167 E HwIntelligent3_WorkCommuteManager: no need to reset return
12-28 13:56:12.938 20137 20137 I HwIntelligent3_OverseasStateManager: checkRoamingStateChanged : cur country is CN home country is CN
12-28 13:56:12.938 20137 20137 I HwIntelligent3_OverseasStateManager: checkRoamingStateChanged : last coutry is CN
12-28 13:56:12.939 20137 20137 E HwIntelligent3_PropertiesUtil: file not exitjava.io.FileNotFoundException: /system/etc/xml/hw_intelligent_config.xml: open failed: ENOENT (No such file or directory)
12-28 13:56:12.939 20137 20137 E HwIntelligent3_PropertiesUtil: initProperties : parser is null
12-28 13:56:12.939 20137 20137 E HwIntelligent3_PropertiesUtil: get default is_support_ctrip
12-28 13:56:12.943 20137 20137 I PlaceRecognitionService: onCreate
12-28 13:56:12.944 20137 20169 I CalendarSync: init mIsReceiverRegistered : false
12-28 13:56:12.948 20137 20137 I HwIntelligent3_OverseasStateManager: checkRoamingStateChanged : cur country is CN home country is CN
12-28 13:56:12.948 20137 20137 I HwIntelligent3_OverseasStateManager: checkRoamingStateChanged : last coutry is CN
12-28 13:56:12.948 20137 20137 I HwIntelligent3_OverseasStateManager: notifyRamotingStateChanged check roaming state is not true
12-28 13:56:12.950   993  2209 E HsmCoreServiceImpl: onTransact in code is: 102
12-28 13:56:12.950   993  2209 I MediaProcessHandler: processOp opType: 1, uid: 10048, pid: 18144
12-28 13:56:12.950   993  2209 W MediaProcessHandler: remove target not exist, maybe the UI process: uid: 10048, pid: 18144
12-28 13:56:12.963 20137 20169 I CalendarSync: recessInfoKey : null
12-28 13:56:12.967 20137 20169 I PlaceRecognitionService: work start startId : 1
12-28 13:56:12.967 20137 20169 I PRController: startModules
12-28 13:56:12.967 20137 20169 I BaseAlarmModule: LEAVE_OFFICE_REMINDER schedule
12-28 13:56:12.973 20137 20169 E BaseAlarmModule: module LEAVE_OFFICE_REMINDER alarm info not valid!
12-28 13:56:12.973 20137 20169 I BaseAlarmModule: OVERTIME_REMINDER schedule
12-28 13:56:12.976 20137 20169 E OverTimeReminder: workingTime or place is not clustered!
12-28 13:56:12.976 20137 20169 E BaseAlarmModule: module OVERTIME_REMINDER alarm info not valid!
12-28 13:56:12.976 20137 20169 I BaseAlarmModule: ENTER_OFFICE_REMINDER schedule
12-28 13:56:12.979 20137 20169 E BaseAlarmModule: module ENTER_OFFICE_REMINDER alarm info not valid!
12-28 13:56:12.979 20137 20169 I BaseAlarmModule: POSITION_COLLECTOR schedule
12-28 13:56:12.980 20137 20169 I BaseAlarmModule: module POSITION_COLLECTOR alarm type : 1 repeating : false interval : -1 trigger : 2016-12-28 14:05:17 isMissed : false
12-28 13:56:12.984 20137 20169 I BaseAlarmModule: POSITION_CLUSTER schedule
12-28 13:56:12.985 20137 20169 I BaseAlarmModule: module POSITION_CLUSTER alarm type : 0 repeating : false interval : -1 trigger : 2016-12-29 00:00:00 isMissed : false
12-28 13:56:12.988 20137 20169 I PlaceRecognitionService: work start startId : 2
12-28 13:56:12.988 20137 20169 I PRController: setCommuteType type : 2
12-28 13:56:12.988 20137 20169 I PlaceRecognitionService: work start startId : 3
12-28 13:56:12.988 20137 20169 I PRController: setModuleOn ENTER_OFFICE_REMINDER on : true
12-28 13:56:12.989 20137 20169 W PRController: ENTER_OFFICE_REMINDER already started!
12-28 13:56:12.989 20137 20169 W PRController: core module already started!
12-28 13:56:12.989 20137 20169 I PlaceRecognitionService: work start startId : 4
12-28 13:56:12.989 20137 20169 I PRController: setModuleOn LEAVE_OFFICE_REMINDER on : true
12-28 13:56:12.989 20137 20169 W PRController: LEAVE_OFFICE_REMINDER already started!
12-28 13:56:12.989 20137 20169 W PRController: core module already started!
12-28 13:56:12.989 20137 20169 I PlaceRecognitionService: work start startId : 5
12-28 13:56:12.989 20137 20169 I PRController: setModuleOn OVERTIME_REMINDER on : true
12-28 13:56:12.989 20137 20169 W PRController: OVERTIME_REMINDER already started!
12-28 13:56:12.989 20137 20169 W PRController: core module already started!
12-28 13:56:12.989 20137 20169 I PlaceRecognitionService: work done startId : 2
12-28 13:56:12.989 20137 20169 I PlaceRecognitionService: work done startId : 3
12-28 13:56:12.989 20137 20169 I PlaceRecognitionService: work done startId : 4
12-28 13:56:12.989 20137 20169 I PlaceRecognitionService: work done startId : 5
12-28 13:56:12.989 20108 20120 E TotemWeather: Utils error:getWidgetShowCityInfo return myLocation
12-28 13:56:13.004 20137 20177 I HwIntelligent3_WeatherManager: handleWeatherResult value is {"temp_flag":0,"temp_unit":"","cityinfo":{"city_id":1,"city_en_name":"Nanshan District","city_native_name":"","state_name":"Shenzhen","time_zone":"Asia\/Shanghai","city_type":10},"alarm_weather":[{"alarm_id":"8202","alarm_type":5,"alarm_type_name":"","level":1,"level_name":"","observationtime":1482838800000,"alarm_text":""}],"weather":[{"day_index":1,"observation_time":1482879600000,"sunrise_time":1482879780000,"sunset_time":1482918540000,"weather_native_des":"","weather_icon":1,"current_temperature":15,"curr_hightemp":15,"curr_lowtemp":12,"night_weather_native_des":"","night_weather_icon":33,"night_current_temperature":15,"night_curr_hightemp":15,"night_curr_lowtemp":12,"air_quality":"","air_pnum":50,"air_pm25":31,"air_pm10":49,"air_status_desc":"","wind_direction":"1","wind_speed":1},{"day_index":2,"observation_time":1482966000000,"sunrise_time":1482966180000,"sunset_time":1483005000000,"weather_native_des":"","weather_icon":8,"current_temperature":15,"curr_hightemp":16,"curr_lowtemp":12,"night_weather_native_des":"","night_weather_icon":75,"night_current_temperature":15,"night_curr_hightemp":16,"night_curr_lowtemp":12},{"day_index":3,"observation_time":1483052400000,"sunrise_time":1483052640000,"sunset_time":1483091400000,"weather_native_des":"","weather_icon":8,"current_temperature":15,"curr_hightemp":19,"curr_lowtemp":14,"night_weather_native_des":"","night_weather_icon":75,"night_current_temperature":15,"night_curr_hightemp":19,"night_curr_lowtemp":14},{"day_index":4,"observation_time":1483138800000,"sunrise_time":1483139040000,"sunset_time":1483177860000,"weather_native_des":"","weather_icon":7,"current_temperature":15,"curr_hightemp":23,"curr_lowtemp":17,"night_weather_native_des":"","night_weather_icon":75,"night_current_temperature":15,"night_curr_hightemp":23,"night_curr_lowtemp":17},{"day_index":5,"observation_time":1483225200000,"sunrise_time":1483225440000,"sunset_time":1483264260000,"weather_native_des":"","weather_icon":7,"current_temperature":15,"curr_hightemp":24,"curr_lowtemp":19,"night_weather_native_des":"","night_weather_icon":38,"night_current_temperature":15,"night_curr_hightemp":24,"night_curr_lowtemp":19},{"Pressure":1023}]}
12-28 13:56:13.005 20137 20177 E HwIntelligent3_WeatherManager: parseTempeData is null : current_temperature
12-28 13:56:13.005 20137 20177 E HwIntelligent3_WeatherManager: parseTempeData is null : curr_hightemp
12-28 13:56:13.005 20137 20177 E HwIntelligent3_WeatherManager: parseTempeData is null : curr_lowtemp
12-28 13:56:13.005 20137 20177 E HwIntelligent3_WeatherManager: parseTempeData is null : night_current_temperature
12-28 13:56:13.005 20137 20177 E HwIntelligent3_WeatherManager: parseTempeData is null : night_curr_hightemp
12-28 13:56:13.005 20137 20177 E HwIntelligent3_WeatherManager: parseTempeData is null : night_curr_lowtemp
12-28 13:56:13.005 20137 20177 E HwIntelligent3_WeatherManager: parseTempeData is null : current_temperature
12-28 13:56:13.005 20137 20177 E HwIntelligent3_WeatherManager: parseTempeData is null : curr_hightemp
12-28 13:56:13.005 20137 20177 E HwIntelligent3_WeatherManager: parseTempeData is null : curr_lowtemp
12-28 13:56:13.005 20137 20177 E HwIntelligent3_WeatherManager: parseTempeData is null : night_current_temperature
12-28 13:56:13.005 20137 20177 E HwIntelligent3_WeatherManager: parseTempeData is null : night_curr_hightemp
12-28 13:56:13.005 20137 20177 E HwIntelligent3_WeatherManager: parseTempeData is null : night_curr_lowtemp
12-28 13:56:13.006 20137 20177 I HwIntelligent3_WeatherAlarmStratgy: same pollution ignore
12-28 13:56:13.006 20137 20177 I SendBroadcastPermission: action:com.huawei.intelligent.data.changed, mPermissionType:0
12-28 13:56:13.007  1576  1576 I IntelligentScene: onReceive, action= com.huawei.intelligent.data.changed
12-28 13:56:13.007  1576  1576 I IntelligentScene: sendMsgToLoadIcons
12-28 13:56:13.007  1576  1888 I IntelligentScene: checkAppExist
12-28 13:56:13.008  1576  1888 I IntelligentScene: getTopEventTypes()
12-28 13:56:13.011 20137 20151 I HwIntelligent3_IntelligentProvider: Provider.call: getTopEventTypes
12-28 13:56:13.021 20137 20151 E HwIntelligent3_PropertiesUtil: get default is_support_quantified_self
12-28 13:56:13.023 20137 20151 E HwIntelligent3_CardDataFactory: card_type is null or card type isnot supported
12-28 13:56:13.024 20137 20151 E HwIntelligent3_PropertiesUtil: get default is_support_quantified_self
12-28 13:56:13.025 20137 20177 E HwIntelligent3_WeatherManager: parseWeatherAlarmCity: info is not sufficient! jawsString is ["{\"alarm_id\":\"8202\",\"alarm_type\":5,\"alarm_type_name\":\"\",\"level\":1,\"level_name\":\"\",\"observationtime\":1482838800000,\"alarm_text\":\"\"}"]
12-28 13:56:13.025 20137 20151 E HwIntelligent3_PropertiesUtil: get default is_support_quantified_self
12-28 13:56:13.025 20137 20177 E HwIntelligent3_WeatherManager: parseTempeData is null : current_temperature
12-28 13:56:13.025 20137 20177 E HwIntelligent3_WeatherManager: parseTempeData is null : curr_hightemp
12-28 13:56:13.025 20137 20177 E HwIntelligent3_WeatherManager: parseTempeData is null : curr_lowtemp
12-28 13:56:13.025 20137 20177 E HwIntelligent3_WeatherManager: parseTempeData is null : night_current_temperature
12-28 13:56:13.025 20137 20177 E HwIntelligent3_WeatherManager: parseTempeData is null : night_curr_hightemp
12-28 13:56:13.025 20137 20177 E HwIntelligent3_WeatherManager: parseTempeData is null : night_curr_lowtemp
12-28 13:56:13.025 20137 20177 E HwIntelligent3_WeatherAlarmStratgy: cw is not null
12-28 13:56:13.026 20137 20177 E HwIntelligent3_WeatherCardData: notifyDataChanged error !! mChangedListener is null
12-28 13:56:13.029 20137 20151 E HwIntelligent3_WeatherManager: parseTempeData is null : current_temperature
12-28 13:56:13.029 20137 20151 E HwIntelligent3_WeatherManager: parseTempeData is null : curr_hightemp
12-28 13:56:13.029 20137 20151 E HwIntelligent3_WeatherManager: parseTempeData is null : curr_lowtemp
12-28 13:56:13.029 20137 20151 E HwIntelligent3_WeatherManager: parseTempeData is null : night_current_temperature
12-28 13:56:13.029 20137 20151 E HwIntelligent3_WeatherManager: parseTempeData is null : night_curr_hightemp
12-28 13:56:13.029 20137 20151 E HwIntelligent3_WeatherManager: parseTempeData is null : night_curr_lowtemp
12-28 13:56:13.029 20137 20151 E HwIntelligent3_WeatherAlarmStratgy: cw is not null
12-28 13:56:13.031 20137 20151 E HwIntelligent3_PropertiesUtil: get default is_support_quantified_self
12-28 13:56:13.034  1576  1888 I IntelligentScene:  icon.size =0
12-28 13:56:13.036  1576  1576 I SceneView: update()
12-28 13:56:13.037  1576  1576 I SceneView: IntelligentScene display : true, size = 0
12-28 13:56:13.113   364   364 I gralloc : Free handle(0x7f89354300)
12-28 13:56:13.359  2306  2655 W OpenGLRenderer: Incorrectly called buildLayer on View: ShortcutAndWidgetContainer, destroying layer...
12-28 13:56:13.359  2306  2655 W OpenGLRenderer: Incorrectly called buildLayer on View: ShortcutAndWidgetContainer, destroying layer...
12-28 13:56:13.985   993   993 I TrafficMonitor: update:rxPkts:0,txPkts:0,rxBytes:0,txBytes:0
12-28 13:56:13.985   993   993 I TrafficMonitor: start expired. level:-1
12-28 13:56:13.985   993   993 I TrafficMonitor: gettimer:interval=2000
12-28 13:56:13.993   993  1451 E WifiConfigStore: updateConfiguration freq=5765 BSSID=64:f6:9d:39:c9:ce RSSI=-58 "Tencent-StaffWiFi"NONE
12-28 13:56:13.995   993   993 I QosMonitor: queryRtt: rtt_type = 3
12-28 13:56:13.995   993   993 I WifiProJNI: ######### GET RTT:3 ########
12-28 13:56:13.996   993  1495 I QosMonitor: postEventFromNative: msg=100,arg1=4,arg2=9
12-28 13:56:13.996   993  1495 W WifiProJNI: poll before: g_monitor_fd =182
12-28 13:56:13.996   993  1497 I HuaweiWifiWatchdogStateMachine: spd good count:0, add sc:0.0, rate:1.0
12-28 13:56:13.996   993  1497 I HuaweiWifiWatchdogStateMachine: current mHighDataFlowRate = 1.0
