int logctl_get(): open '/dev/hwlog_switch' fail -1, 13. Permission denied

Note: log switch off, only log_main and log_events will have logs!
--------- beginning of main
12-28 13:54:11.036 16421 16435 E linker  : warning: unable to get realpath for the library "/system/lib64/hw/gralloc.hi3650.so". Will use given name.
12-28 13:54:11.036 16387 16387 I CryptoMessageService_CryptoMessageService: subID:1 ss:LOADED
12-28 13:54:11.040   364  2123 I gralloc : Free handle(0x7f8fa88300)
12-28 13:54:11.046 16320 16415 I HwSystemManager: TafficState:default sub id = 0slotIndex = 0 subscriptionId = 0
12-28 13:54:11.053 16320 16415 E HwSystemManager: LeisureTrafficSetting:result is empty
12-28 13:54:11.056 16320 16408 I HwSystemManager: HsmPackageManager:init locale:zh_CN
12-28 13:54:11.058 16320 16410 I HwSystemManager: PowerGenieDbHelper:delete protect app:com.koudle.andyogaexample
12-28 13:54:11.058 16320 16408 I HwSystemManager: PermissionServiceManager:Get hold service:com.huawei.permission.IHoldService$Stub$Proxy@dc4dd8c
12-28 13:54:11.061 16421 16421 W System  : ClassLoader referenced unknown path: /system/app/HwPushService/lib/arm64
12-28 13:54:11.068   515   988 I iptables: iptables v1.4.20: owner: Bad value for "--uid-owner" option: "-1"
12-28 13:54:11.068   515   988 I iptables: Try `iptables -h' or 'iptables --help' for more information.
12-28 13:54:11.068   515   988 I iptables: iptables terminated by exit(2)
12-28 13:54:11.068   515   988 E BandwidthController: runIptablesCmd(): res=1 status=512 failed /system/bin/iptables -w -D mobile_reject_list -m owner --uid-owner -1 --jump REJECT
12-28 13:54:11.073 16421 16421 I PushLogAC2713: [main-1]action is android.intent.action.PACKAGE_REMOVED(pushagent/null:-1)
12-28 13:54:11.074 16320 16408 I HwSystemManager: PermissionDBAdapter:refreshAppList begin refreshAppList. reason:get instance, db items size:111
12-28 13:54:11.075 16320 16408 I HwSystemManager: HsmPackageManager:get all installed packages, flag:0, size:227
12-28 13:54:11.077   515   988 I ip6tables: ip6tables v1.4.20: owner: Bad value for "--uid-owner" option: "-1"
12-28 13:54:11.077   515   988 I ip6tables: Try `ip6tables -h' or 'ip6tables --help' for more information.
12-28 13:54:11.077   515   988 I ip6tables: ip6tables terminated by exit(2)
12-28 13:54:11.077   515   988 E BandwidthController: runIptablesCmd(): res=1 status=512 failed /system/bin/ip6tables -w -D mobile_reject_list -m owner --uid-owner -1 --jump REJECT
12-28 13:54:11.081 16421 16445 I PushLogAC2713: [Thread-1807-1807]votedPackage from file:android(pushagent/null:-1)
12-28 13:54:11.082  2241  4322 I PgedBinderListener: kstate callback type:8 value1=15537 value2=KILLED
12-28 13:54:11.083 16421 16445 I PushLogAC2713: [Thread-1807-1807]framework push exist, use framework push first(pushagent/null:-1)
12-28 13:54:11.083  2241  2254 I PgedBinderListener: kstate callback type:8 value1=15245 value2=KILLED
12-28 13:54:11.083  1563  1563 I AppUninstallReceiver: replaced = false dataRemoved = true
12-28 13:54:11.083  1563  1563 I AppUninstallReceiver: package name = com.koudle.andyogaexample
12-28 13:54:11.083  1563  1563 I AppUninstallReceiver: Deleting file : /data/sec_storage/com.koudle.andyogaexample
12-28 13:54:11.084  1563  1563 I AppUninstallReceiver: Deleting file : /data/sec_storage_data/com.koudle.andyogaexample
12-28 13:54:11.088   515   988 I iptables: iptables v1.4.20: owner: Bad value for "--uid-owner" option: "-1"
12-28 13:54:11.088   515   988 I iptables: Try `iptables -h' or 'iptables --help' for more information.
12-28 13:54:11.088   515   988 I iptables: iptables terminated by exit(2)
12-28 13:54:11.088   515   988 E BandwidthController: runIptablesCmd(): res=1 status=512 failed /system/bin/iptables -w -D mobile_reject_list -m owner --uid-owner -1 --jump REJECT
12-28 13:54:11.089  2241  2241 I ash     : apps cleanList state changed
12-28 13:54:11.091 16320 16418 I HwSystemManager: SpaceCleanReceiver:no uninstalled trash, pkg:com.koudle.andyogaexample
12-28 13:54:11.094  1724  2397 I HwSystemManager: ProtectAppService:send unprotect list broadcast to FWK, size: 100
12-28 13:54:11.094  1724  2397 I HwSystemManager: , unprotect list:[com.huawei.android.ds, com.autonavi.minimap, cn.wps.moffice_eng, com.android.calculator2, com.huawei.KoBackup, com.nuance.swype.emui, com.akazam.android.wlandialer, com.huawei.phoneservice, ctrip.android.view, com.huawei.hidisk, com.taobao.taobao, com.huawei.android.thememanager, com.huawei.compass, tv.danmaku.bili, com.youku.phone, com.hundsun.stockwinner.zxzq, com.sdu.didi.psnger, com.jingdong.app.mall, cn.amazon.mShop.android, com.MobileTicket, com.umetrip.android.msky.app, com.htinns, com.hexin.plat.android, com.koudai.weishop, com.taobao.trip, com.zhihu.android, com.brandbigdata.ustock, com.tencent.rdm, com.xueqiu.android, com.shanbay.words, com.szzc, com.alibaba.android.rimet, com.ct.client, com.longzhu.tga, com.alibaba.wireless, com.smzdm.client.android, com.sohu.inputmethod.sogou, com.taobao.etao, com.taptap, com.tencent.rtxlite, com.android.vending, com.huajiao, com.tencent.mobileqq, com.spdbccc.app, org.mopria.printplugin, com.unioncast.oleducation, com.netease.newsreader.activity, com.cmbchina.ccd.pluto.cmbActivity, cmb.pb, com.koudai.weidian.buyer, com.csair.mbp, com.rytong.ceair, com.wuba.jiazheng, com.baidu.patient, com.google.android.youtube, com.gelonghui.glhapp, com.lenka, com.ximalaya.ting.android, com.microsoft.office.onenote, com.tc.cm, air.jp.ne.hap.mom, air.jp.ne.hap.chase, air.jp.ne.hap.ushiro, air.jp.ne.hap.fk, air.jp.ne.hap.toast, air.jp.ne.hap.tdb, air.jp.ne.hap.sbc, air.jp.ne.hap.kurukuru, air.jp.ne.hap.nyadle, air.jp.ne.hap.captain, com.huawei.appmarket, com.huawei.android.airsharing, com.google.android.inputmethod.japanese, com.tencent.android.qqdownloader, com.ub.main, com.tencent.minigame8, com.tmall.wireless, com.besttone.hall, chinatelecom.mwallet, com.mobike.mobikeapp, com.ikm, com.rytong.app.bankhx, com.eastmoney.android.berlin, com.webank.wemoney, com.kaola, com.baidu.travel, com.meelive.ingkee, com.pdager, com.huawei.fans, com.huawei.lives, cn.egame.terminal.client4g, com.huawei.wallet, com.telecom.video.ikan4g, com.vmall.client, com.baidu.lbs.waimai, me.ele, com.togo.apps, com.example.koudleren.canvasview, com.unionpay, com.tencent.now]
12-28 13:54:11.095  1724  2397 I SendBroadcastPermission: action:huawei.intent.action.HW_STOPPED_PACKAGE_ACTION, mPermissionType:0
12-28 13:54:11.098   515   988 I ip6tables: ip6tables v1.4.20: owner: Bad value for "--uid-owner" option: "-1"
12-28 13:54:11.098   515   988 I ip6tables: Try `ip6tables -h' or 'ip6tables --help' for more information.
12-28 13:54:11.098   515   988 I ip6tables: ip6tables terminated by exit(2)
12-28 13:54:11.098   515   988 E BandwidthController: runIptablesCmd(): res=1 status=512 failed /system/bin/ip6tables -w -D mobile_reject_list -m owner --uid-owner -1 --jump REJECT
12-28 13:54:11.100   993  2271 W System.err: com.android.server.NativeDaemonConnector$NativeDaemonArgumentException: command '266 bandwidth firewall allow mobile -1 1' failed with '500 266 Usage: bandwidth firewall allow <interface>  <appUid>'
12-28 13:54:11.100   993  2271 W System.err: 	at com.android.server.NativeDaemonConnector.executeForList(NativeDaemonConnector.java:528)
12-28 13:54:11.100   993  2271 W System.err: 	at com.android.server.NativeDaemonConnector.execute(NativeDaemonConnector.java:386)
12-28 13:54:11.100   993  2271 W System.err: 	at com.android.server.NativeDaemonConnector.execute(NativeDaemonConnector.java:381)
12-28 13:54:11.100   993  2271 W System.err: 	at com.android.server.HwNetworkManagementService.executeHsmCommand(HwNetworkManagementService.java:277)
12-28 13:54:11.100   993  2271 W System.err: 	at com.android.server.HwNetworkManagementService.onTransact(HwNetworkManagementService.java:163)
12-28 13:54:11.100   993  2271 W System.err: 	at android.os.Binder.execTransact(Binder.java:453)
12-28 13:54:11.101 16320 16415 I HwSystemManager: NativeDaemonConnectManager:send cmd = bandwidth success = false
12-28 13:54:11.109   993  1756 E HsmCoreServiceImpl: onTransact in code is: 102
12-28 13:54:11.109   993  1756 W MediaProcessHandler: processOp uid 1000 is not concerned!
12-28 13:54:11.125 16320 16459 I HwSystemManager: TafficState:default sub id = 0slotIndex = 0 subscriptionId = 0
12-28 13:54:11.126   364   421 I gralloc : Alloc req: dev=0x7f8f8c2540, w=16, h=16, format=0x1, usage=0x100
12-28 13:54:11.126   364   421 I gralloc : Alloc handle(0x7f799c7200): interfmt=0x1, stride=64, size=4096
12-28 13:54:11.127 16452 16467 E linker  : readlink('/proc/self/fd/23') failed: Permission denied [fd=23]
12-28 13:54:11.127 16452 16467 E linker  : warning: unable to get realpath for the library "/system/lib64/hw/gralloc.hi3650.so". Will use given name.
12-28 13:54:11.130   364   419 I gralloc : Free handle(0x7f799c7200)
12-28 13:54:11.131 16320 16459 E HwSystemManager: LeisureTrafficSetting:result is empty
12-28 13:54:11.142 16452 16452 W System  : ClassLoader referenced unknown path: /system/app/KeyChain/lib/arm64
12-28 13:54:11.142   515   988 I iptables: iptables v1.4.20: owner: Bad value for "--uid-owner" option: "-1"
12-28 13:54:11.142   515   988 I iptables: Try `iptables -h' or 'iptables --help' for more information.
12-28 13:54:11.143   515   988 I iptables: iptables terminated by exit(2)
12-28 13:54:11.143   515   988 E BandwidthController: runIptablesCmd(): res=1 status=512 failed /system/bin/iptables -w -D wifi_reject_list -m owner --uid-owner -1 --jump REJECT
12-28 13:54:11.148  2241  2254 I PgedBinderListener: kstate callback type:8 value1=15537 value2=KILLED
12-28 13:54:11.153   515   988 I ip6tables: ip6tables v1.4.20: owner: Bad value for "--uid-owner" option: "-1"
12-28 13:54:11.153   515   988 I ip6tables: Try `ip6tables -h' or 'ip6tables --help' for more information.
12-28 13:54:11.153   515   988 I ip6tables: ip6tables terminated by exit(2)
12-28 13:54:11.153   515   988 E BandwidthController: runIptablesCmd(): res=1 status=512 failed /system/bin/ip6tables -w -D wifi_reject_list -m owner --uid-owner -1 --jump REJECT
12-28 13:54:11.161   515   988 I iptables: iptables v1.4.20: owner: Bad value for "--uid-owner" option: "-1"
12-28 13:54:11.161   515   988 I iptables: Try `iptables -h' or 'iptables --help' for more information.
12-28 13:54:11.161   515   988 I iptables: iptables terminated by exit(2)
12-28 13:54:11.161   515   988 E BandwidthController: runIptablesCmd(): res=1 status=512 failed /system/bin/iptables -w -D wifi_reject_list -m owner --uid-owner -1 --jump REJECT
12-28 13:54:11.163   993  2079 E HsmCoreServiceImpl: onTransact in code is: 102
12-28 13:54:11.163   993  2079 I MediaProcessHandler: processOp opType: 1, uid: 10027, pid: 15245
12-28 13:54:11.163   993  2079 W MediaProcessHandler: remove target not exist, maybe the UI process: uid: 10027, pid: 15245
12-28 13:54:11.171   515   988 I ip6tables: ip6tables v1.4.20: owner: Bad value for "--uid-owner" option: "-1"
12-28 13:54:11.171   515   988 I ip6tables: Try `ip6tables -h' or 'ip6tables --help' for more information.
12-28 13:54:11.171   515   988 I ip6tables: ip6tables terminated by exit(2)
12-28 13:54:11.171   515   988 E BandwidthController: runIptablesCmd(): res=1 status=512 failed /system/bin/ip6tables -w -D wifi_reject_list -m owner --uid-owner -1 --jump REJECT
12-28 13:54:11.173   993  2274 W System.err: com.android.server.NativeDaemonConnector$NativeDaemonArgumentException: command '267 bandwidth firewall allow wifi -1 2' failed with '500 267 Usage: bandwidth firewall allow <interface>  <appUid>'
12-28 13:54:11.173   993  2274 W System.err: 	at com.android.server.NativeDaemonConnector.executeForList(NativeDaemonConnector.java:528)
12-28 13:54:11.173   993  2274 W System.err: 	at com.android.server.NativeDaemonConnector.execute(NativeDaemonConnector.java:386)
12-28 13:54:11.173   993  2274 W System.err: 	at com.android.server.NativeDaemonConnector.execute(NativeDaemonConnector.java:381)
12-28 13:54:11.173   993  2274 W System.err: 	at com.android.server.HwNetworkManagementService.executeHsmCommand(HwNetworkManagementService.java:277)
12-28 13:54:11.173   993  2274 W System.err: 	at com.android.server.HwNetworkManagementService.onTransact(HwNetworkManagementService.java:163)
12-28 13:54:11.173   993  2274 W System.err: 	at android.os.Binder.execTransact(Binder.java:453)
12-28 13:54:11.173 16320 16459 I HwSystemManager: NativeDaemonConnectManager:send cmd = bandwidth success = false
12-28 13:54:11.204  2241  3244 I ash     : start refresh apps, unShown pkgs:[com.android.location.fused, com.huawei.bd]
12-28 13:54:11.205  2241  4322 I PgedBinderListener: kstate callback type:8 value1=15820 value2=KILLED
12-28 13:54:11.209  2241  3244 I ash     : protect frz apps: [com.android.exchange, com.eg.android.AlipayGphone, com.huawei.screenrecorder, com.huawei.bd, com.huawei.geofence, com.alibaba.mobileim, com.google.android.youtube, com.android.backupconfirm, com.android.location.fused, com.tencent.mm, com.android.dreams.basic, com.android.nfc, com.huawei.phonediagnose, com.google.android.webview, com.huawei.android.hwaps, com.huawei.health]
12-28 13:54:11.209  2241  3244 I ash     : unprotect frz apps: [com.huawei.android.ds, com.ximalaya.ting.android, com.huawei.appmarket, com.android.gallery3d, com.baidu.patient, com.hundsun.stockwinner.zxzq, com.autonavi.minimap, cn.wps.moffice_eng, com.android.dreams.phototable, com.android.galaxy4, com.android.mediacenter, com.lenka, com.huawei.android.airsharing, com.MobileTicket, com.android.chrome, air.jp.ne.hap.nyadle, cmb.pb, com.huawei.KoBackup, com.ub.main, com.example.koudleren.canvasview, com.android.hwmirror, com.tencent.android.qqdownloader, com.android.wallpaper.livepicker, com.dianping.v1, com.rytong.app.bankhx, com.sankuai.meituan.takeoutnew, com.example.android.notepad, com.gelonghui.glhapp, com.tencent.mobileqq, com.nuance.swype.emui, com.unionpay, com.csair.mbp, cn.amazon.mShop.android, com.google.android.apps.maps, air.jp.ne.hap.kurukuru, com.wuba.jiazheng, com.akazam.android.wlandialer, com.android.noisefield, com.netease.cloudmusic, air.jp.ne.hap.ushiro, com.sina.weibo, com.android.phasebeam, air.jp.ne.hap.fk, com.brandbigdata.ustock, com.android.email, com.umetrip.android.msky.app, com.android.vending, air.jp.ne.hap.toast, com.baidu.lbs.waimai, com.zhihu.android, ctrip.android.view, com.kaola, com.tencent.minigame8, com.spdbccc.app, air.jp.ne.hap.chase, com.microsoft.office.onenote, com.koudai.weishop, com.jingdong.app.mall, com.huawei.hidisk, com.google.android.inputmethod.japanese, com.ct.client, com.htinns, com.huajiao, com.shanbay.words, com.tc.cm, tv.danmaku.bili, com.xueqiu.android, com.taobao.taobao, com.android.wallpapercropper, com.alibaba.wireless, com.taobao.etao, com.baidu.BaiduMap, com.cmbchina.ccd.pluto.cmbActivity, com.youku.phone, com.sankuai.meituan, me.ele, air.jp.ne.hap.captain, com.alibaba.android.rimet, com.koudai.weidian.buyer, com.mobike.mobikeapp, com.taptap, com.tencent.now, com.taobao.trip, com.huawei.camera, com.sdu.didi.psnger, com.smzdm.client.android, com.webank.wemoney, com.tmall.wireless, com.huawei.compass, com.meelive.ingkee, com.baidu.input_huawei, com.huawei.hwmwlauncher, air.jp.ne.hap.tdb, com.baidu.travel, com.android.wallpaper.holospiral, com.tencent.rdm, com.tencent.rtxlite, com.sohu.inputmethod.sogou, com.togo.apps, air.jp.ne.hap.mom, com.szzc, com.ikm, com.longzhu.tga, com.rytong.ceair, com.hexin.plat.android, com.android.browser, com.eastmoney.android.berlin, air.jp.ne.hap.sbc]
12-28 13:54:11.216   364  2092 I gralloc : Alloc req: dev=0x7f8f8c2540, w=16, h=16, format=0x1, usage=0x100
12-28 13:54:11.216   364  2092 I gralloc : Alloc handle(0x7f79604a00): interfmt=0x1, stride=64, size=4096
12-28 13:54:11.217 16475 16489 E linker  : readlink('/proc/self/fd/23') failed: Permission denied [fd=23]
12-28 13:54:11.217 16475 16489 E linker  : warning: unable to get realpath for the library "/system/lib64/hw/gralloc.hi3650.so". Will use given name.
12-28 13:54:11.220   364   421 I gralloc : Free handle(0x7f79604a00)
12-28 13:54:11.247  2587  2904 I Bluetooth_app: HeadsetStateMachine:Disconnected process message: 10, size: 0
12-28 13:54:11.250  2278  6264 I HwPowerMonitor.PowerExceptionObservable: unhandled onEvent actionID: 3002
12-28 13:54:11.250  2278  6264 W HwPowerMonitor.DayActObserver: mModemLogStatsTimes = 0, ModemLogState = 0
12-28 13:54:11.250  2278  6264 W HwPowerMonitor.DayActObserver: BAT_CHANGED, mIsScrnOffBatStatsEnabled = true, mIsCharging = true, mIsScrnOfBatDropMonitorStart = false
12-28 13:54:11.261 16492 16492 E dex2oat : Failed to create oat file: /data/dalvik-cache/arm64/data@app@com.huawei.appmarket-2@base.apk@classes.dex: Permission denied
12-28 13:54:11.261 16492 16492 I dex2oat : dex2oat took 537.500us (threads: 4) 
12-28 13:54:11.263 16475 16475 W art     : Failed execv(/system/bin/dex2oat --runtime-arg -classpath --runtime-arg  --instruction-set=arm64 --instruction-set-features=smp,a53 --runtime-arg -Xrelocate --boot-image=/system/framework/boot.art --runtime-arg -Xms64m --runtime-arg -Xmx512m --instruction-set-variant=generic --instruction-set-features=default --dex-file=/data/app/com.huawei.appmarket-2/base.apk --oat-file=/data/dalvik-cache/arm64/data@app@com.huawei.appmarket-2@base.apk@classes.dex) because non-0 exit status
12-28 13:54:11.330   993  2271 E HsmCoreServiceImpl: onTransact in code is: 102
12-28 13:54:11.330   993  2271 I MediaProcessHandler: processOp opType: 1, uid: 10025, pid: 15820
12-28 13:54:11.330   993  2271 W MediaProcessHandler: remove target not exist, maybe the UI process: uid: 10025, pid: 15820
12-28 13:54:11.436 16475 16475 I PushLogSC2705: [main-1]action is android.intent.action.PACKAGE_REMOVED(appmarket/null:-1)
12-28 13:54:11.446 16475 16519 I PushLogSC2705: [Thread-1837-1837]framework push exist, use framework push first(appmarket/null:-1)
12-28 13:54:11.456  2241  2254 I PgedBinderListener: kstate callback type:8 value1=14562 value2=KILLED
12-28 13:54:11.467   364   419 I gralloc : Alloc req: dev=0x7f8f8c2540, w=16, h=16, format=0x1, usage=0x100
12-28 13:54:11.468   364   419 I gralloc : Alloc handle(0x7f799c7200): interfmt=0x1, stride=64, size=4096
12-28 13:54:11.468 16520 16536 E linker  : readlink('/proc/self/fd/22') failed: Permission denied [fd=22]
12-28 13:54:11.468 16520 16536 E linker  : warning: unable to get realpath for the library "/system/lib/hw/gralloc.hi3650.so". Will use given name.
12-28 13:54:11.470   364  2123 I gralloc : Free handle(0x7f799c7200)
12-28 13:54:11.503 16520 16520 I LogAdaptor: createAppLog, file:/storage/emulated/0/Android/data/com.huawei.hwid/files/Log/HMSCore.log, module:HMSCore
12-28 13:54:11.510 16520 16520 I LogAdaptor: createAppLog, file:/storage/emulated/0/Android/data/com.huawei.hwid/files/Log/HMSCore.log, module:PushLog
12-28 13:54:11.511 16520 16520 E HwID_MainEntry: log has not init finished
12-28 13:54:11.512 16520 16520 E hwid    : log has not init finished
12-28 13:54:11.512 16520 16520 I LogAdaptor: createAppLog, file:/storage/emulated/0/Android/data/com.huawei.hwid/files/Log/HMSCore.log, module:HwID
12-28 13:54:11.513 16520 16520 I mainEntry: init sns hms.
12-28 13:54:11.514 16520 16551 E HwID.VersionUpdateHelper: [Thread-1376{1376}] old version is 1, current version is 1 (LogX.java:88)
12-28 13:54:11.516   993  1078 I AccountManagerService: getTypesVisibleToCaller: isPermitted? true
12-28 13:54:11.517   993  2274 I AccountManagerService: getTypesVisibleToCaller: isPermitted? true
12-28 13:54:11.519 16520 16520 I LogAdaptor: createAppLog, file:/storage/emulated/0/Android/data/com.huawei.hwid/files/Log/HMSCore.log, module:Pay
12-28 13:54:11.520 16520 16520 I PushLogSC2816_hwid: [main-1]action is android.intent.action.PACKAGE_REMOVED(hwid/null:-1)
12-28 13:54:11.521 16520 16551 E HwID.AES128_CBC: [Thread-1376{1376}] length=32; regionStart=32; regionLength=16 (LogX.java:88)
12-28 13:54:11.522 16520 16551 E HwID.AES128_CBC: [Thread-1376{1376}] length=32; index=48 (LogX.java:88)
12-28 13:54:11.524 16520 16553 I PushLogSC2816_hwid: [Thread-1377-1377]votedPackage from file:android(hwid/null:-1)
12-28 13:54:11.525   993  1538 I AccountManagerService: getTypesVisibleToCaller: isPermitted? true
12-28 13:54:11.526 16520 16553 I PushLogSC2816_hwid: [Thread-1377-1377]framework push exist, use framework push first(hwid/null:-1)
12-28 13:54:11.526   993  1538 I AccountManagerService: getTypesVisibleToCaller: isPermitted? true
12-28 13:54:11.528 16520 16553 I PushLogSC2816_hwid: [Thread-1377-1377]not box version!(hwid/null:-1)
12-28 13:54:11.529 16520 16551 E HwID.AES128_CBC: [Thread-1376{1376}] length=32; regionStart=32; regionLength=16 (LogX.java:88)
12-28 13:54:11.529 16520 16551 E HwID.AES128_CBC: [Thread-1376{1376}] length=32; index=48 (LogX.java:88)
12-28 13:54:11.544  2241  4322 I PgedBinderListener: kstate callback type:8 value1=12220 value2=KILLED
12-28 13:54:11.565   993  2274 E HsmCoreServiceImpl: onTransact in code is: 102
12-28 13:54:11.565   993  2274 I MediaProcessHandler: processOp opType: 1, uid: 10015, pid: 14562
12-28 13:54:11.565   993  2274 W MediaProcessHandler: remove target not exist, maybe the UI process: uid: 10015, pid: 14562
12-28 13:54:11.566   364  2092 I gralloc : Alloc req: dev=0x7f8f8c2540, w=16, h=16, format=0x1, usage=0x100
12-28 13:54:11.566   364  2092 I gralloc : Alloc handle(0x7f7970d100): interfmt=0x1, stride=64, size=4096
12-28 13:54:11.571 16556 16569 E linker  : readlink('/proc/self/fd/22') failed: Permission denied [fd=22]
12-28 13:54:11.571 16556 16569 E linker  : warning: unable to get realpath for the library "/system/lib/hw/gralloc.hi3650.so". Will use given name.
12-28 13:54:11.573   364  2123 I gralloc : Free handle(0x7f7970d100)
12-28 13:54:11.601 16556 16556 I MultiDex: VM with version 2.1.0 has multidex support
12-28 13:54:11.601 16556 16556 I MultiDex: install
12-28 13:54:11.601 16556 16556 I MultiDex: VM has multidex support, MultiDex support library is disabled.
12-28 13:54:11.606 16556 16556 I MyCrashHandler: 10128302|init()
12-28 13:54:11.608  3812  3812 I DE_SynCloudService: 10128302|onStartCommand 
12-28 13:54:11.608  3812  3812 I DE_NewStatService: 10128302|newStat() null == newStatDataId || newStatDataId.isEmpty()
12-28 13:54:11.610 16556 16556 I PushLogSC2705: [main-1]action is android.intent.action.PACKAGE_REMOVED(health/null:-1)
12-28 13:54:11.611  3812  3812 I DE_SynCloudService: 10128302|biData  !userAgreementStatus
12-28 13:54:11.617  2241  2254 I PgedBinderListener: kstate callback type:8 value1=14263 value2=KILLED
12-28 13:54:11.617 16556 16579 I PushLogSC2705: [Thread-1374-1374]framework push exist, use framework push first(health/null:-1)
12-28 13:54:11.618  2241  4322 I PgedBinderListener: kstate callback type:8 value1=12220 value2=KILLED
12-28 13:54:11.636   993  1753 E HsmCoreServiceImpl: onTransact in code is: 102
12-28 13:54:11.636   993  1753 I MediaProcessHandler: processOp opType: 1, uid: 10009, pid: 14263
12-28 13:54:11.636   993  1753 W MediaProcessHandler: remove target not exist, maybe the UI process: uid: 10009, pid: 14263
12-28 13:54:11.656   364   492 I gralloc : Alloc req: dev=0x7f8f8c2540, w=16, h=16, format=0x1, usage=0x100
12-28 13:54:11.656   364   492 I gralloc : Alloc handle(0x7f7970d500): interfmt=0x1, stride=64, size=4096
12-28 13:54:11.657 16583 16596 E linker  : readlink('/proc/self/fd/23') failed: Permission denied [fd=23]
12-28 13:54:11.657 16583 16596 E linker  : warning: unable to get realpath for the library "/system/lib64/hw/gralloc.hi3650.so". Will use given name.
12-28 13:54:11.659   364  2092 I gralloc : Free handle(0x7f7970d500)
12-28 13:54:11.665  2241  2256 I PgedBinderListener: kstate callback type:8 value1=14263 value2=KILLED
12-28 13:54:11.669   993  2271 E HsmCoreServiceImpl: onTransact in code is: 102
12-28 13:54:11.669   993  2271 I MediaProcessHandler: processOp opType: 1, uid: 10009, pid: 12220
12-28 13:54:11.669   993  2271 W MediaProcessHandler: remove target not exist, maybe the UI process: uid: 10009, pid: 12220
12-28 13:54:11.716 16583 16583 I PushLogSC2609: [main-1]action is android.intent.action.PACKAGE_REMOVED(ds/null:-1)
12-28 13:54:11.722  2241  2254 I PgedBinderListener: kstate callback type:8 value1=14533 value2=KILLED
12-28 13:54:11.731 16583 16621 I PushLogSC2609: [Thread-1837-1837]framework push exist, use framework push first(ds/null:-1)
12-28 13:54:11.764   364   419 I gralloc : Alloc req: dev=0x7f8f8c2540, w=16, h=16, format=0x1, usage=0x100
12-28 13:54:11.764   364   419 I gralloc : Alloc handle(0x7f79604500): interfmt=0x1, stride=64, size=4096
12-28 13:54:11.765 16622 16638 E linker  : readlink('/proc/self/fd/23') failed: Permission denied [fd=23]
12-28 13:54:11.765 16622 16638 E linker  : warning: unable to get realpath for the library "/system/lib64/hw/gralloc.hi3650.so". Will use given name.
12-28 13:54:11.769   364  2123 I gralloc : Free handle(0x7f79604500)
12-28 13:54:11.831 16643 16643 E dex2oat : Failed to create oat file: /data/dalvik-cache/arm64/data@app@com.huawei.android.remotecontrol-1@base.apk@classes.dex: Permission denied
12-28 13:54:11.831 16643 16643 I dex2oat : dex2oat took 484.375us (threads: 4) 
12-28 13:54:11.831   993  1583 E HsmCoreServiceImpl: onTransact in code is: 102
12-28 13:54:11.831   993  1583 I MediaProcessHandler: processOp opType: 1, uid: 10022, pid: 14533
12-28 13:54:11.831   993  1583 W MediaProcessHandler: remove target not exist, maybe the UI process: uid: 10022, pid: 14533
12-28 13:54:11.832 16622 16622 W art     : Failed execv(/system/bin/dex2oat --runtime-arg -classpath --runtime-arg  --instruction-set=arm64 --instruction-set-features=smp,a53 --runtime-arg -Xrelocate --boot-image=/system/framework/boot.art --runtime-arg -Xms64m --runtime-arg -Xmx512m --instruction-set-variant=generic --instruction-set-features=default --dex-file=/data/app/com.huawei.android.remotecontrol-1/base.apk --oat-file=/data/dalvik-cache/arm64/data@app@com.huawei.android.remotecontrol-1@base.apk@classes.dex) because non-0 exit status
12-28 13:54:11.873   993   993 I TrafficMonitor: update:rxPkts:1,txPkts:1,rxBytes:40,txBytes:40
12-28 13:54:11.873   993   993 I TrafficMonitor: start expired. level:-1
12-28 13:54:11.873   993   993 I TrafficMonitor: gettimer:interval=2000
12-28 13:54:12.017   366   370 E tee_get_app_cert: cannot find package:system_server
12-28 13:54:12.017   366   370 E tee_get_app_cert: get certs for app failed
12-28 13:54:12.052   366   370 I teecd   : Waiting for a connection...
12-28 13:54:12.262   366   370 E tee_get_app_cert: cannot find package:system_server
12-28 13:54:12.262   366   370 E tee_get_app_cert: get certs for app failed
12-28 13:54:12.262 16320 16408 I HwSystemManager: PermissionDBAdapter:refreshAppList, all size:227, new apps:[]
12-28 13:54:12.270 16320 16408 I HwSystemManager: PermissionDBAdapter:delete permission record:com.koudle.andyogaexample
12-28 13:54:12.287  1724  2793 I HwSystemManager: PermissionDBAdapter:remove from runtim table:com.koudle.andyogaexample
12-28 13:54:12.287  1724 16646 I HwSystemManager: PermissionDBAdapter:refreshAppList begin refreshAppList. reason:data changed, db items size:110
12-28 13:54:12.287  1724 16646 I HwSystemManager: HsmPackageManager:get all installed packages, flag:0, size:227
12-28 13:54:12.288  1724  2793 W HwSystemManager: PermissionDBAdapter:remove from runtim table:com.koudle.andyogaexample, not deleted.
12-28 13:54:12.289 16320 16647 I HwSystemManager: PermissionDBAdapter:refreshAppList begin refreshAppList. reason:data changed, db items size:110
12-28 13:54:12.289 16320 16647 I HwSystemManager: HsmPackageManager:get all installed packages, flag:0, size:227
12-28 13:54:12.291 16320 16408 I HwSystemManager: PermissionDbVisitor:removeHistoryRecord,pkgName:com.koudle.andyogaexample, delete count:0
12-28 13:54:12.292 16320 16408 I SendBroadcastPermission: action:PACKAGE_ADDED_OR_REMOVED, mPermissionType:0
12-28 13:54:12.296   530   530 E Thermal-daemon: [flash_led] temp_new :35  temp_old :34
12-28 13:54:12.296   530   530 E Thermal-daemon: Report temperature: [flash_led] temp :35  report_threshold:1
12-28 13:54:12.297   530   530 E Thermal-daemon: [ap] temp_new :35  temp_old :34
12-28 13:54:12.297   530   530 E Thermal-daemon: Report temperature: [ap] temp :35  report_threshold:1
12-28 13:54:12.297  2241  3242 W ThermalStateManager: warning: no config thermal type:3 temperature:35
12-28 13:54:12.309   366   370 I teecd   : Waiting for a connection...
12-28 13:54:12.349  2241  3244 W AppsCleanUp: frequently crash process:com.svox.pico time:6991165ms, crash:40 uid:10025
12-28 13:54:12.351  2241  4322 I PgedBinderListener: kstate callback type:8 value1=15621 value2=KILLED
12-28 13:54:12.363   364  2092 I gralloc : Alloc req: dev=0x7f8f8c2540, w=16, h=16, format=0x1, usage=0x100
12-28 13:54:12.364   364  2092 I gralloc : Alloc handle(0x7f7970d500): interfmt=0x1, stride=64, size=4096
12-28 13:54:12.364 16648 16661 E linker  : readlink('/proc/self/fd/22') failed: Permission denied [fd=22]
12-28 13:54:12.364 16648 16661 E linker  : warning: unable to get realpath for the library "/system/lib/hw/gralloc.hi3650.so". Will use given name.
12-28 13:54:12.366   364   419 I gralloc : Free handle(0x7f7970d500)
12-28 13:54:12.369  1724 16646 I HwSystemManager: PermissionDBAdapter:refreshAppList, all size:227, new apps:[]
12-28 13:54:12.374 16320 16647 I HwSystemManager: PermissionDBAdapter:refreshAppList, all size:227, new apps:[]
12-28 13:54:12.389   993  2274 E libteec : invoke cmd failed, code=0xffff7106, origin=3
12-28 13:54:12.389   993  2274 E huawei_antiTheft: invoke command 20002 failed, code=0xffff7106, origin=0x3 , type=0x1 in huawei_antiTheft_getFileSize
12-28 13:54:12.389   993  2274 E HwAntiTheftService_jni: native_read getFileSize fail
12-28 13:54:12.396  2241  2256 I PgedBinderListener: kstate callback type:8 value1=16252 value2=KILLED
12-28 13:54:12.400  2241  2254 I PgedBinderListener: kstate callback type:8 value1=15621 value2=KILLED
12-28 13:54:12.413 16622 16622 E 9.1.0.300-hisync.STUtils: decrypterCbc Exceptionjava.lang.IllegalArgumentException: input.length=0; inputOffset=16; inputLen=-16
12-28 13:54:12.414 16622 16622 E 9.1.0.300-hisync.STUtils: decrypterCbc Exceptionjava.lang.IllegalArgumentException: input.length=0; inputOffset=16; inputLen=-16
12-28 13:54:12.414 16622 16622 E 9.1.0.300-hisync.STUtils: decrypterCbc Exceptionjava.lang.IllegalArgumentException: input.length=0; inputOffset=16; inputLen=-16
12-28 13:54:12.414 16622 16622 E 9.1.0.300-hisync.STUtils: decrypterCbc Exceptionjava.lang.IllegalArgumentException: input.length=0; inputOffset=16; inputLen=-16
12-28 13:54:12.415 16622 16622 E 9.1.0.300-hisync.STUtils: decrypterCbc Exceptionjava.lang.IllegalArgumentException: input.length=0; inputOffset=16; inputLen=-16
12-28 13:54:12.421 16622 16622 I PushLogSC2609: [main-1]action is android.intent.action.PACKAGE_REMOVED(remotecontrol/null:-1)
12-28 13:54:12.429  2241  4322 I PgedBinderListener: kstate callback type:8 value1=15214 value2=KILLED
12-28 13:54:12.431  2241  2256 I PgedBinderListener: kstate callback type:8 value1=15621 value2=KILLED
12-28 13:54:12.434 16622 16665 I PushLogSC2609: [Thread-1821-1821]framework push exist, use framework push first(remotecontrol/null:-1)
12-28 13:54:12.445   993  1583 E HsmCoreServiceImpl: onTransact in code is: 102
12-28 13:54:12.445   993  1583 I MediaProcessHandler: processOp opType: 1, uid: 10014, pid: 15621
12-28 13:54:12.445   993  1583 W MediaProcessHandler: remove target not exist, maybe the UI process: uid: 10014, pid: 15621
12-28 13:54:12.447  2241  2254 I PgedBinderListener: kstate callback type:8 value1=16252 value2=KILLED
12-28 13:54:12.471   364   421 I gralloc : Alloc req: dev=0x7f8f8c2540, w=16, h=16, format=0x1, usage=0x100
12-28 13:54:12.471   364   421 I gralloc : Alloc handle(0x7f79604a00): interfmt=0x1, stride=64, size=4096
12-28 13:54:12.472 16667 16683 E linker  : readlink('/proc/self/fd/23') failed: Permission denied [fd=23]
12-28 13:54:12.472 16667 16683 E linker  : warning: unable to get realpath for the library "/system/lib64/hw/gralloc.hi3650.so". Will use given name.
12-28 13:54:12.474   364  2092 I gralloc : Free handle(0x7f79604a00)
12-28 13:54:12.481  2951  2951 E NetworkScheduler.SR: Invalid parameter app
12-28 13:54:12.481  2951  2951 E NetworkScheduler.SR: Invalid package name : Perhaps you didn't include a PendingIntent in the extras?
12-28 13:54:12.487   993  1075 E HsmCoreServiceImpl: onTransact in code is: 102
12-28 13:54:12.487   993  1075 I MediaProcessHandler: processOp opType: 1, uid: 10002, pid: 16252
12-28 13:54:12.487   993  1075 W MediaProcessHandler: remove target not exist, maybe the UI process: uid: 10002, pid: 16252
12-28 13:54:12.489  2241  4322 I PgedBinderListener: kstate callback type:8 value1=15214 value2=KILLED
12-28 13:54:12.511   993  2209 E HsmCoreServiceImpl: onTransact in code is: 102
12-28 13:54:12.511   993  2209 I MediaProcessHandler: processOp opType: 1, uid: 10004, pid: 15214
12-28 13:54:12.511   993  2209 W MediaProcessHandler: remove target not exist, maybe the UI process: uid: 10004, pid: 15214
12-28 13:54:12.704   364   421 I gralloc : Alloc req: dev=0x7f8f8c2540, w=16, h=16, format=0x1, usage=0x100
12-28 13:54:12.704   364   421 I gralloc : Alloc handle(0x7f799c7e00): interfmt=0x1, stride=64, size=4096
12-28 13:54:12.706 16795 16814 E linker  : readlink('/proc/self/fd/23') failed: Permission denied [fd=23]
12-28 13:54:12.706 16795 16814 E linker  : warning: unable to get realpath for the library "/system/lib64/hw/gralloc.hi3650.so". Will use given name.
12-28 13:54:12.710   364  2092 I gralloc : Free handle(0x7f799c7e00)
12-28 13:54:12.723 16795 16795 W System  : ClassLoader referenced unknown path: /system/priv-app/GoogleServicesFramework/lib/arm64
12-28 13:54:12.737 16795 16795 I GservicesProvider: Gservices pushing to system: true; secure/global: true
12-28 13:54:12.803 16795 16795 I GoogleHttpClient: GMS http client unavailable, use old client
12-28 13:54:12.810   993  1756 I AccountManagerService: getTypesVisibleToCaller: isPermitted? true
12-28 13:54:12.824 16667 16667 W linker  : /data/app/com.google.android.gms-2/lib/arm64/libgmscore.so: unused DT entry: type 0x7ffffffd arg 0x885
12-28 13:54:12.848 16667 16667 W linker  : /data/app/com.google.android.gms-2/lib/arm64/libconscrypt_gmscore_jni.so: unused DT entry: type 0x1d arg 0x80
12-28 13:54:12.848 16667 16667 W linker  : /data/app/com.google.android.gms-2/lib/arm64/libconscrypt_gmscore_jni.so: unused DT entry: type 0x7ffffffd arg 0x169
12-28 13:54:12.881 16667 16667 I art     : Rejecting re-init on previously-failed class java.lang.Class<com.google.android.gms.org.conscrypt.OpenSSLExtendedSessionImpl>
12-28 13:54:12.881 16667 16667 I art     : Rejecting re-init on previously-failed class java.lang.Class<com.google.android.gms.org.conscrypt.OpenSSLExtendedSessionImpl>
12-28 13:54:12.990  2241  2256 I PgedBinderListener: kstate callback type:8 value1=16276 value2=KILLED
12-28 13:54:13.003   993  2240 E HsmCoreServiceImpl: onTransact in code is: 102
12-28 13:54:13.003   993  2240 I MediaProcessHandler: processOp opType: 1, uid: 10011, pid: 16276
12-28 13:54:13.004   993  2240 W MediaProcessHandler: remove target not exist, maybe the UI process: uid: 10011, pid: 16276
12-28 13:54:13.028   364  2123 I gralloc : Alloc req: dev=0x7f8f8c2540, w=16, h=16, format=0x1, usage=0x100
12-28 13:54:13.028   364  2123 I gralloc : Alloc handle(0x7f79604500): interfmt=0x1, stride=64, size=4096
12-28 13:54:13.029 16823 16838 E linker  : readlink('/proc/self/fd/22') failed: Permission denied [fd=22]
12-28 13:54:13.029 16823 16838 E linker  : warning: unable to get realpath for the library "/system/lib/hw/gralloc.hi3650.so". Will use given name.
12-28 13:54:13.031   364   492 I gralloc : Free handle(0x7f79604500)
12-28 13:54:13.120 16667 16822 I FA-SVC  : App measurement is starting up, version: 9683
12-28 13:54:13.120 16667 16822 I FA-SVC  : To enable debug logging run: adb shell setprop log.tag.FA VERBOSE
12-28 13:54:13.131 16667 16850 E BaseAppContext: Tried to stop global GMSCore RequestQueue. This is likely unintended, so ignoring.
12-28 13:54:13.135 16667 16822 I FA-SVC  : To enable faster debug mode event logging run:
12-28 13:54:13.135 16667 16822 I FA-SVC  :   adb shell setprop firebase.analytics.debug-mode com.google.android.gms
12-28 13:54:13.144 16667 16822 I HwCust  : Constructor found for class android.app.HwCustAlarmManagerImpl
12-28 13:54:13.156 16667 16932 I FA-SVC  : This instance being marked as an uploader
12-28 13:54:13.162 16823 16823 E DexLoadOat: Success
12-28 13:54:13.206 16667 16934 I Icing   : Storage manager: low false usage 92.11MB avail 5.95GB capacity 24.63GB
12-28 13:54:13.217 16823 16823 I System  : core_booster, getBoosterConfig = false
12-28 13:54:13.249 16823 16968 W ResourceType: For resource 0x7f0b0442, entry index(1090) is beyond type entryCount(1090)
12-28 13:54:13.249 16823 16968 W ResourceType: Failure getting entry for 0x7f0b0442 (t=10 e=1090) (error -75)
12-28 13:54:13.265 16823 16823 W beacon  : get app channel fail!
12-28 13:54:13.285 16667 16904 W DriveInitializer: Awaiting to be initialized
12-28 13:54:13.286 16667 17008 W DriveInitializer: Background init thread started
12-28 13:54:13.297   993  2274 I AccountManagerService: getTypesVisibleToCaller: isPermitted? true
12-28 13:54:13.301   993  1078 I SendBroadcastPermission: action:android.intent.action.SIG_STR, mPermissionType:0
12-28 13:54:13.309  1576  1633 I HwMobileSignalController: subId:0 phoneType:2 networktype:13 targetClass:3 masterLevel:3 slaveLevel:4
12-28 13:54:13.332 16667 17013 W IcingInternalCorpora: getNumBytesRead when not calculated.
12-28 13:54:13.335 16667 17008 W DriveInitializer: Background init thread ended
12-28 13:54:13.348 16667 17013 I SendBroadcastPermission: action:com.google.android.gms.icing.action.CONTACT_CHANGED, mPermissionType:0
12-28 13:54:13.393 16823 16823 I native_eup: Java_com_tencent_feedback_eup_jni_NativeExceptionUpload_registNativeExceptionHandler2 start
12-28 13:54:13.393 16823 16823 I native_eup: JARJNIVERSION:1
12-28 13:54:13.393 16823 16823 I native_eup: found native exception upload!
12-28 13:54:13.393 16823 16823 I native_eup: found native exception handler!
12-28 13:54:13.393 16823 16823 I native_eup: regist handler start procType 1 , level 23 , tombDir:/data/user/0/com.tencent.mobileqq/app_tombs
12-28 13:54:13.393 16823 16823 I native_eup: registSignal start
12-28 13:54:13.393 16823 16823 I native_eup: registSignal end
12-28 13:54:13.393 16823 16823 I native_eup: regist handler end
12-28 13:54:13.393 16823 16823 I native_eup: Java_com_tencent_feedback_eup_jni_NativeExceptionUpload_registNativeExceptionHandler end
12-28 13:54:13.393 16823 16823 I native_eup: NativeRQDVersion:testbuildnum
12-28 13:54:13.393 16823 16823 I native_eup: Java_com_tencent_feedback_eup_jni_NativeExceptionUpload_registNativeExceptionHandler2 start
12-28 13:54:13.393 16823 16823 I native_eup: JARJNIVERSION:0
12-28 13:54:13.393 16823 16823 I native_eup: found native exception upload!
12-28 13:54:13.393 16823 16823 I native_eup: found native exception handler!
12-28 13:54:13.393 16823 16823 I native_eup: regist handler start procType 1 , level 23 , tombDir:/data/user/0/com.tencent.mobileqq/app_tombs
12-28 13:54:13.393 16823 16823 I native_eup: registSignal start
12-28 13:54:13.393 16823 16823 I native_eup: registSignal end
12-28 13:54:13.393 16823 16823 I native_eup: regist handler end
12-28 13:54:13.393 16823 16823 I native_eup: Java_com_tencent_feedback_eup_jni_NativeExceptionUpload_registNativeExceptionHandler end
12-28 13:54:13.393 16823 16823 I native_eup: NativeRQDVersion:testbuildnum
12-28 13:54:13.399 16823 16823 E QQAppInterface: laResult: 15, verifyResult: 15
12-28 13:54:13.413 16823 16823 I mqq     : [AppRuntime]ToolAppRuntime (*9339) onCreate,savedInstanceState=null
12-28 13:54:13.415 16823 17083 I SendBroadcastPermission: action:com.tencent.mobileqq.msf.startmsf, mPermissionType:0
12-28 13:54:13.419 16823 16823 I SendBroadcastPermission: action:mqq.intent.action.LAUNCH_com.tencent.mobileqq:tool, mPermissionType:0
12-28 13:54:13.435 16823 17097 E linker  : readlink('/proc/self/fd/48') failed: Permission denied [fd=48]
12-28 13:54:13.435 16823 17097 E linker  : warning: unable to get realpath for the library "/data/user/0/com.tencent.mobileqq/lib/libGIFEngine.so". Will use given name.
12-28 13:54:13.457  2241  2254 I PgedBinderListener: kstate callback type:8 value1=16298 value2=KILLED
12-28 13:54:13.470   364   419 I gralloc : Alloc req: dev=0x7f8f8c2540, w=16, h=16, format=0x1, usage=0x100
12-28 13:54:13.470   364   419 I gralloc : Alloc handle(0x7f7970d500): interfmt=0x1, stride=64, size=4096
12-28 13:54:13.471 17107 17128 E linker  : readlink('/proc/self/fd/22') failed: Permission denied [fd=22]
12-28 13:54:13.471 17107 17128 E linker  : warning: unable to get realpath for the library "/system/lib/hw/gralloc.hi3650.so". Will use given name.
12-28 13:54:13.472   364  2123 I gralloc : Free handle(0x7f7970d500)
12-28 13:54:13.495 28584 29296 I MSF.S.AppProcessManager: onRegisterApp process=com.tencent.mobileqq:tool processBootName= appid=537048938 callback=com.tencent.qphone.base.remote.IMsfServiceCallbacker$Stub$Proxy@a39bd12
12-28 13:54:13.506 28584 28949 I MSF.S.AppProcessManager: onRegisterApp process=com.tencent.mobileqq:tool processBootName= appid=537048938 callback=com.tencent.qphone.base.remote.IMsfServiceCallbacker$Stub$Proxy@1d2ce3
12-28 13:54:13.509 17107 17107 I MultiDex: VM with version 2.1.0 has multidex support
12-28 13:54:13.509 17107 17107 I MultiDex: install
12-28 13:54:13.509 17107 17107 I MultiDex: VM has multidex support, MultiDex support library is disabled.
12-28 13:54:13.519 16667 16934 I Icing   : MaintenanceDriver: Registering all GCM Tasks.
12-28 13:54:13.523   993  2251 E HsmCoreServiceImpl: onTransact in code is: 102
12-28 13:54:13.523   993  2251 I MediaProcessHandler: processOp opType: 1, uid: 10013, pid: 16298
12-28 13:54:13.523   993  2251 W MediaProcessHandler: remove target not exist, maybe the UI process: uid: 10013, pid: 16298
12-28 13:54:13.532 17107 17107 I SDKSupportProvider: SDKSupportProvider Create
12-28 13:54:13.557 16667 16934 W InstanceID/Rpc: Found 10009
12-28 13:54:13.560 16667 16934 I SendBroadcastPermission: action:com.google.android.gms.gcm.ACTION_SCHEDULE, mPermissionType:0
12-28 13:54:13.615 16823 17089 E art     : No implementation found for int oicq.wlogin_sdk.tools.EcdhCrypt.GenECDHKeyEx(java.lang.String, java.lang.String, java.lang.String) (tried Java_oicq_wlogin_1sdk_tools_EcdhCrypt_GenECDHKeyEx and Java_oicq_wlogin_1sdk_tools_EcdhCrypt_GenECDHKeyEx__Ljava_lang_String_2Ljava_lang_String_2Ljava_lang_String_2)
12-28 13:54:13.622   993  2240 I AccountManagerService: getTypesVisibleToCaller: isPermitted? true
12-28 13:54:13.672  1724 10695 I HwSystemManager: PermissionDbVisitor:insertHistoryRecord:HistoryRecord[packageName:com.youku.phone,permissionType:8,action:10,dateStartTime:1482854400000,timestamp:1482904453672]
12-28 13:54:13.674   993  1453 E HwOldGpsLogServices: GPS permission denied!
12-28 13:54:13.674   993  2209 I LocationManagerService: getLastLocation: Request[POWER_LOW network requested=0 fastest=0 num=1]
12-28 13:54:13.687  1724 10695 I HwSystemManager: PermissionDbVisitor:insertHistoryRecord:HistoryRecord[packageName:com.youku.phone,permissionType:8,action:10,dateStartTime:1482854400000,timestamp:1482904453687]
12-28 13:54:13.698 28584 28995 W beacon  : onUserAction return false, because eventName:[dim.Msf.AppConnectFail] is not allowed in server strategy!
12-28 13:54:13.700 28584 28995 W beacon  : onUserAction return false, because eventName:[dim.Msf.AppConnectFail] is not allowed in server strategy!
12-28 13:54:13.702 28584 28995 W beacon  : onUserAction return false, because eventName:[loadSoNew] is not allowed in server strategy!
12-28 13:54:13.705 28584 28995 W beacon  : onUserAction return false, because eventName:[loadSoOld] is not allowed in server strategy!
12-28 13:54:13.728 17107 17107 I art     : Rejecting re-init on previously-failed class java.lang.Class<com.ut.mini.core.WVUserTrack>
12-28 13:54:13.729 17107 17107 I art     : Rejecting re-init on previously-failed class java.lang.Class<com.ut.mini.core.WVUserTrack>
12-28 13:54:13.760 17107 17271 I System  : core_booster, getBoosterConfig = false
12-28 13:54:13.776 17107 17271 I HwCust  : Constructor found for class android.app.HwCustAlarmManagerImpl
12-28 13:54:13.799 17107 17273 E linker  : readlink('/proc/self/fd/38') failed: Permission denied [fd=38]
12-28 13:54:13.799 17107 17273 E linker  : warning: unable to get realpath for the library "/data/app/com.youku.phone-1/lib/arm/libminizip.so". Will use given name.
12-28 13:54:13.800  2241  4322 I PgedBinderListener: kstate callback type:8 value1=16387 value2=KILLED
12-28 13:54:13.815  1724  8737 I HwSystemManager: PermissionDbVisitor:insertHistoryRecord:HistoryRecord[packageName:com.youku.phone,permissionType:8,action:10,dateStartTime:1482854400000,timestamp:1482904453814]
12-28 13:54:13.816 12815 12815 W System.err: android.content.pm.PackageManager$NameNotFoundException: ComponentInfo{com.alibaba.android.rimet/com.taobao.accs.ChannelService}
12-28 13:54:13.817 12815 12815 W System.err: 	at android.app.ApplicationPackageManager.getServiceInfo(ApplicationPackageManager.java:389)
12-28 13:54:13.817 12815 12815 W System.err: 	at com.taobao.accs.utl.UtilityImpl.getServiceEnabled(UtilityImpl.java:132)
12-28 13:54:13.817 12815 12815 W System.err: 	at com.taobao.accs.internal.ReceiverImpl.onReceive(ReceiverImpl.java:23)
12-28 13:54:13.817   993  1453 E HwOldGpsLogServices: GPS permission denied!
12-28 13:54:13.817 12815 12815 W System.err: 	at com.taobao.accs.base.BaseReceiver.onReceive(BaseReceiver.java:36)
12-28 13:54:13.817 12815 12815 W System.err: 	at android.app.ActivityThread.handleReceiver(ActivityThread.java:2788)
12-28 13:54:13.817 12815 12815 W System.err: 	at android.app.ActivityThread.access$1800(ActivityThread.java:168)
12-28 13:54:13.817 12815 12815 W System.err: 	at android.app.ActivityThread$H.handleMessage(ActivityThread.java:1456)
12-28 13:54:13.817 12815 12815 W System.err: 	at android.os.Handler.dispatchMessage(Handler.java:102)
12-28 13:54:13.817 12815 12815 W System.err: 	at android.os.Looper.loop(Looper.java:150)
12-28 13:54:13.817 12815 12815 W System.err: 	at android.app.ActivityThread.main(ActivityThread.java:5665)
12-28 13:54:13.817 12815 12815 W System.err: 	at java.lang.reflect.Method.invoke(Native Method)
12-28 13:54:13.817 12815 12815 W System.err: 	at com.android.internal.os.ZygoteInit$MethodAndArgsCaller.run(ZygoteInit.java:822)
12-28 13:54:13.817 12815 12815 W System.err: 	at com.android.internal.os.ZygoteInit.main(ZygoteInit.java:712)
12-28 13:54:13.817 17107 17273 I MMS     : com.koudle.andyogaexample ACTION=0
12-28 13:54:13.818 17107 17260 I System  : core_booster, getBoosterConfig = false
12-28 13:54:13.820 12815 12815 E accs.UtilityImpl:  android.app.ApplicationPackageManager.getServiceInfo(ApplicationPackageManager.java:389)
12-28 13:54:13.820 12815 12815 E accs.UtilityImpl: com.taobao.accs.utl.UtilityImpl.getServiceEnabled(UtilityImpl.java:132)
12-28 13:54:13.820 12815 12815 E accs.UtilityImpl: com.taobao.accs.internal.ReceiverImpl.onReceive(ReceiverImpl.java:23)
12-28 13:54:13.820 12815 12815 E accs.UtilityImpl: com.taobao.accs.base.BaseReceiver.onReceive(BaseReceiver.java:36)
12-28 13:54:13.820 12815 12815 E accs.UtilityImpl: android.app.ActivityThread.handleReceiver(ActivityThread.java:2788)
12-28 13:54:13.820 12815 12815 E accs.UtilityImpl: android.app.ActivityThread.access$1800(ActivityThread.java:168)
12-28 13:54:13.820 12815 12815 E accs.UtilityImpl: android.app.ActivityThread$H.handleMessage(ActivityThread.java:1456)
12-28 13:54:13.820 12815 12815 E accs.UtilityImpl: android.os.Handler.dispatchMessage(Handler.java:102)
12-28 13:54:13.820 12815 12815 E accs.UtilityImpl: android.os.Looper.loop(Looper.java:150)
12-28 13:54:13.820 12815 12815 E accs.UtilityImpl: android.app.ActivityThread.main(ActivityThread.java:5665)
12-28 13:54:13.820 12815 12815 E accs.UtilityImpl: java.lang.reflect.Method.invoke(Native Method)
12-28 13:54:13.820 12815 12815 E accs.UtilityImpl: com.android.internal.os.ZygoteInit$MethodAndArgsCaller.run(ZygoteInit.java:822)
12-28 13:54:13.820 12815 12815 E accs.UtilityImpl: com.android.internal.os.ZygoteInit.main(ZygoteInit.java:712)
12-28 13:54:13.820 12815 12815 I Process : Sending signal. PID: 12815 SIG: 9
12-28 13:54:13.820  2241  2256 I PgedBinderListener: kstate callback type:8 value1=12815 value2=KILLED
12-28 13:54:13.823  2241  2254 I PgedBinderListener: kstate callback type:8 value1=16387 value2=KILLED
12-28 13:54:13.824   993  1451 E WifiConfigStore: updateConfiguration freq=5765 BSSID=64:f6:9d:39:c9:ce RSSI=-53 "Tencent-StaffWiFi"NONE
12-28 13:54:13.875   993   993 I TrafficMonitor: update:rxPkts:8,txPkts:11,rxBytes:1051,txBytes:1864
12-28 13:54:13.875   993   993 I TrafficMonitor: start expired. level:-1
12-28 13:54:13.875   993   993 I TrafficMonitor: gettimer:interval=2000
12-28 13:54:13.876   993  2234 I SendBroadcastPermission: action:android.intent.action.SIG_STR, mPermissionType:0
12-28 13:54:13.878  1576  1633 I HwMobileSignalController: subId:1 phoneType:1 networktype:2 targetClass:1 masterLevel:2 slaveLevel:-1
12-28 13:54:13.890   993  2271 E HsmCoreServiceImpl: onTransact in code is: 102
12-28 13:54:13.890   993  2271 W MediaProcessHandler: processOp uid 1000 is not concerned!
12-28 13:54:13.891   993  1451 E WifiConfigStore: updateConfiguration freq=5765 BSSID=64:f6:9d:39:c9:ce RSSI=-51 "Tencent-StaffWiFi"NONE
12-28 13:54:13.893   993   993 I QosMonitor: queryRtt: rtt_type = 3
12-28 13:54:13.893   993   993 I WifiProJNI: ######### GET RTT:3 ########
12-28 13:54:13.893   993  1495 I QosMonitor: postEventFromNative: msg=100,arg1=4,arg2=9
